Java HotSpot(TM) 64-Bit Server VM (25.171-b11) for windows-amd64 JRE (1.8.0_171-b11), built on Mar 28 2018 16:06:12 by "java_re" with MS VC++ 10.0 (VS2010)
Memory: 4k page, physical 16687584k(9790052k free), swap 19177952k(7738244k free)
CommandLine flags: -XX:InitialHeapSize=536870912 -XX:MaxHeapSize=536870912 -XX:MaxNewSize=178958336 -XX:MaxTenuringThreshold=6 -XX:NewSize=178958336 -XX:OldPLABSize=16 -XX:OldSize=357912576 -XX:+PrintGC -XX:+PrintGCDateStamps -XX:+PrintGCDetails -XX:+PrintGCTimeStamps -XX:+UseCompressedClassPointers -XX:+UseCompressedOops -XX:+UseConcMarkSweepGC -XX:-UseLargePagesIndividualAllocation -XX:+UseParNewGC 
2020-10-28T19:17:28.674+0800: 0.156: [GC (Allocation Failure) 2020-10-28T19:17:28.674+0800: 0.156: [ParNew: 139776K->17471K(157248K), 0.0097840 secs] 139776K->49563K(506816K), 0.0099429 secs] [Times: user=0.03 sys=0.03, real=0.01 secs] 
2020-10-28T19:17:28.705+0800: 0.187: [GC (Allocation Failure) 2020-10-28T19:17:28.705+0800: 0.187: [ParNew: 157247K->17472K(157248K), 0.0156928 secs] 189339K->98307K(506816K), 0.0157748 secs] [Times: user=0.05 sys=0.00, real=0.02 secs] 
2020-10-28T19:17:28.740+0800: 0.222: [GC (Allocation Failure) 2020-10-28T19:17:28.740+0800: 0.222: [ParNew: 157248K->17472K(157248K), 0.0183334 secs] 238083K->136835K(506816K), 0.0184019 secs] [Times: user=0.06 sys=0.00, real=0.02 secs] 
2020-10-28T19:17:28.778+0800: 0.260: [GC (Allocation Failure) 2020-10-28T19:17:28.778+0800: 0.260: [ParNew: 157248K->17472K(157248K), 0.0164825 secs] 276611K->171873K(506816K), 0.0165449 secs] [Times: user=0.05 sys=0.02, real=0.02 secs] 
2020-10-28T19:17:28.810+0800: 0.291: [GC (Allocation Failure) 2020-10-28T19:17:28.810+0800: 0.292: [ParNew: 157102K->17472K(157248K), 0.0169030 secs] 311503K->214737K(506816K), 0.0169572 secs] [Times: user=0.09 sys=0.00, real=0.02 secs] 
2020-10-28T19:17:28.827+0800: 0.309: [GC (CMS Initial Mark) [1 CMS-initial-mark: 197265K(349568K)] 218078K(506816K), 0.0001135 secs] [Times: user=0.00 sys=0.00, real=0.00 secs] 
2020-10-28T19:17:28.827+0800: 0.309: [CMS-concurrent-mark-start]
2020-10-28T19:17:28.828+0800: 0.310: [CMS-concurrent-mark: 0.001/0.001 secs] [Times: user=0.00 sys=0.00, real=0.00 secs] 
2020-10-28T19:17:28.828+0800: 0.310: [CMS-concurrent-preclean-start]
2020-10-28T19:17:28.829+0800: 0.310: [CMS-concurrent-preclean: 0.000/0.000 secs] [Times: user=0.00 sys=0.00, real=0.00 secs] 
2020-10-28T19:17:28.829+0800: 0.310: [CMS-concurrent-abortable-preclean-start]
2020-10-28T19:17:28.844+0800: 0.325: [GC (Allocation Failure) 2020-10-28T19:17:28.844+0800: 0.325: [ParNew: 157248K->17468K(157248K), 0.0173837 secs] 354513K->258946K(506816K), 0.0174380 secs] [Times: user=0.09 sys=0.00, real=0.02 secs] 
2020-10-28T19:17:28.875+0800: 0.357: [GC (Allocation Failure) 2020-10-28T19:17:28.876+0800: 0.357: [ParNew: 157244K->17471K(157248K), 0.0186680 secs] 398722K->305367K(506816K), 0.0187410 secs] [Times: user=0.09 sys=0.00, real=0.02 secs] 
2020-10-28T19:17:28.909+0800: 0.390: [GC (Allocation Failure) 2020-10-28T19:17:28.909+0800: 0.390: [ParNew: 157237K->17470K(157248K), 0.0184215 secs] 445133K->350875K(506816K), 0.0184741 secs] [Times: user=0.13 sys=0.03, real=0.02 secs] 
2020-10-28T19:17:28.927+0800: 0.408: [CMS-concurrent-abortable-preclean: 0.002/0.098 secs] [Times: user=0.36 sys=0.03, real=0.10 secs] 
2020-10-28T19:17:28.927+0800: 0.409: [GC (CMS Final Remark) [YG occupancy: 20980 K (157248 K)]2020-10-28T19:17:28.927+0800: 0.409: [Rescan (parallel) , 0.0001653 secs]2020-10-28T19:17:28.928+0800: 0.409: [weak refs processing, 0.0000083 secs]2020-10-28T19:17:28.928+0800: 0.409: [class unloading, 0.0001614 secs]2020-10-28T19:17:28.928+0800: 0.409: [scrub symbol table, 0.0002538 secs]2020-10-28T19:17:28.928+0800: 0.409: [scrub string table, 0.0000776 secs][1 CMS-remark: 333405K(349568K)] 354385K(506816K), 0.0007191 secs] [Times: user=0.00 sys=0.00, real=0.00 secs] 
2020-10-28T19:17:28.928+0800: 0.409: [CMS-concurrent-sweep-start]
2020-10-28T19:17:28.929+0800: 0.410: [CMS-concurrent-sweep: 0.000/0.000 secs] [Times: user=0.00 sys=0.00, real=0.00 secs] 
2020-10-28T19:17:28.929+0800: 0.410: [CMS-concurrent-reset-start]
2020-10-28T19:17:28.929+0800: 0.410: [CMS-concurrent-reset: 0.001/0.001 secs] [Times: user=0.00 sys=0.00, real=0.00 secs] 
2020-10-28T19:17:28.943+0800: 0.424: [GC (Allocation Failure) 2020-10-28T19:17:28.943+0800: 0.424: [ParNew: 157015K->17469K(157248K), 0.0071271 secs] 447242K->345766K(506816K), 0.0071798 secs] [Times: user=0.00 sys=0.00, real=0.01 secs] 
2020-10-28T19:17:28.950+0800: 0.431: [GC (CMS Initial Mark) [1 CMS-initial-mark: 328296K(349568K)] 346154K(506816K), 0.0000851 secs] [Times: user=0.00 sys=0.00, real=0.00 secs] 
2020-10-28T19:17:28.950+0800: 0.431: [CMS-concurrent-mark-start]
2020-10-28T19:17:28.951+0800: 0.432: [CMS-concurrent-mark: 0.001/0.001 secs] [Times: user=0.00 sys=0.00, real=0.00 secs] 
2020-10-28T19:17:28.951+0800: 0.432: [CMS-concurrent-preclean-start]
2020-10-28T19:17:28.951+0800: 0.433: [CMS-concurrent-preclean: 0.000/0.000 secs] [Times: user=0.00 sys=0.00, real=0.00 secs] 
2020-10-28T19:17:28.951+0800: 0.433: [CMS-concurrent-abortable-preclean-start]
2020-10-28T19:17:28.951+0800: 0.433: [CMS-concurrent-abortable-preclean: 0.000/0.000 secs] [Times: user=0.00 sys=0.00, real=0.00 secs] 
2020-10-28T19:17:28.951+0800: 0.433: [GC (CMS Final Remark) [YG occupancy: 32441 K (157248 K)]2020-10-28T19:17:28.951+0800: 0.433: [Rescan (parallel) , 0.0001536 secs]2020-10-28T19:17:28.952+0800: 0.433: [weak refs processing, 0.0000088 secs]2020-10-28T19:17:28.952+0800: 0.433: [class unloading, 0.0001633 secs]2020-10-28T19:17:28.952+0800: 0.433: [scrub symbol table, 0.0002787 secs]2020-10-28T19:17:28.952+0800: 0.433: [scrub string table, 0.0000809 secs][1 CMS-remark: 328296K(349568K)] 360738K(506816K), 0.0007339 secs] [Times: user=0.00 sys=0.00, real=0.00 secs] 
2020-10-28T19:17:28.952+0800: 0.433: [CMS-concurrent-sweep-start]
2020-10-28T19:17:28.953+0800: 0.434: [CMS-concurrent-sweep: 0.001/0.001 secs] [Times: user=0.00 sys=0.00, real=0.00 secs] 
2020-10-28T19:17:28.953+0800: 0.434: [CMS-concurrent-reset-start]
2020-10-28T19:17:28.953+0800: 0.434: [CMS-concurrent-reset: 0.000/0.000 secs] [Times: user=0.00 sys=0.00, real=0.00 secs] 
2020-10-28T19:17:28.966+0800: 0.447: [GC (Allocation Failure) 2020-10-28T19:17:28.966+0800: 0.447: [ParNew: 157245K->17471K(157248K), 0.0077490 secs] 386378K->291817K(506816K), 0.0078003 secs] [Times: user=0.09 sys=0.00, real=0.01 secs] 
2020-10-28T19:17:28.974+0800: 0.455: [GC (CMS Initial Mark) [1 CMS-initial-mark: 274346K(349568K)] 292556K(506816K), 0.0000878 secs] [Times: user=0.00 sys=0.00, real=0.00 secs] 
2020-10-28T19:17:28.974+0800: 0.455: [CMS-concurrent-mark-start]
2020-10-28T19:17:28.975+0800: 0.456: [CMS-concurrent-mark: 0.001/0.001 secs] [Times: user=0.00 sys=0.00, real=0.00 secs] 
2020-10-28T19:17:28.975+0800: 0.456: [CMS-concurrent-preclean-start]
2020-10-28T19:17:28.976+0800: 0.457: [CMS-concurrent-preclean: 0.000/0.000 secs] [Times: user=0.00 sys=0.00, real=0.00 secs] 
2020-10-28T19:17:28.976+0800: 0.457: [CMS-concurrent-abortable-preclean-start]
2020-10-28T19:17:28.989+0800: 0.470: [GC (Allocation Failure) 2020-10-28T19:17:28.989+0800: 0.470: [ParNew: 157247K->17470K(157248K), 0.0086043 secs] 431593K->341603K(506816K), 0.0086571 secs] [Times: user=0.06 sys=0.02, real=0.01 secs] 
2020-10-28T19:17:29.012+0800: 0.493: [GC (Allocation Failure) 2020-10-28T19:17:29.012+0800: 0.493: [ParNew: 157246K->157246K(157248K), 0.0000165 secs]2020-10-28T19:17:29.012+0800: 0.493: [CMS2020-10-28T19:17:29.012+0800: 0.493: [CMS-concurrent-abortable-preclean: 0.001/0.036 secs] [Times: user=0.08 sys=0.02, real=0.04 secs] 
 (concurrent mode failure): 324133K->290759K(349568K), 0.0347216 secs] 481379K->290759K(506816K), [Metaspace: 2679K->2679K(1056768K)], 0.0348121 secs] [Times: user=0.03 sys=0.00, real=0.03 secs] 
2020-10-28T19:17:29.060+0800: 0.541: [GC (Allocation Failure) 2020-10-28T19:17:29.060+0800: 0.541: [ParNew: 139776K->17468K(157248K), 0.0061285 secs] 430535K->339185K(506816K), 0.0061822 secs] [Times: user=0.00 sys=0.00, real=0.01 secs] 
2020-10-28T19:17:29.066+0800: 0.548: [GC (CMS Initial Mark) [1 CMS-initial-mark: 321717K(349568K)] 342385K(506816K), 0.0002478 secs] [Times: user=0.00 sys=0.00, real=0.00 secs] 
2020-10-28T19:17:29.066+0800: 0.548: [CMS-concurrent-mark-start]
2020-10-28T19:17:29.067+0800: 0.549: [CMS-concurrent-mark: 0.001/0.001 secs] [Times: user=0.05 sys=0.00, real=0.00 secs] 
2020-10-28T19:17:29.067+0800: 0.549: [CMS-concurrent-preclean-start]
2020-10-28T19:17:29.068+0800: 0.550: [CMS-concurrent-preclean: 0.000/0.000 secs] [Times: user=0.00 sys=0.00, real=0.00 secs] 
2020-10-28T19:17:29.068+0800: 0.550: [CMS-concurrent-abortable-preclean-start]
2020-10-28T19:17:29.068+0800: 0.550: [CMS-concurrent-abortable-preclean: 0.000/0.000 secs] [Times: user=0.00 sys=0.00, real=0.00 secs] 
2020-10-28T19:17:29.068+0800: 0.550: [GC (CMS Final Remark) [YG occupancy: 39602 K (157248 K)]2020-10-28T19:17:29.068+0800: 0.550: [Rescan (parallel) , 0.0002887 secs]2020-10-28T19:17:29.068+0800: 0.550: [weak refs processing, 0.0000100 secs]2020-10-28T19:17:29.068+0800: 0.550: [class unloading, 0.0001633 secs]2020-10-28T19:17:29.068+0800: 0.550: [scrub symbol table, 0.0002649 secs]2020-10-28T19:17:29.069+0800: 0.551: [scrub string table, 0.0000975 secs][1 CMS-remark: 321717K(349568K)] 361320K(506816K), 0.0008760 secs] [Times: user=0.00 sys=0.00, real=0.00 secs] 
2020-10-28T19:17:29.069+0800: 0.551: [CMS-concurrent-sweep-start]
2020-10-28T19:17:29.069+0800: 0.551: [CMS-concurrent-sweep: 0.000/0.000 secs] [Times: user=0.00 sys=0.00, real=0.00 secs] 
2020-10-28T19:17:29.069+0800: 0.551: [CMS-concurrent-reset-start]
2020-10-28T19:17:29.070+0800: 0.551: [CMS-concurrent-reset: 0.000/0.000 secs] [Times: user=0.00 sys=0.00, real=0.00 secs] 
2020-10-28T19:17:29.081+0800: 0.563: [GC (Allocation Failure) 2020-10-28T19:17:29.081+0800: 0.563: [ParNew: 157244K->17470K(157248K), 0.0073282 secs] 446146K->349992K(506816K), 0.0073820 secs] [Times: user=0.09 sys=0.00, real=0.01 secs] 
2020-10-28T19:17:29.089+0800: 0.571: [GC (CMS Initial Mark) [1 CMS-initial-mark: 332521K(349568K)] 353469K(506816K), 0.0001576 secs] [Times: user=0.00 sys=0.00, real=0.00 secs] 
2020-10-28T19:17:29.089+0800: 0.571: [CMS-concurrent-mark-start]
2020-10-28T19:17:29.090+0800: 0.572: [CMS-concurrent-mark: 0.001/0.001 secs] [Times: user=0.00 sys=0.00, real=0.00 secs] 
2020-10-28T19:17:29.090+0800: 0.572: [CMS-concurrent-preclean-start]
2020-10-28T19:17:29.091+0800: 0.572: [CMS-concurrent-preclean: 0.000/0.000 secs] [Times: user=0.00 sys=0.00, real=0.00 secs] 
2020-10-28T19:17:29.091+0800: 0.572: [CMS-concurrent-abortable-preclean-start]
2020-10-28T19:17:29.091+0800: 0.572: [CMS-concurrent-abortable-preclean: 0.000/0.000 secs] [Times: user=0.00 sys=0.00, real=0.00 secs] 
2020-10-28T19:17:29.091+0800: 0.572: [GC (CMS Final Remark) [YG occupancy: 39877 K (157248 K)]2020-10-28T19:17:29.091+0800: 0.572: [Rescan (parallel) , 0.0002462 secs]2020-10-28T19:17:29.091+0800: 0.573: [weak refs processing, 0.0000089 secs]2020-10-28T19:17:29.091+0800: 0.573: [class unloading, 0.0001644 secs]2020-10-28T19:17:29.091+0800: 0.573: [scrub symbol table, 0.0002543 secs]2020-10-28T19:17:29.091+0800: 0.573: [scrub string table, 0.0000767 secs][1 CMS-remark: 332521K(349568K)] 372399K(506816K), 0.0007991 secs] [Times: user=0.00 sys=0.00, real=0.00 secs] 
2020-10-28T19:17:29.092+0800: 0.573: [CMS-concurrent-sweep-start]
2020-10-28T19:17:29.092+0800: 0.574: [CMS-concurrent-sweep: 0.001/0.001 secs] [Times: user=0.00 sys=0.00, real=0.00 secs] 
2020-10-28T19:17:29.092+0800: 0.574: [CMS-concurrent-reset-start]
2020-10-28T19:17:29.092+0800: 0.574: [CMS-concurrent-reset: 0.000/0.000 secs] [Times: user=0.00 sys=0.00, real=0.00 secs] 
2020-10-28T19:17:29.104+0800: 0.586: [GC (Allocation Failure) 2020-10-28T19:17:29.104+0800: 0.586: [ParNew: 157246K->17470K(157248K), 0.0087680 secs] 454137K->356463K(506816K), 0.0088220 secs] [Times: user=0.00 sys=0.00, real=0.01 secs] 
2020-10-28T19:17:29.113+0800: 0.595: [GC (CMS Initial Mark) [1 CMS-initial-mark: 338993K(349568K)] 359534K(506816K), 0.0002246 secs] [Times: user=0.00 sys=0.00, real=0.00 secs] 
2020-10-28T19:17:29.113+0800: 0.595: [CMS-concurrent-mark-start]
2020-10-28T19:17:29.114+0800: 0.596: [CMS-concurrent-mark: 0.001/0.001 secs] [Times: user=0.05 sys=0.00, real=0.00 secs] 
2020-10-28T19:17:29.114+0800: 0.596: [CMS-concurrent-preclean-start]
2020-10-28T19:17:29.115+0800: 0.596: [CMS-concurrent-preclean: 0.000/0.000 secs] [Times: user=0.00 sys=0.00, real=0.00 secs] 
2020-10-28T19:17:29.115+0800: 0.596: [CMS-concurrent-abortable-preclean-start]
2020-10-28T19:17:29.115+0800: 0.596: [CMS-concurrent-abortable-preclean: 0.000/0.000 secs] [Times: user=0.00 sys=0.00, real=0.00 secs] 
2020-10-28T19:17:29.115+0800: 0.597: [GC (CMS Final Remark) [YG occupancy: 36096 K (157248 K)]2020-10-28T19:17:29.115+0800: 0.597: [Rescan (parallel) , 0.0003350 secs]2020-10-28T19:17:29.115+0800: 0.597: [weak refs processing, 0.0000101 secs]2020-10-28T19:17:29.115+0800: 0.597: [class unloading, 0.0001626 secs]2020-10-28T19:17:29.115+0800: 0.597: [scrub symbol table, 0.0002544 secs]2020-10-28T19:17:29.116+0800: 0.597: [scrub string table, 0.0000757 secs][1 CMS-remark: 338993K(349568K)] 375090K(506816K), 0.0008875 secs] [Times: user=0.00 sys=0.00, real=0.00 secs] 
2020-10-28T19:17:29.116+0800: 0.598: [CMS-concurrent-sweep-start]
2020-10-28T19:17:29.116+0800: 0.598: [CMS-concurrent-sweep: 0.001/0.001 secs] [Times: user=0.00 sys=0.00, real=0.00 secs] 
2020-10-28T19:17:29.116+0800: 0.598: [CMS-concurrent-reset-start]
2020-10-28T19:17:29.117+0800: 0.598: [CMS-concurrent-reset: 0.000/0.000 secs] [Times: user=0.00 sys=0.00, real=0.00 secs] 
2020-10-28T19:17:29.128+0800: 0.609: [GC (Allocation Failure) 2020-10-28T19:17:29.128+0800: 0.609: [ParNew: 157092K->157092K(157248K), 0.0000152 secs]2020-10-28T19:17:29.128+0800: 0.609: [CMS: 304061K->330979K(349568K), 0.0370341 secs] 461154K->330979K(506816K), [Metaspace: 2679K->2679K(1056768K)], 0.0371148 secs] [Times: user=0.05 sys=0.00, real=0.04 secs] 
2020-10-28T19:17:29.165+0800: 0.646: [GC (CMS Initial Mark) [1 CMS-initial-mark: 330979K(349568K)] 334037K(506816K), 0.0002403 secs] [Times: user=0.00 sys=0.00, real=0.00 secs] 
2020-10-28T19:17:29.165+0800: 0.647: [CMS-concurrent-mark-start]
2020-10-28T19:17:29.166+0800: 0.648: [CMS-concurrent-mark: 0.001/0.001 secs] [Times: user=0.00 sys=0.00, real=0.00 secs] 
2020-10-28T19:17:29.166+0800: 0.648: [CMS-concurrent-preclean-start]
2020-10-28T19:17:29.167+0800: 0.648: [CMS-concurrent-preclean: 0.000/0.000 secs] [Times: user=0.00 sys=0.00, real=0.00 secs] 
2020-10-28T19:17:29.167+0800: 0.648: [CMS-concurrent-abortable-preclean-start]
2020-10-28T19:17:29.180+0800: 0.662: [GC (Allocation Failure) 2020-10-28T19:17:29.180+0800: 0.662: [ParNew: 139776K->139776K(157248K), 0.0000152 secs]2020-10-28T19:17:29.180+0800: 0.662: [CMS2020-10-28T19:17:29.180+0800: 0.662: [CMS-concurrent-abortable-preclean: 0.000/0.013 secs] [Times: user=0.01 sys=0.00, real=0.01 secs] 
 (concurrent mode failure): 330979K->336030K(349568K), 0.0369037 secs] 470755K->336030K(506816K), [Metaspace: 2679K->2679K(1056768K)], 0.0369829 secs] [Times: user=0.03 sys=0.00, real=0.04 secs] 
2020-10-28T19:17:29.232+0800: 0.713: [GC (Allocation Failure) 2020-10-28T19:17:29.232+0800: 0.713: [ParNew: 139776K->139776K(157248K), 0.0000156 secs]2020-10-28T19:17:29.232+0800: 0.713: [CMS: 336030K->347135K(349568K), 0.0396581 secs] 475806K->347135K(506816K), [Metaspace: 2679K->2679K(1056768K)], 0.0397350 secs] [Times: user=0.03 sys=0.01, real=0.04 secs] 
2020-10-28T19:17:29.272+0800: 0.753: [GC (CMS Initial Mark) [1 CMS-initial-mark: 347135K(349568K)] 350765K(506816K), 0.0003371 secs] [Times: user=0.00 sys=0.00, real=0.00 secs] 
2020-10-28T19:17:29.272+0800: 0.754: [CMS-concurrent-mark-start]
2020-10-28T19:17:29.273+0800: 0.755: [CMS-concurrent-mark: 0.001/0.001 secs] [Times: user=0.00 sys=0.00, real=0.00 secs] 
2020-10-28T19:17:29.273+0800: 0.755: [CMS-concurrent-preclean-start]
2020-10-28T19:17:29.274+0800: 0.755: [CMS-concurrent-preclean: 0.000/0.000 secs] [Times: user=0.00 sys=0.00, real=0.00 secs] 
2020-10-28T19:17:29.274+0800: 0.755: [CMS-concurrent-abortable-preclean-start]
2020-10-28T19:17:29.274+0800: 0.755: [CMS-concurrent-abortable-preclean: 0.000/0.000 secs] [Times: user=0.00 sys=0.00, real=0.00 secs] 
2020-10-28T19:17:29.274+0800: 0.755: [GC (CMS Final Remark) [YG occupancy: 15624 K (157248 K)]2020-10-28T19:17:29.274+0800: 0.755: [Rescan (parallel) , 0.0003630 secs]2020-10-28T19:17:29.274+0800: 0.755: [weak refs processing, 0.0000087 secs]2020-10-28T19:17:29.274+0800: 0.755: [class unloading, 0.0001634 secs]2020-10-28T19:17:29.274+0800: 0.756: [scrub symbol table, 0.0002655 secs]2020-10-28T19:17:29.275+0800: 0.756: [scrub string table, 0.0000756 secs][1 CMS-remark: 347135K(349568K)] 362760K(506816K), 0.0009248 secs] [Times: user=0.00 sys=0.00, real=0.00 secs] 
2020-10-28T19:17:29.275+0800: 0.756: [CMS-concurrent-sweep-start]
2020-10-28T19:17:29.275+0800: 0.757: [CMS-concurrent-sweep: 0.000/0.000 secs] [Times: user=0.00 sys=0.00, real=0.00 secs] 
2020-10-28T19:17:29.275+0800: 0.757: [CMS-concurrent-reset-start]
2020-10-28T19:17:29.276+0800: 0.757: [CMS-concurrent-reset: 0.000/0.000 secs] [Times: user=0.00 sys=0.00, real=0.00 secs] 
2020-10-28T19:17:29.287+0800: 0.769: [GC (Allocation Failure) 2020-10-28T19:17:29.287+0800: 0.769: [ParNew: 139776K->139776K(157248K), 0.0000150 secs]2020-10-28T19:17:29.287+0800: 0.769: [CMS: 344547K->342217K(349568K), 0.0377245 secs] 484323K->342217K(506816K), [Metaspace: 2679K->2679K(1056768K)], 0.0377983 secs] [Times: user=0.03 sys=0.00, real=0.04 secs] 
2020-10-28T19:17:29.325+0800: 0.807: [GC (CMS Initial Mark) [1 CMS-initial-mark: 342217K(349568K)] 345214K(506816K), 0.0002742 secs] [Times: user=0.00 sys=0.00, real=0.00 secs] 
2020-10-28T19:17:29.326+0800: 0.807: [CMS-concurrent-mark-start]
2020-10-28T19:17:29.327+0800: 0.808: [CMS-concurrent-mark: 0.001/0.001 secs] [Times: user=0.00 sys=0.00, real=0.00 secs] 
2020-10-28T19:17:29.327+0800: 0.808: [CMS-concurrent-preclean-start]
2020-10-28T19:17:29.327+0800: 0.808: [CMS-concurrent-preclean: 0.000/0.000 secs] [Times: user=0.00 sys=0.00, real=0.00 secs] 
2020-10-28T19:17:29.327+0800: 0.808: [CMS-concurrent-abortable-preclean-start]
2020-10-28T19:17:29.327+0800: 0.808: [CMS-concurrent-abortable-preclean: 0.000/0.000 secs] [Times: user=0.00 sys=0.00, real=0.00 secs] 
2020-10-28T19:17:29.327+0800: 0.808: [GC (CMS Final Remark) [YG occupancy: 15600 K (157248 K)]2020-10-28T19:17:29.327+0800: 0.808: [Rescan (parallel) , 0.0003062 secs]2020-10-28T19:17:29.328+0800: 0.809: [weak refs processing, 0.0000094 secs]2020-10-28T19:17:29.328+0800: 0.809: [class unloading, 0.0001680 secs]2020-10-28T19:17:29.328+0800: 0.809: [scrub symbol table, 0.0002593 secs]2020-10-28T19:17:29.328+0800: 0.809: [scrub string table, 0.0000782 secs][1 CMS-remark: 342217K(349568K)] 357817K(506816K), 0.0008715 secs] [Times: user=0.00 sys=0.00, real=0.00 secs] 
2020-10-28T19:17:29.328+0800: 0.809: [CMS-concurrent-sweep-start]
2020-10-28T19:17:29.329+0800: 0.810: [CMS-concurrent-sweep: 0.000/0.000 secs] [Times: user=0.00 sys=0.00, real=0.00 secs] 
2020-10-28T19:17:29.329+0800: 0.810: [CMS-concurrent-reset-start]
2020-10-28T19:17:29.329+0800: 0.810: [CMS-concurrent-reset: 0.000/0.000 secs] [Times: user=0.00 sys=0.00, real=0.00 secs] 
2020-10-28T19:17:29.341+0800: 0.822: [GC (Allocation Failure) 2020-10-28T19:17:29.341+0800: 0.822: [ParNew: 139776K->139776K(157248K), 0.0000159 secs]2020-10-28T19:17:29.341+0800: 0.822: [CMS: 342181K->340587K(349568K), 0.0387636 secs] 481957K->340587K(506816K), [Metaspace: 2679K->2679K(1056768K)], 0.0388430 secs] [Times: user=0.05 sys=0.00, real=0.04 secs] 
2020-10-28T19:17:29.380+0800: 0.861: [GC (CMS Initial Mark) [1 CMS-initial-mark: 340587K(349568K)] 343477K(506816K), 0.0003712 secs] [Times: user=0.00 sys=0.00, real=0.00 secs] 
2020-10-28T19:17:29.381+0800: 0.862: [CMS-concurrent-mark-start]
2020-10-28T19:17:29.382+0800: 0.863: [CMS-concurrent-mark: 0.001/0.001 secs] [Times: user=0.00 sys=0.00, real=0.00 secs] 
2020-10-28T19:17:29.382+0800: 0.863: [CMS-concurrent-preclean-start]
2020-10-28T19:17:29.382+0800: 0.863: [CMS-concurrent-preclean: 0.000/0.000 secs] [Times: user=0.00 sys=0.00, real=0.00 secs] 
2020-10-28T19:17:29.382+0800: 0.863: [CMS-concurrent-abortable-preclean-start]
2020-10-28T19:17:29.382+0800: 0.863: [CMS-concurrent-abortable-preclean: 0.000/0.000 secs] [Times: user=0.00 sys=0.00, real=0.00 secs] 
2020-10-28T19:17:29.383+0800: 0.864: [GC (CMS Final Remark) [YG occupancy: 23770 K (157248 K)]2020-10-28T19:17:29.383+0800: 0.864: [Rescan (parallel) , 0.0004261 secs]2020-10-28T19:17:29.383+0800: 0.864: [weak refs processing, 0.0000098 secs]2020-10-28T19:17:29.383+0800: 0.864: [class unloading, 0.0001647 secs]2020-10-28T19:17:29.383+0800: 0.864: [scrub symbol table, 0.0002556 secs]2020-10-28T19:17:29.383+0800: 0.864: [scrub string table, 0.0000806 secs][1 CMS-remark: 340587K(349568K)] 364358K(506816K), 0.0009888 secs] [Times: user=0.00 sys=0.00, real=0.00 secs] 
2020-10-28T19:17:29.384+0800: 0.865: [CMS-concurrent-sweep-start]
2020-10-28T19:17:29.384+0800: 0.865: [CMS-concurrent-sweep: 0.000/0.000 secs] [Times: user=0.00 sys=0.00, real=0.00 secs] 
2020-10-28T19:17:29.384+0800: 0.865: [CMS-concurrent-reset-start]
2020-10-28T19:17:29.384+0800: 0.865: [CMS-concurrent-reset: 0.000/0.000 secs] [Times: user=0.00 sys=0.00, real=0.00 secs] 
2020-10-28T19:17:29.395+0800: 0.877: [GC (Allocation Failure) 2020-10-28T19:17:29.395+0800: 0.877: [ParNew: 139776K->139776K(157248K), 0.0000152 secs]2020-10-28T19:17:29.395+0800: 0.877: [CMS: 340039K->345716K(349568K), 0.0387419 secs] 479815K->345716K(506816K), [Metaspace: 2679K->2679K(1056768K)], 0.0388203 secs] [Times: user=0.03 sys=0.00, real=0.04 secs] 
2020-10-28T19:17:29.434+0800: 0.916: [GC (CMS Initial Mark) [1 CMS-initial-mark: 345716K(349568K)] 349265K(506816K), 0.0003804 secs] [Times: user=0.00 sys=0.00, real=0.00 secs] 
2020-10-28T19:17:29.435+0800: 0.916: [CMS-concurrent-mark-start]
2020-10-28T19:17:29.436+0800: 0.917: [CMS-concurrent-mark: 0.001/0.001 secs] [Times: user=0.00 sys=0.00, real=0.00 secs] 
2020-10-28T19:17:29.436+0800: 0.917: [CMS-concurrent-preclean-start]
2020-10-28T19:17:29.436+0800: 0.918: [CMS-concurrent-preclean: 0.000/0.000 secs] [Times: user=0.00 sys=0.00, real=0.00 secs] 
2020-10-28T19:17:29.436+0800: 0.918: [CMS-concurrent-abortable-preclean-start]
2020-10-28T19:17:29.436+0800: 0.918: [CMS-concurrent-abortable-preclean: 0.000/0.000 secs] [Times: user=0.00 sys=0.00, real=0.00 secs] 
2020-10-28T19:17:29.436+0800: 0.918: [GC (CMS Final Remark) [YG occupancy: 17802 K (157248 K)]2020-10-28T19:17:29.436+0800: 0.918: [Rescan (parallel) , 0.0003327 secs]2020-10-28T19:17:29.436+0800: 0.918: [weak refs processing, 0.0000090 secs]2020-10-28T19:17:29.436+0800: 0.918: [class unloading, 0.0001707 secs]2020-10-28T19:17:29.437+0800: 0.918: [scrub symbol table, 0.0002573 secs]2020-10-28T19:17:29.437+0800: 0.919: [scrub string table, 0.0000769 secs][1 CMS-remark: 345716K(349568K)] 363519K(506816K), 0.0008922 secs] [Times: user=0.00 sys=0.00, real=0.00 secs] 
2020-10-28T19:17:29.437+0800: 0.919: [CMS-concurrent-sweep-start]
2020-10-28T19:17:29.437+0800: 0.919: [CMS-concurrent-sweep: 0.000/0.000 secs] [Times: user=0.00 sys=0.00, real=0.00 secs] 
2020-10-28T19:17:29.438+0800: 0.919: [CMS-concurrent-reset-start]
2020-10-28T19:17:29.438+0800: 0.920: [CMS-concurrent-reset: 0.000/0.000 secs] [Times: user=0.00 sys=0.00, real=0.00 secs] 
2020-10-28T19:17:29.449+0800: 0.931: [GC (Allocation Failure) 2020-10-28T19:17:29.449+0800: 0.931: [ParNew: 139776K->139776K(157248K), 0.0000151 secs]2020-10-28T19:17:29.449+0800: 0.931: [CMS: 344660K->349362K(349568K), 0.0386597 secs] 484436K->350687K(506816K), [Metaspace: 2679K->2679K(1056768K)], 0.0387382 secs] [Times: user=0.03 sys=0.00, real=0.04 secs] 
2020-10-28T19:17:29.488+0800: 0.970: [GC (CMS Initial Mark) [1 CMS-initial-mark: 349362K(349568K)] 353631K(506816K), 0.0003389 secs] [Times: user=0.02 sys=0.00, real=0.00 secs] 
2020-10-28T19:17:29.489+0800: 0.971: [CMS-concurrent-mark-start]
2020-10-28T19:17:29.490+0800: 0.972: [CMS-concurrent-mark: 0.001/0.001 secs] [Times: user=0.00 sys=0.00, real=0.00 secs] 
2020-10-28T19:17:29.490+0800: 0.972: [CMS-concurrent-preclean-start]
2020-10-28T19:17:29.491+0800: 0.973: [CMS-concurrent-preclean: 0.001/0.001 secs] [Times: user=0.00 sys=0.00, real=0.00 secs] 
2020-10-28T19:17:29.491+0800: 0.973: [CMS-concurrent-abortable-preclean-start]
2020-10-28T19:17:29.491+0800: 0.973: [CMS-concurrent-abortable-preclean: 0.000/0.000 secs] [Times: user=0.00 sys=0.00, real=0.00 secs] 
2020-10-28T19:17:29.491+0800: 0.973: [GC (CMS Final Remark) [YG occupancy: 23087 K (157248 K)]2020-10-28T19:17:29.491+0800: 0.973: [Rescan (parallel) , 0.0002150 secs]2020-10-28T19:17:29.491+0800: 0.973: [weak refs processing, 0.0000100 secs]2020-10-28T19:17:29.491+0800: 0.973: [class unloading, 0.0001712 secs]2020-10-28T19:17:29.492+0800: 0.973: [scrub symbol table, 0.0002571 secs]2020-10-28T19:17:29.492+0800: 0.974: [scrub string table, 0.0000780 secs][1 CMS-remark: 349362K(349568K)] 372449K(506816K), 0.0007870 secs] [Times: user=0.00 sys=0.00, real=0.00 secs] 
2020-10-28T19:17:29.492+0800: 0.974: [CMS-concurrent-sweep-start]
2020-10-28T19:17:29.492+0800: 0.974: [CMS-concurrent-sweep: 0.000/0.000 secs] [Times: user=0.00 sys=0.00, real=0.00 secs] 
2020-10-28T19:17:29.492+0800: 0.974: [CMS-concurrent-reset-start]
2020-10-28T19:17:29.493+0800: 0.974: [CMS-concurrent-reset: 0.000/0.000 secs] [Times: user=0.00 sys=0.00, real=0.00 secs] 
2020-10-28T19:17:29.507+0800: 0.989: [GC (Allocation Failure) 2020-10-28T19:17:29.507+0800: 0.989: [ParNew: 156526K->156526K(157248K), 0.0000158 secs]2020-10-28T19:17:29.507+0800: 0.989: [CMS: 347866K->349205K(349568K), 0.0386851 secs] 504393K->352352K(506816K), [Metaspace: 2679K->2679K(1056768K)], 0.0387672 secs] [Times: user=0.03 sys=0.00, real=0.04 secs] 
2020-10-28T19:17:29.546+0800: 1.028: [GC (CMS Initial Mark) [1 CMS-initial-mark: 349205K(349568K)] 355989K(506816K), 0.0001111 secs] [Times: user=0.00 sys=0.00, real=0.00 secs] 
2020-10-28T19:17:29.546+0800: 1.028: [CMS-concurrent-mark-start]
2020-10-28T19:17:29.547+0800: 1.029: [CMS-concurrent-mark: 0.001/0.001 secs] [Times: user=0.00 sys=0.00, real=0.00 secs] 
2020-10-28T19:17:29.547+0800: 1.029: [CMS-concurrent-preclean-start]
2020-10-28T19:17:29.548+0800: 1.030: [CMS-concurrent-preclean: 0.001/0.001 secs] [Times: user=0.00 sys=0.00, real=0.00 secs] 
2020-10-28T19:17:29.548+0800: 1.030: [CMS-concurrent-abortable-preclean-start]
2020-10-28T19:17:29.548+0800: 1.030: [CMS-concurrent-abortable-preclean: 0.000/0.000 secs] [Times: user=0.00 sys=0.00, real=0.00 secs] 
2020-10-28T19:17:29.548+0800: 1.030: [GC (CMS Final Remark) [YG occupancy: 21974 K (157248 K)]2020-10-28T19:17:29.548+0800: 1.030: [Rescan (parallel) , 0.0001713 secs]2020-10-28T19:17:29.549+0800: 1.030: [weak refs processing, 0.0000111 secs]2020-10-28T19:17:29.549+0800: 1.030: [class unloading, 0.0001801 secs]2020-10-28T19:17:29.549+0800: 1.030: [scrub symbol table, 0.0002532 secs]2020-10-28T19:17:29.549+0800: 1.031: [scrub string table, 0.0000769 secs][1 CMS-remark: 349205K(349568K)] 371180K(506816K), 0.0007473 secs] [Times: user=0.00 sys=0.00, real=0.00 secs] 
2020-10-28T19:17:29.549+0800: 1.031: [CMS-concurrent-sweep-start]
2020-10-28T19:17:29.550+0800: 1.031: [CMS-concurrent-sweep: 0.000/0.000 secs] [Times: user=0.00 sys=0.00, real=0.00 secs] 
2020-10-28T19:17:29.550+0800: 1.031: [CMS-concurrent-reset-start]
2020-10-28T19:17:29.550+0800: 1.031: [CMS-concurrent-reset: 0.000/0.000 secs] [Times: user=0.00 sys=0.00, real=0.00 secs] 
2020-10-28T19:17:29.563+0800: 1.045: [GC (Allocation Failure) 2020-10-28T19:17:29.563+0800: 1.045: [ParNew: 157101K->157101K(157248K), 0.0000156 secs]2020-10-28T19:17:29.563+0800: 1.045: [CMS: 349157K->349486K(349568K), 0.0377287 secs] 506259K->352935K(506816K), [Metaspace: 2679K->2679K(1056768K)], 0.0378067 secs] [Times: user=0.05 sys=0.00, real=0.04 secs] 
2020-10-28T19:17:29.601+0800: 1.083: [GC (CMS Initial Mark) [1 CMS-initial-mark: 349486K(349568K)] 356013K(506816K), 0.0002688 secs] [Times: user=0.00 sys=0.00, real=0.00 secs] 
2020-10-28T19:17:29.602+0800: 1.083: [CMS-concurrent-mark-start]
Heap
 par new generation   total 157248K, used 9322K [0x00000000e0000000, 0x00000000eaaa0000, 0x00000000eaaa0000)
  eden space 139776K,   6% used [0x00000000e0000000, 0x00000000e091ab88, 0x00000000e8880000)
  from space 17472K,   0% used [0x00000000e8880000, 0x00000000e8880000, 0x00000000e9990000)
  to   space 17472K,   0% used [0x00000000e9990000, 0x00000000e9990000, 0x00000000eaaa0000)
 concurrent mark-sweep generation total 349568K, used 349486K [0x00000000eaaa0000, 0x0000000100000000, 0x0000000100000000)
 Metaspace       used 2685K, capacity 4486K, committed 4864K, reserved 1056768K
  class space    used 289K, capacity 386K, committed 512K, reserved 1048576K
