Java HotSpot(TM) 64-Bit Server VM (25.171-b11) for windows-amd64 JRE (1.8.0_171-b11), built on Mar 28 2018 16:06:12 by "java_re" with MS VC++ 10.0 (VS2010)
Memory: 4k page, physical 16687584k(9791304k free), swap 19177952k(7734532k free)
CommandLine flags: -XX:InitialHeapSize=2147483648 -XX:MaxHeapSize=2147483648 -XX:+PrintGC -XX:+PrintGCDateStamps -XX:+PrintGCDetails -XX:+PrintGCTimeStamps -XX:+UseCompressedClassPointers -XX:+UseCompressedOops -XX:+UseG1GC -XX:-UseLargePagesIndividualAllocation 
2020-10-28T19:17:36.043+0800: 0.172: [GC pause (G1 Evacuation Pause) (young), 0.0046128 secs]
   [Parallel Time: 4.0 ms, GC Workers: 6]
      [GC Worker Start (ms): Min: 172.3, Avg: 172.4, Max: 172.4, Diff: 0.0]
      [Ext Root Scanning (ms): Min: 0.1, Avg: 0.2, Max: 0.2, Diff: 0.1, Sum: 0.9]
      [Update RS (ms): Min: 0.2, Avg: 0.2, Max: 0.2, Diff: 0.0, Sum: 1.3]
         [Processed Buffers: Min: 4, Avg: 4.2, Max: 5, Diff: 1, Sum: 25]
      [Scan RS (ms): Min: 0.0, Avg: 0.0, Max: 0.0, Diff: 0.0, Sum: 0.1]
      [Code Root Scanning (ms): Min: 0.0, Avg: 0.0, Max: 0.0, Diff: 0.0, Sum: 0.0]
      [Object Copy (ms): Min: 3.4, Avg: 3.4, Max: 3.5, Diff: 0.1, Sum: 20.4]
      [Termination (ms): Min: 0.0, Avg: 0.1, Max: 0.1, Diff: 0.1, Sum: 0.5]
         [Termination Attempts: Min: 1, Avg: 1.0, Max: 1, Diff: 0, Sum: 6]
      [GC Worker Other (ms): Min: 0.0, Avg: 0.0, Max: 0.0, Diff: 0.0, Sum: 0.2]
      [GC Worker Total (ms): Min: 3.9, Avg: 3.9, Max: 3.9, Diff: 0.1, Sum: 23.4]
      [GC Worker End (ms): Min: 176.3, Avg: 176.3, Max: 176.3, Diff: 0.0]
   [Code Root Fixup: 0.0 ms]
   [Code Root Purge: 0.0 ms]
   [Clear CT: 0.1 ms]
   [Other: 0.5 ms]
      [Choose CSet: 0.0 ms]
      [Ref Proc: 0.1 ms]
      [Ref Enq: 0.0 ms]
      [Redirty Cards: 0.1 ms]
      [Humongous Register: 0.0 ms]
      [Humongous Reclaim: 0.0 ms]
      [Free CSet: 0.0 ms]
   [Eden: 102.0M(102.0M)->0.0B(89.0M) Survivors: 0.0B->13.0M Heap: 123.1M(2048.0M)->39.3M(2048.0M)]
 [Times: user=0.00 sys=0.00, real=0.01 secs] 
2020-10-28T19:17:36.070+0800: 0.199: [GC pause (G1 Evacuation Pause) (young), 0.0056019 secs]
   [Parallel Time: 4.8 ms, GC Workers: 6]
      [GC Worker Start (ms): Min: 199.6, Avg: 199.6, Max: 199.7, Diff: 0.1]
      [Ext Root Scanning (ms): Min: 0.1, Avg: 0.1, Max: 0.2, Diff: 0.1, Sum: 0.8]
      [Update RS (ms): Min: 0.3, Avg: 0.3, Max: 0.3, Diff: 0.0, Sum: 1.9]
         [Processed Buffers: Min: 6, Avg: 7.2, Max: 10, Diff: 4, Sum: 43]
      [Scan RS (ms): Min: 0.0, Avg: 0.0, Max: 0.0, Diff: 0.0, Sum: 0.0]
      [Code Root Scanning (ms): Min: 0.0, Avg: 0.0, Max: 0.0, Diff: 0.0, Sum: 0.0]
      [Object Copy (ms): Min: 4.1, Avg: 4.2, Max: 4.2, Diff: 0.1, Sum: 25.1]
      [Termination (ms): Min: 0.0, Avg: 0.0, Max: 0.1, Diff: 0.1, Sum: 0.2]
         [Termination Attempts: Min: 1, Avg: 1.0, Max: 1, Diff: 0, Sum: 6]
      [GC Worker Other (ms): Min: 0.0, Avg: 0.0, Max: 0.0, Diff: 0.0, Sum: 0.0]
      [GC Worker Total (ms): Min: 4.7, Avg: 4.7, Max: 4.7, Diff: 0.1, Sum: 28.1]
      [GC Worker End (ms): Min: 204.3, Avg: 204.3, Max: 204.3, Diff: 0.0]
   [Code Root Fixup: 0.0 ms]
   [Code Root Purge: 0.0 ms]
   [Clear CT: 0.1 ms]
   [Other: 0.7 ms]
      [Choose CSet: 0.0 ms]
      [Ref Proc: 0.1 ms]
      [Ref Enq: 0.0 ms]
      [Redirty Cards: 0.3 ms]
      [Humongous Register: 0.0 ms]
      [Humongous Reclaim: 0.0 ms]
      [Free CSet: 0.0 ms]
   [Eden: 89.0M(89.0M)->0.0B(89.0M) Survivors: 13.0M->13.0M Heap: 151.9M(2048.0M)->76.8M(2048.0M)]
 [Times: user=0.00 sys=0.00, real=0.01 secs] 
2020-10-28T19:17:36.091+0800: 0.220: [GC pause (G1 Evacuation Pause) (young), 0.0053547 secs]
   [Parallel Time: 4.9 ms, GC Workers: 6]
      [GC Worker Start (ms): Min: 220.0, Avg: 220.0, Max: 220.1, Diff: 0.1]
      [Ext Root Scanning (ms): Min: 0.0, Avg: 0.1, Max: 0.2, Diff: 0.1, Sum: 0.7]
      [Update RS (ms): Min: 0.0, Avg: 0.1, Max: 0.1, Diff: 0.0, Sum: 0.4]
         [Processed Buffers: Min: 1, Avg: 1.8, Max: 2, Diff: 1, Sum: 11]
      [Scan RS (ms): Min: 0.0, Avg: 0.0, Max: 0.0, Diff: 0.0, Sum: 0.1]
      [Code Root Scanning (ms): Min: 0.0, Avg: 0.0, Max: 0.0, Diff: 0.0, Sum: 0.0]
      [Object Copy (ms): Min: 4.5, Avg: 4.5, Max: 4.6, Diff: 0.1, Sum: 27.2]
      [Termination (ms): Min: 0.0, Avg: 0.0, Max: 0.1, Diff: 0.1, Sum: 0.2]
         [Termination Attempts: Min: 1, Avg: 1.0, Max: 1, Diff: 0, Sum: 6]
      [GC Worker Other (ms): Min: 0.0, Avg: 0.0, Max: 0.0, Diff: 0.0, Sum: 0.0]
      [GC Worker Total (ms): Min: 4.7, Avg: 4.8, Max: 4.8, Diff: 0.1, Sum: 28.6]
      [GC Worker End (ms): Min: 224.8, Avg: 224.8, Max: 224.8, Diff: 0.0]
   [Code Root Fixup: 0.0 ms]
   [Code Root Purge: 0.0 ms]
   [Clear CT: 0.1 ms]
   [Other: 0.4 ms]
      [Choose CSet: 0.0 ms]
      [Ref Proc: 0.1 ms]
      [Ref Enq: 0.0 ms]
      [Redirty Cards: 0.0 ms]
      [Humongous Register: 0.1 ms]
      [Humongous Reclaim: 0.0 ms]
      [Free CSet: 0.0 ms]
   [Eden: 89.0M(89.0M)->0.0B(89.0M) Survivors: 13.0M->13.0M Heap: 183.6M(2048.0M)->110.9M(2048.0M)]
 [Times: user=0.00 sys=0.00, real=0.00 secs] 
2020-10-28T19:17:36.112+0800: 0.241: [GC pause (G1 Evacuation Pause) (young), 0.0048554 secs]
   [Parallel Time: 4.4 ms, GC Workers: 6]
      [GC Worker Start (ms): Min: 240.7, Avg: 240.8, Max: 240.8, Diff: 0.1]
      [Ext Root Scanning (ms): Min: 0.1, Avg: 0.1, Max: 0.2, Diff: 0.1, Sum: 0.6]
      [Update RS (ms): Min: 0.1, Avg: 0.1, Max: 0.1, Diff: 0.0, Sum: 0.6]
         [Processed Buffers: Min: 1, Avg: 1.8, Max: 2, Diff: 1, Sum: 11]
      [Scan RS (ms): Min: 0.0, Avg: 0.0, Max: 0.0, Diff: 0.0, Sum: 0.1]
      [Code Root Scanning (ms): Min: 0.0, Avg: 0.0, Max: 0.0, Diff: 0.0, Sum: 0.0]
      [Object Copy (ms): Min: 3.9, Avg: 3.9, Max: 4.0, Diff: 0.2, Sum: 23.4]
      [Termination (ms): Min: 0.0, Avg: 0.1, Max: 0.2, Diff: 0.2, Sum: 0.8]
         [Termination Attempts: Min: 1, Avg: 1.7, Max: 2, Diff: 1, Sum: 10]
      [GC Worker Other (ms): Min: 0.0, Avg: 0.0, Max: 0.0, Diff: 0.0, Sum: 0.0]
      [GC Worker Total (ms): Min: 4.2, Avg: 4.3, Max: 4.3, Diff: 0.1, Sum: 25.5]
      [GC Worker End (ms): Min: 245.1, Avg: 245.1, Max: 245.1, Diff: 0.0]
   [Code Root Fixup: 0.0 ms]
   [Code Root Purge: 0.0 ms]
   [Clear CT: 0.0 ms]
   [Other: 0.4 ms]
      [Choose CSet: 0.0 ms]
      [Ref Proc: 0.1 ms]
      [Ref Enq: 0.0 ms]
      [Redirty Cards: 0.0 ms]
      [Humongous Register: 0.1 ms]
      [Humongous Reclaim: 0.0 ms]
      [Free CSet: 0.0 ms]
   [Eden: 89.0M(89.0M)->0.0B(89.0M) Survivors: 13.0M->13.0M Heap: 220.5M(2048.0M)->143.2M(2048.0M)]
 [Times: user=0.09 sys=0.00, real=0.01 secs] 
2020-10-28T19:17:36.133+0800: 0.262: [GC pause (G1 Evacuation Pause) (young), 0.0058126 secs]
   [Parallel Time: 4.6 ms, GC Workers: 6]
      [GC Worker Start (ms): Min: 261.7, Avg: 261.8, Max: 261.8, Diff: 0.1]
      [Ext Root Scanning (ms): Min: 0.1, Avg: 0.1, Max: 0.2, Diff: 0.1, Sum: 0.7]
      [Update RS (ms): Min: 0.1, Avg: 0.1, Max: 0.1, Diff: 0.0, Sum: 0.8]
         [Processed Buffers: Min: 1, Avg: 2.7, Max: 3, Diff: 2, Sum: 16]
      [Scan RS (ms): Min: 0.0, Avg: 0.0, Max: 0.0, Diff: 0.0, Sum: 0.0]
      [Code Root Scanning (ms): Min: 0.0, Avg: 0.0, Max: 0.0, Diff: 0.0, Sum: 0.0]
      [Object Copy (ms): Min: 4.1, Avg: 4.2, Max: 4.2, Diff: 0.1, Sum: 25.1]
      [Termination (ms): Min: 0.0, Avg: 0.0, Max: 0.1, Diff: 0.1, Sum: 0.2]
         [Termination Attempts: Min: 1, Avg: 1.8, Max: 2, Diff: 1, Sum: 11]
      [GC Worker Other (ms): Min: 0.0, Avg: 0.0, Max: 0.0, Diff: 0.0, Sum: 0.0]
      [GC Worker Total (ms): Min: 4.4, Avg: 4.5, Max: 4.5, Diff: 0.1, Sum: 26.9]
      [GC Worker End (ms): Min: 266.3, Avg: 266.3, Max: 266.3, Diff: 0.0]
   [Code Root Fixup: 0.0 ms]
   [Code Root Purge: 0.0 ms]
   [Clear CT: 0.3 ms]
   [Other: 0.9 ms]
      [Choose CSet: 0.0 ms]
      [Ref Proc: 0.3 ms]
      [Ref Enq: 0.0 ms]
      [Redirty Cards: 0.3 ms]
      [Humongous Register: 0.1 ms]
      [Humongous Reclaim: 0.0 ms]
      [Free CSet: 0.0 ms]
   [Eden: 89.0M(89.0M)->0.0B(123.0M) Survivors: 13.0M->13.0M Heap: 253.6M(2048.0M)->179.4M(2048.0M)]
 [Times: user=0.00 sys=0.00, real=0.01 secs] 
2020-10-28T19:17:36.167+0800: 0.296: [GC pause (G1 Evacuation Pause) (young), 0.0070508 secs]
   [Parallel Time: 6.1 ms, GC Workers: 6]
      [GC Worker Start (ms): Min: 295.7, Avg: 295.7, Max: 295.8, Diff: 0.1]
      [Ext Root Scanning (ms): Min: 0.0, Avg: 0.1, Max: 0.2, Diff: 0.1, Sum: 0.6]
      [Update RS (ms): Min: 0.0, Avg: 0.1, Max: 0.1, Diff: 0.1, Sum: 0.7]
         [Processed Buffers: Min: 0, Avg: 2.2, Max: 3, Diff: 3, Sum: 13]
      [Scan RS (ms): Min: 0.0, Avg: 0.0, Max: 0.0, Diff: 0.0, Sum: 0.1]
      [Code Root Scanning (ms): Min: 0.0, Avg: 0.0, Max: 0.0, Diff: 0.0, Sum: 0.0]
      [Object Copy (ms): Min: 5.7, Avg: 5.8, Max: 5.8, Diff: 0.1, Sum: 34.6]
      [Termination (ms): Min: 0.0, Avg: 0.1, Max: 0.1, Diff: 0.1, Sum: 0.3]
         [Termination Attempts: Min: 1, Avg: 1.8, Max: 2, Diff: 1, Sum: 11]
      [GC Worker Other (ms): Min: 0.0, Avg: 0.0, Max: 0.0, Diff: 0.0, Sum: 0.0]
      [GC Worker Total (ms): Min: 6.0, Avg: 6.0, Max: 6.1, Diff: 0.1, Sum: 36.2]
      [GC Worker End (ms): Min: 301.8, Avg: 301.8, Max: 301.8, Diff: 0.0]
   [Code Root Fixup: 0.0 ms]
   [Code Root Purge: 0.0 ms]
   [Clear CT: 0.2 ms]
   [Other: 0.7 ms]
      [Choose CSet: 0.0 ms]
      [Ref Proc: 0.1 ms]
      [Ref Enq: 0.0 ms]
      [Redirty Cards: 0.3 ms]
      [Humongous Register: 0.1 ms]
      [Humongous Reclaim: 0.1 ms]
      [Free CSet: 0.0 ms]
   [Eden: 123.0M(123.0M)->0.0B(157.0M) Survivors: 13.0M->17.0M Heap: 326.0M(2048.0M)->222.5M(2048.0M)]
 [Times: user=0.00 sys=0.00, real=0.01 secs] 
2020-10-28T19:17:36.212+0800: 0.341: [GC pause (G1 Evacuation Pause) (young), 0.0081074 secs]
   [Parallel Time: 7.4 ms, GC Workers: 6]
      [GC Worker Start (ms): Min: 340.6, Avg: 340.7, Max: 340.8, Diff: 0.1]
      [Ext Root Scanning (ms): Min: 0.0, Avg: 0.1, Max: 0.2, Diff: 0.1, Sum: 0.6]
      [Update RS (ms): Min: 0.1, Avg: 0.1, Max: 0.1, Diff: 0.0, Sum: 0.7]
         [Processed Buffers: Min: 0, Avg: 2.3, Max: 3, Diff: 3, Sum: 14]
      [Scan RS (ms): Min: 0.0, Avg: 0.0, Max: 0.0, Diff: 0.0, Sum: 0.1]
      [Code Root Scanning (ms): Min: 0.0, Avg: 0.0, Max: 0.0, Diff: 0.0, Sum: 0.0]
      [Object Copy (ms): Min: 6.7, Avg: 6.8, Max: 6.9, Diff: 0.1, Sum: 40.8]
      [Termination (ms): Min: 0.0, Avg: 0.1, Max: 0.1, Diff: 0.1, Sum: 0.5]
         [Termination Attempts: Min: 1, Avg: 1.8, Max: 2, Diff: 1, Sum: 11]
      [GC Worker Other (ms): Min: 0.0, Avg: 0.0, Max: 0.0, Diff: 0.0, Sum: 0.0]
      [GC Worker Total (ms): Min: 7.0, Avg: 7.1, Max: 7.2, Diff: 0.1, Sum: 42.7]
      [GC Worker End (ms): Min: 347.8, Avg: 347.8, Max: 347.8, Diff: 0.0]
   [Code Root Fixup: 0.0 ms]
   [Code Root Purge: 0.0 ms]
   [Clear CT: 0.1 ms]
   [Other: 0.7 ms]
      [Choose CSet: 0.0 ms]
      [Ref Proc: 0.0 ms]
      [Ref Enq: 0.0 ms]
      [Redirty Cards: 0.2 ms]
      [Humongous Register: 0.1 ms]
      [Humongous Reclaim: 0.1 ms]
      [Free CSet: 0.1 ms]
   [Eden: 157.0M(157.0M)->0.0B(788.0M) Survivors: 17.0M->22.0M Heap: 422.1M(2048.0M)->272.9M(2048.0M)]
 [Times: user=0.00 sys=0.00, real=0.01 secs] 
2020-10-28T19:17:36.548+0800: 0.677: [GC pause (G1 Evacuation Pause) (young), 0.0237047 secs]
   [Parallel Time: 22.5 ms, GC Workers: 6]
      [GC Worker Start (ms): Min: 677.2, Avg: 677.3, Max: 677.4, Diff: 0.2]
      [Ext Root Scanning (ms): Min: 0.0, Avg: 0.1, Max: 0.2, Diff: 0.2, Sum: 0.5]
      [Update RS (ms): Min: 0.0, Avg: 0.2, Max: 0.2, Diff: 0.2, Sum: 1.0]
         [Processed Buffers: Min: 0, Avg: 3.3, Max: 5, Diff: 5, Sum: 20]
      [Scan RS (ms): Min: 0.0, Avg: 0.1, Max: 0.1, Diff: 0.1, Sum: 0.4]
      [Code Root Scanning (ms): Min: 0.0, Avg: 0.0, Max: 0.0, Diff: 0.0, Sum: 0.0]
      [Object Copy (ms): Min: 21.8, Avg: 21.9, Max: 22.1, Diff: 0.3, Sum: 131.5]
      [Termination (ms): Min: 0.0, Avg: 0.1, Max: 0.2, Diff: 0.2, Sum: 0.6]
         [Termination Attempts: Min: 1, Avg: 1.0, Max: 1, Diff: 0, Sum: 6]
      [GC Worker Other (ms): Min: 0.0, Avg: 0.0, Max: 0.0, Diff: 0.0, Sum: 0.1]
      [GC Worker Total (ms): Min: 22.3, Avg: 22.4, Max: 22.5, Diff: 0.2, Sum: 134.2]
      [GC Worker End (ms): Min: 699.7, Avg: 699.7, Max: 699.7, Diff: 0.0]
   [Code Root Fixup: 0.0 ms]
   [Code Root Purge: 0.0 ms]
   [Clear CT: 0.1 ms]
   [Other: 1.0 ms]
      [Choose CSet: 0.0 ms]
      [Ref Proc: 0.1 ms]
      [Ref Enq: 0.0 ms]
      [Redirty Cards: 0.0 ms]
      [Humongous Register: 0.1 ms]
      [Humongous Reclaim: 0.3 ms]
      [Free CSet: 0.3 ms]
   [Eden: 788.0M(788.0M)->0.0B(142.0M) Survivors: 22.0M->102.0M Heap: 1280.1M(2048.0M)->453.7M(2048.0M)]
 [Times: user=0.06 sys=0.13, real=0.02 secs] 
2020-10-28T19:17:36.592+0800: 0.721: [GC pause (G1 Evacuation Pause) (young), 0.0127266 secs]
   [Parallel Time: 12.0 ms, GC Workers: 6]
      [GC Worker Start (ms): Min: 720.9, Avg: 721.0, Max: 721.1, Diff: 0.2]
      [Ext Root Scanning (ms): Min: 0.0, Avg: 0.1, Max: 0.2, Diff: 0.2, Sum: 0.6]
      [Update RS (ms): Min: 0.0, Avg: 0.2, Max: 0.3, Diff: 0.3, Sum: 1.3]
         [Processed Buffers: Min: 0, Avg: 4.0, Max: 6, Diff: 6, Sum: 24]
      [Scan RS (ms): Min: 0.0, Avg: 0.0, Max: 0.0, Diff: 0.0, Sum: 0.1]
      [Code Root Scanning (ms): Min: 0.0, Avg: 0.0, Max: 0.0, Diff: 0.0, Sum: 0.0]
      [Object Copy (ms): Min: 11.4, Avg: 11.5, Max: 11.8, Diff: 0.4, Sum: 69.1]
      [Termination (ms): Min: 0.0, Avg: 0.0, Max: 0.1, Diff: 0.1, Sum: 0.2]
         [Termination Attempts: Min: 1, Avg: 1.0, Max: 1, Diff: 0, Sum: 6]
      [GC Worker Other (ms): Min: 0.0, Avg: 0.0, Max: 0.0, Diff: 0.0, Sum: 0.1]
      [GC Worker Total (ms): Min: 11.8, Avg: 11.9, Max: 12.0, Diff: 0.2, Sum: 71.5]
      [GC Worker End (ms): Min: 732.9, Avg: 732.9, Max: 732.9, Diff: 0.0]
   [Code Root Fixup: 0.0 ms]
   [Code Root Purge: 0.0 ms]
   [Clear CT: 0.1 ms]
   [Other: 0.7 ms]
      [Choose CSet: 0.0 ms]
      [Ref Proc: 0.1 ms]
      [Ref Enq: 0.0 ms]
      [Redirty Cards: 0.1 ms]
      [Humongous Register: 0.1 ms]
      [Humongous Reclaim: 0.1 ms]
      [Free CSet: 0.1 ms]
   [Eden: 142.0M(142.0M)->0.0B(378.0M) Survivors: 102.0M->31.0M Heap: 632.9M(2048.0M)->476.2M(2048.0M)]
 [Times: user=0.06 sys=0.03, real=0.01 secs] 
2020-10-28T19:17:36.663+0800: 0.793: [GC pause (G1 Evacuation Pause) (young), 0.0140722 secs]
   [Parallel Time: 13.3 ms, GC Workers: 6]
      [GC Worker Start (ms): Min: 792.9, Avg: 792.9, Max: 793.0, Diff: 0.1]
      [Ext Root Scanning (ms): Min: 0.1, Avg: 0.4, Max: 1.5, Diff: 1.4, Sum: 2.1]
      [Update RS (ms): Min: 0.0, Avg: 0.3, Max: 0.3, Diff: 0.3, Sum: 1.7]
         [Processed Buffers: Min: 0, Avg: 5.8, Max: 9, Diff: 9, Sum: 35]
      [Scan RS (ms): Min: 0.0, Avg: 0.0, Max: 0.0, Diff: 0.0, Sum: 0.2]
      [Code Root Scanning (ms): Min: 0.0, Avg: 0.0, Max: 0.0, Diff: 0.0, Sum: 0.0]
      [Object Copy (ms): Min: 11.7, Avg: 12.5, Max: 12.7, Diff: 1.0, Sum: 75.2]
      [Termination (ms): Min: 0.0, Avg: 0.0, Max: 0.1, Diff: 0.1, Sum: 0.2]
         [Termination Attempts: Min: 1, Avg: 1.0, Max: 1, Diff: 0, Sum: 6]
      [GC Worker Other (ms): Min: 0.0, Avg: 0.0, Max: 0.0, Diff: 0.0, Sum: 0.1]
      [GC Worker Total (ms): Min: 13.2, Avg: 13.3, Max: 13.3, Diff: 0.1, Sum: 79.5]
      [GC Worker End (ms): Min: 806.2, Avg: 806.2, Max: 806.2, Diff: 0.0]
   [Code Root Fixup: 0.0 ms]
   [Code Root Purge: 0.0 ms]
   [Clear CT: 0.1 ms]
   [Other: 0.6 ms]
      [Choose CSet: 0.0 ms]
      [Ref Proc: 0.0 ms]
      [Ref Enq: 0.0 ms]
      [Redirty Cards: 0.1 ms]
      [Humongous Register: 0.1 ms]
      [Humongous Reclaim: 0.1 ms]
      [Free CSet: 0.2 ms]
   [Eden: 378.0M(378.0M)->0.0B(399.0M) Survivors: 31.0M->52.0M Heap: 963.2M(2048.0M)->589.1M(2048.0M)]
 [Times: user=0.02 sys=0.08, real=0.01 secs] 
2020-10-28T19:17:36.737+0800: 0.866: [GC pause (G1 Evacuation Pause) (young), 0.0161977 secs]
   [Parallel Time: 15.3 ms, GC Workers: 6]
      [GC Worker Start (ms): Min: 866.6, Avg: 866.6, Max: 866.7, Diff: 0.1]
      [Ext Root Scanning (ms): Min: 0.0, Avg: 0.1, Max: 0.1, Diff: 0.1, Sum: 0.7]
      [Update RS (ms): Min: 0.2, Avg: 0.2, Max: 0.3, Diff: 0.1, Sum: 1.2]
         [Processed Buffers: Min: 0, Avg: 3.7, Max: 5, Diff: 5, Sum: 22]
      [Scan RS (ms): Min: 0.0, Avg: 0.0, Max: 0.1, Diff: 0.0, Sum: 0.2]
      [Code Root Scanning (ms): Min: 0.0, Avg: 0.0, Max: 0.0, Diff: 0.0, Sum: 0.0]
      [Object Copy (ms): Min: 14.7, Avg: 14.8, Max: 14.9, Diff: 0.1, Sum: 88.8]
      [Termination (ms): Min: 0.0, Avg: 0.1, Max: 0.1, Diff: 0.1, Sum: 0.4]
         [Termination Attempts: Min: 1, Avg: 1.8, Max: 2, Diff: 1, Sum: 11]
      [GC Worker Other (ms): Min: 0.0, Avg: 0.0, Max: 0.0, Diff: 0.0, Sum: 0.1]
      [GC Worker Total (ms): Min: 15.2, Avg: 15.2, Max: 15.3, Diff: 0.1, Sum: 91.4]
      [GC Worker End (ms): Min: 881.8, Avg: 881.8, Max: 881.8, Diff: 0.0]
   [Code Root Fixup: 0.0 ms]
   [Code Root Purge: 0.0 ms]
   [Clear CT: 0.1 ms]
   [Other: 0.8 ms]
      [Choose CSet: 0.0 ms]
      [Ref Proc: 0.1 ms]
      [Ref Enq: 0.0 ms]
      [Redirty Cards: 0.0 ms]
      [Humongous Register: 0.1 ms]
      [Humongous Reclaim: 0.2 ms]
      [Free CSet: 0.2 ms]
   [Eden: 399.0M(399.0M)->0.0B(478.0M) Survivors: 52.0M->57.0M Heap: 1084.0M(2048.0M)->675.7M(2048.0M)]
 [Times: user=0.09 sys=0.00, real=0.02 secs] 
2020-10-28T19:17:36.834+0800: 0.963: [GC pause (G1 Evacuation Pause) (young), 0.0172259 secs]
   [Parallel Time: 16.3 ms, GC Workers: 6]
      [GC Worker Start (ms): Min: 962.9, Avg: 963.0, Max: 963.3, Diff: 0.5]
      [Ext Root Scanning (ms): Min: 0.0, Avg: 0.1, Max: 0.2, Diff: 0.2, Sum: 0.7]
      [Update RS (ms): Min: 0.0, Avg: 0.2, Max: 0.3, Diff: 0.3, Sum: 1.3]
         [Processed Buffers: Min: 0, Avg: 4.0, Max: 6, Diff: 6, Sum: 24]
      [Scan RS (ms): Min: 0.0, Avg: 0.0, Max: 0.1, Diff: 0.1, Sum: 0.3]
      [Code Root Scanning (ms): Min: 0.0, Avg: 0.0, Max: 0.0, Diff: 0.0, Sum: 0.0]
      [Object Copy (ms): Min: 15.7, Avg: 15.7, Max: 15.8, Diff: 0.1, Sum: 94.4]
      [Termination (ms): Min: 0.0, Avg: 0.1, Max: 0.1, Diff: 0.1, Sum: 0.5]
         [Termination Attempts: Min: 1, Avg: 1.0, Max: 1, Diff: 0, Sum: 6]
      [GC Worker Other (ms): Min: 0.0, Avg: 0.0, Max: 0.0, Diff: 0.0, Sum: 0.1]
      [GC Worker Total (ms): Min: 15.8, Avg: 16.2, Max: 16.3, Diff: 0.5, Sum: 97.1]
      [GC Worker End (ms): Min: 979.1, Avg: 979.1, Max: 979.1, Diff: 0.0]
   [Code Root Fixup: 0.0 ms]
   [Code Root Purge: 0.0 ms]
   [Clear CT: 0.1 ms]
   [Other: 0.8 ms]
      [Choose CSet: 0.0 ms]
      [Ref Proc: 0.1 ms]
      [Ref Enq: 0.0 ms]
      [Redirty Cards: 0.0 ms]
      [Humongous Register: 0.1 ms]
      [Humongous Reclaim: 0.2 ms]
      [Free CSet: 0.2 ms]
   [Eden: 478.0M(478.0M)->0.0B(517.0M) Survivors: 57.0M->67.0M Heap: 1282.2M(2048.0M)->774.3M(2048.0M)]
 [Times: user=0.05 sys=0.05, real=0.02 secs] 
2020-10-28T19:17:36.905+0800: 1.034: [GC pause (G1 Humongous Allocation) (young) (initial-mark), 0.0150217 secs]
   [Parallel Time: 14.0 ms, GC Workers: 6]
      [GC Worker Start (ms): Min: 1034.1, Avg: 1034.1, Max: 1034.2, Diff: 0.1]
      [Ext Root Scanning (ms): Min: 0.1, Avg: 0.1, Max: 0.1, Diff: 0.1, Sum: 0.7]
      [Update RS (ms): Min: 0.2, Avg: 0.2, Max: 0.2, Diff: 0.0, Sum: 1.4]
         [Processed Buffers: Min: 0, Avg: 4.2, Max: 5, Diff: 5, Sum: 25]
      [Scan RS (ms): Min: 0.0, Avg: 0.0, Max: 0.1, Diff: 0.0, Sum: 0.2]
      [Code Root Scanning (ms): Min: 0.0, Avg: 0.0, Max: 0.0, Diff: 0.0, Sum: 0.0]
      [Object Copy (ms): Min: 13.5, Avg: 13.5, Max: 13.6, Diff: 0.1, Sum: 81.1]
      [Termination (ms): Min: 0.0, Avg: 0.0, Max: 0.1, Diff: 0.1, Sum: 0.3]
         [Termination Attempts: Min: 1, Avg: 1.8, Max: 2, Diff: 1, Sum: 11]
      [GC Worker Other (ms): Min: 0.0, Avg: 0.0, Max: 0.0, Diff: 0.0, Sum: 0.1]
      [GC Worker Total (ms): Min: 13.9, Avg: 14.0, Max: 14.0, Diff: 0.1, Sum: 83.8]
      [GC Worker End (ms): Min: 1048.1, Avg: 1048.1, Max: 1048.1, Diff: 0.0]
   [Code Root Fixup: 0.0 ms]
   [Code Root Purge: 0.0 ms]
   [Clear CT: 0.1 ms]
   [Other: 0.9 ms]
      [Choose CSet: 0.0 ms]
      [Ref Proc: 0.1 ms]
      [Ref Enq: 0.0 ms]
      [Redirty Cards: 0.0 ms]
      [Humongous Register: 0.1 ms]
      [Humongous Reclaim: 0.2 ms]
      [Free CSet: 0.2 ms]
   [Eden: 381.0M(517.0M)->0.0B(685.0M) Survivors: 67.0M->73.0M Heap: 1252.4M(2048.0M)->858.6M(2048.0M)]
 [Times: user=0.09 sys=0.00, real=0.02 secs] 
2020-10-28T19:17:36.920+0800: 1.049: [GC concurrent-root-region-scan-start]
2020-10-28T19:17:36.920+0800: 1.049: [GC concurrent-root-region-scan-end, 0.0001790 secs]
2020-10-28T19:17:36.920+0800: 1.049: [GC concurrent-mark-start]
2020-10-28T19:17:36.923+0800: 1.052: [GC concurrent-mark-end, 0.0027327 secs]
2020-10-28T19:17:36.923+0800: 1.052: [GC remark 2020-10-28T19:17:36.923+0800: 1.052: [Finalize Marking, 0.0001348 secs] 2020-10-28T19:17:36.924+0800: 1.052: [GC ref-proc, 0.0001426 secs] 2020-10-28T19:17:36.924+0800: 1.052: [Unloading, 0.0004371 secs], 0.0013317 secs]
 [Times: user=0.00 sys=0.00, real=0.00 secs] 
2020-10-28T19:17:36.925+0800: 1.054: [GC cleanup 883M->657M(2048M), 0.0008809 secs]
 [Times: user=0.00 sys=0.00, real=0.00 secs] 
2020-10-28T19:17:36.926+0800: 1.054: [GC concurrent-cleanup-start]
2020-10-28T19:17:36.926+0800: 1.055: [GC concurrent-cleanup-end, 0.0001041 secs]
Heap
 garbage-first heap   total 2097152K, used 1184533K [0x0000000080000000, 0x0000000080104000, 0x0000000100000000)
  region size 1024K, 489 young (500736K), 73 survivors (74752K)
 Metaspace       used 2685K, capacity 4486K, committed 4864K, reserved 1056768K
  class space    used 289K, capacity 386K, committed 512K, reserved 1048576K
