Java HotSpot(TM) 64-Bit Server VM (25.171-b11) for windows-amd64 JRE (1.8.0_171-b11), built on Mar 28 2018 16:06:12 by "java_re" with MS VC++ 10.0 (VS2010)
Memory: 4k page, physical 16687584k(9790136k free), swap 19177952k(7734604k free)
CommandLine flags: -XX:InitialHeapSize=1073741824 -XX:MaxHeapSize=1073741824 -XX:+PrintGC -XX:+PrintGCDateStamps -XX:+PrintGCDetails -XX:+PrintGCTimeStamps -XX:+UseCompressedClassPointers -XX:+UseCompressedOops -XX:+UseG1GC -XX:-UseLargePagesIndividualAllocation 
2020-10-28T19:17:34.771+0800: 0.123: [GC pause (G1 Evacuation Pause) (young), 0.0029804 secs]
   [Parallel Time: 2.0 ms, GC Workers: 6]
      [GC Worker Start (ms): Min: 122.9, Avg: 123.2, Max: 124.3, Diff: 1.4]
      [Ext Root Scanning (ms): Min: 0.0, Avg: 0.1, Max: 0.2, Diff: 0.2, Sum: 0.8]
      [Update RS (ms): Min: 0.0, Avg: 0.0, Max: 0.0, Diff: 0.0, Sum: 0.0]
         [Processed Buffers: Min: 0, Avg: 0.0, Max: 0, Diff: 0, Sum: 0]
      [Scan RS (ms): Min: 0.0, Avg: 0.0, Max: 0.0, Diff: 0.0, Sum: 0.0]
      [Code Root Scanning (ms): Min: 0.0, Avg: 0.0, Max: 0.0, Diff: 0.0, Sum: 0.0]
      [Object Copy (ms): Min: 0.4, Avg: 1.4, Max: 1.7, Diff: 1.3, Sum: 8.5]
      [Termination (ms): Min: 0.0, Avg: 0.1, Max: 0.2, Diff: 0.2, Sum: 0.6]
         [Termination Attempts: Min: 1, Avg: 1.0, Max: 1, Diff: 0, Sum: 6]
      [GC Worker Other (ms): Min: 0.0, Avg: 0.0, Max: 0.0, Diff: 0.0, Sum: 0.1]
      [GC Worker Total (ms): Min: 0.6, Avg: 1.7, Max: 2.0, Diff: 1.4, Sum: 10.1]
      [GC Worker End (ms): Min: 124.9, Avg: 124.9, Max: 124.9, Diff: 0.0]
   [Code Root Fixup: 0.0 ms]
   [Code Root Purge: 0.0 ms]
   [Clear CT: 0.3 ms]
   [Other: 0.6 ms]
      [Choose CSet: 0.0 ms]
      [Ref Proc: 0.1 ms]
      [Ref Enq: 0.0 ms]
      [Redirty Cards: 0.3 ms]
      [Humongous Register: 0.0 ms]
      [Humongous Reclaim: 0.0 ms]
      [Free CSet: 0.0 ms]
   [Eden: 51.0M(51.0M)->0.0B(44.0M) Survivors: 0.0B->7168.0K Heap: 60.6M(1024.0M)->16.5M(1024.0M)]
 [Times: user=0.00 sys=0.00, real=0.00 secs] 
2020-10-28T19:17:34.785+0800: 0.137: [GC pause (G1 Evacuation Pause) (young), 0.0031403 secs]
   [Parallel Time: 2.8 ms, GC Workers: 6]
      [GC Worker Start (ms): Min: 136.7, Avg: 136.8, Max: 137.0, Diff: 0.3]
      [Ext Root Scanning (ms): Min: 0.0, Avg: 0.1, Max: 0.2, Diff: 0.2, Sum: 0.6]
      [Update RS (ms): Min: 0.0, Avg: 0.0, Max: 0.0, Diff: 0.0, Sum: 0.0]
         [Processed Buffers: Min: 0, Avg: 0.5, Max: 2, Diff: 2, Sum: 3]
      [Scan RS (ms): Min: 0.0, Avg: 0.0, Max: 0.0, Diff: 0.0, Sum: 0.0]
      [Code Root Scanning (ms): Min: 0.0, Avg: 0.0, Max: 0.0, Diff: 0.0, Sum: 0.0]
      [Object Copy (ms): Min: 2.2, Avg: 2.4, Max: 2.5, Diff: 0.3, Sum: 14.2]
      [Termination (ms): Min: 0.0, Avg: 0.1, Max: 0.2, Diff: 0.2, Sum: 0.6]
         [Termination Attempts: Min: 1, Avg: 1.0, Max: 1, Diff: 0, Sum: 6]
      [GC Worker Other (ms): Min: 0.0, Avg: 0.0, Max: 0.0, Diff: 0.0, Sum: 0.0]
      [GC Worker Total (ms): Min: 2.4, Avg: 2.6, Max: 2.7, Diff: 0.3, Sum: 15.5]
      [GC Worker End (ms): Min: 139.4, Avg: 139.4, Max: 139.4, Diff: 0.0]
   [Code Root Fixup: 0.0 ms]
   [Code Root Purge: 0.0 ms]
   [Clear CT: 0.0 ms]
   [Other: 0.3 ms]
      [Choose CSet: 0.0 ms]
      [Ref Proc: 0.1 ms]
      [Ref Enq: 0.0 ms]
      [Redirty Cards: 0.1 ms]
      [Humongous Register: 0.0 ms]
      [Humongous Reclaim: 0.0 ms]
      [Free CSet: 0.0 ms]
   [Eden: 44.0M(44.0M)->0.0B(44.0M) Survivors: 7168.0K->7168.0K Heap: 65.9M(1024.0M)->32.1M(1024.0M)]
 [Times: user=0.03 sys=0.06, real=0.00 secs] 
2020-10-28T19:17:34.796+0800: 0.148: [GC pause (G1 Evacuation Pause) (young), 0.0031466 secs]
   [Parallel Time: 2.7 ms, GC Workers: 6]
      [GC Worker Start (ms): Min: 148.3, Avg: 148.4, Max: 148.5, Diff: 0.2]
      [Ext Root Scanning (ms): Min: 0.0, Avg: 0.1, Max: 0.2, Diff: 0.2, Sum: 0.5]
      [Update RS (ms): Min: 0.3, Avg: 0.5, Max: 1.2, Diff: 0.9, Sum: 2.8]
         [Processed Buffers: Min: 1, Avg: 6.3, Max: 9, Diff: 8, Sum: 38]
      [Scan RS (ms): Min: 0.0, Avg: 0.0, Max: 0.0, Diff: 0.0, Sum: 0.0]
      [Code Root Scanning (ms): Min: 0.0, Avg: 0.0, Max: 0.0, Diff: 0.0, Sum: 0.0]
      [Object Copy (ms): Min: 1.2, Avg: 1.9, Max: 2.1, Diff: 0.9, Sum: 11.5]
      [Termination (ms): Min: 0.0, Avg: 0.1, Max: 0.1, Diff: 0.1, Sum: 0.6]
         [Termination Attempts: Min: 1, Avg: 1.0, Max: 1, Diff: 0, Sum: 6]
      [GC Worker Other (ms): Min: 0.0, Avg: 0.0, Max: 0.0, Diff: 0.0, Sum: 0.0]
      [GC Worker Total (ms): Min: 2.5, Avg: 2.6, Max: 2.7, Diff: 0.2, Sum: 15.5]
      [GC Worker End (ms): Min: 151.0, Avg: 151.0, Max: 151.0, Diff: 0.0]
   [Code Root Fixup: 0.0 ms]
   [Code Root Purge: 0.0 ms]
   [Clear CT: 0.0 ms]
   [Other: 0.4 ms]
      [Choose CSet: 0.0 ms]
      [Ref Proc: 0.1 ms]
      [Ref Enq: 0.0 ms]
      [Redirty Cards: 0.1 ms]
      [Humongous Register: 0.0 ms]
      [Humongous Reclaim: 0.0 ms]
      [Free CSet: 0.0 ms]
   [Eden: 44.0M(44.0M)->0.0B(65.0M) Survivors: 7168.0K->7168.0K Heap: 83.4M(1024.0M)->49.1M(1024.0M)]
 [Times: user=0.00 sys=0.00, real=0.00 secs] 
2020-10-28T19:17:34.818+0800: 0.170: [GC pause (G1 Evacuation Pause) (young), 0.0049671 secs]
   [Parallel Time: 4.0 ms, GC Workers: 6]
      [GC Worker Start (ms): Min: 170.2, Avg: 170.3, Max: 170.3, Diff: 0.1]
      [Ext Root Scanning (ms): Min: 0.0, Avg: 0.1, Max: 0.2, Diff: 0.1, Sum: 0.6]
      [Update RS (ms): Min: 0.3, Avg: 0.3, Max: 0.4, Diff: 0.0, Sum: 2.1]
         [Processed Buffers: Min: 6, Avg: 7.3, Max: 8, Diff: 2, Sum: 44]
      [Scan RS (ms): Min: 0.0, Avg: 0.0, Max: 0.0, Diff: 0.0, Sum: 0.0]
      [Code Root Scanning (ms): Min: 0.0, Avg: 0.0, Max: 0.0, Diff: 0.0, Sum: 0.0]
      [Object Copy (ms): Min: 3.3, Avg: 3.3, Max: 3.4, Diff: 0.1, Sum: 20.0]
      [Termination (ms): Min: 0.0, Avg: 0.1, Max: 0.1, Diff: 0.1, Sum: 0.5]
         [Termination Attempts: Min: 1, Avg: 1.0, Max: 1, Diff: 0, Sum: 6]
      [GC Worker Other (ms): Min: 0.0, Avg: 0.0, Max: 0.0, Diff: 0.0, Sum: 0.0]
      [GC Worker Total (ms): Min: 3.8, Avg: 3.9, Max: 3.9, Diff: 0.1, Sum: 23.2]
      [GC Worker End (ms): Min: 174.1, Avg: 174.1, Max: 174.2, Diff: 0.0]
   [Code Root Fixup: 0.0 ms]
   [Code Root Purge: 0.0 ms]
   [Clear CT: 0.3 ms]
   [Other: 0.7 ms]
      [Choose CSet: 0.0 ms]
      [Ref Proc: 0.2 ms]
      [Ref Enq: 0.0 ms]
      [Redirty Cards: 0.3 ms]
      [Humongous Register: 0.0 ms]
      [Humongous Reclaim: 0.0 ms]
      [Free CSet: 0.0 ms]
   [Eden: 65.0M(65.0M)->0.0B(105.0M) Survivors: 7168.0K->9216.0K Heap: 128.3M(1024.0M)->78.0M(1024.0M)]
 [Times: user=0.00 sys=0.00, real=0.00 secs] 
2020-10-28T19:17:34.858+0800: 0.211: [GC pause (G1 Evacuation Pause) (young), 0.0057587 secs]
   [Parallel Time: 5.4 ms, GC Workers: 6]
      [GC Worker Start (ms): Min: 211.0, Avg: 211.1, Max: 211.1, Diff: 0.1]
      [Ext Root Scanning (ms): Min: 0.0, Avg: 0.1, Max: 0.2, Diff: 0.1, Sum: 0.6]
      [Update RS (ms): Min: 0.3, Avg: 0.4, Max: 0.4, Diff: 0.1, Sum: 2.4]
         [Processed Buffers: Min: 6, Avg: 8.3, Max: 10, Diff: 4, Sum: 50]
      [Scan RS (ms): Min: 0.0, Avg: 0.0, Max: 0.0, Diff: 0.0, Sum: 0.0]
      [Code Root Scanning (ms): Min: 0.0, Avg: 0.0, Max: 0.0, Diff: 0.0, Sum: 0.0]
      [Object Copy (ms): Min: 4.5, Avg: 4.6, Max: 4.7, Diff: 0.2, Sum: 27.5]
      [Termination (ms): Min: 0.0, Avg: 0.1, Max: 0.2, Diff: 0.2, Sum: 0.9]
         [Termination Attempts: Min: 1, Avg: 1.0, Max: 1, Diff: 0, Sum: 6]
      [GC Worker Other (ms): Min: 0.0, Avg: 0.0, Max: 0.0, Diff: 0.0, Sum: 0.0]
      [GC Worker Total (ms): Min: 5.2, Avg: 5.3, Max: 5.3, Diff: 0.1, Sum: 31.5]
      [GC Worker End (ms): Min: 216.3, Avg: 216.3, Max: 216.3, Diff: 0.0]
   [Code Root Fixup: 0.0 ms]
   [Code Root Purge: 0.0 ms]
   [Clear CT: 0.1 ms]
   [Other: 0.4 ms]
      [Choose CSet: 0.0 ms]
      [Ref Proc: 0.1 ms]
      [Ref Enq: 0.0 ms]
      [Redirty Cards: 0.1 ms]
      [Humongous Register: 0.0 ms]
      [Humongous Reclaim: 0.0 ms]
      [Free CSet: 0.0 ms]
   [Eden: 105.0M(105.0M)->0.0B(93.0M) Survivors: 9216.0K->15.0M Heap: 212.5M(1024.0M)->120.9M(1024.0M)]
 [Times: user=0.06 sys=0.02, real=0.01 secs] 
2020-10-28T19:17:34.878+0800: 0.231: [GC pause (G1 Evacuation Pause) (young), 0.0056785 secs]
   [Parallel Time: 5.3 ms, GC Workers: 6]
      [GC Worker Start (ms): Min: 231.3, Avg: 231.3, Max: 231.4, Diff: 0.1]
      [Ext Root Scanning (ms): Min: 0.0, Avg: 0.1, Max: 0.1, Diff: 0.1, Sum: 0.6]
      [Update RS (ms): Min: 0.1, Avg: 0.1, Max: 0.1, Diff: 0.0, Sum: 0.5]
         [Processed Buffers: Min: 1, Avg: 2.0, Max: 3, Diff: 2, Sum: 12]
      [Scan RS (ms): Min: 0.0, Avg: 0.0, Max: 0.0, Diff: 0.0, Sum: 0.1]
      [Code Root Scanning (ms): Min: 0.0, Avg: 0.0, Max: 0.0, Diff: 0.0, Sum: 0.0]
      [Object Copy (ms): Min: 4.8, Avg: 4.8, Max: 4.9, Diff: 0.2, Sum: 28.9]
      [Termination (ms): Min: 0.0, Avg: 0.1, Max: 0.2, Diff: 0.2, Sum: 0.7]
         [Termination Attempts: Min: 1, Avg: 1.8, Max: 2, Diff: 1, Sum: 11]
      [GC Worker Other (ms): Min: 0.0, Avg: 0.0, Max: 0.0, Diff: 0.0, Sum: 0.0]
      [GC Worker Total (ms): Min: 5.1, Avg: 5.1, Max: 5.2, Diff: 0.2, Sum: 30.8]
      [GC Worker End (ms): Min: 236.4, Avg: 236.5, Max: 236.5, Diff: 0.1]
   [Code Root Fixup: 0.0 ms]
   [Code Root Purge: 0.0 ms]
   [Clear CT: 0.1 ms]
   [Other: 0.3 ms]
      [Choose CSet: 0.0 ms]
      [Ref Proc: 0.1 ms]
      [Ref Enq: 0.0 ms]
      [Redirty Cards: 0.0 ms]
      [Humongous Register: 0.0 ms]
      [Humongous Reclaim: 0.0 ms]
      [Free CSet: 0.0 ms]
   [Eden: 93.0M(93.0M)->0.0B(134.0M) Survivors: 15.0M->14.0M Heap: 238.8M(1024.0M)->161.7M(1024.0M)]
 [Times: user=0.09 sys=0.00, real=0.01 secs] 
2020-10-28T19:17:34.914+0800: 0.266: [GC pause (G1 Evacuation Pause) (young), 0.0066724 secs]
   [Parallel Time: 6.3 ms, GC Workers: 6]
      [GC Worker Start (ms): Min: 266.6, Avg: 266.7, Max: 266.9, Diff: 0.4]
      [Ext Root Scanning (ms): Min: 0.0, Avg: 0.1, Max: 0.1, Diff: 0.1, Sum: 0.6]
      [Update RS (ms): Min: 0.0, Avg: 0.1, Max: 0.2, Diff: 0.2, Sum: 0.7]
         [Processed Buffers: Min: 0, Avg: 2.7, Max: 5, Diff: 5, Sum: 16]
      [Scan RS (ms): Min: 0.0, Avg: 0.0, Max: 0.0, Diff: 0.0, Sum: 0.1]
      [Code Root Scanning (ms): Min: 0.0, Avg: 0.0, Max: 0.0, Diff: 0.0, Sum: 0.0]
      [Object Copy (ms): Min: 5.8, Avg: 5.8, Max: 5.9, Diff: 0.1, Sum: 34.8]
      [Termination (ms): Min: 0.0, Avg: 0.1, Max: 0.1, Diff: 0.1, Sum: 0.4]
         [Termination Attempts: Min: 1, Avg: 1.0, Max: 1, Diff: 0, Sum: 6]
      [GC Worker Other (ms): Min: 0.0, Avg: 0.0, Max: 0.0, Diff: 0.0, Sum: 0.0]
      [GC Worker Total (ms): Min: 5.9, Avg: 6.1, Max: 6.2, Diff: 0.4, Sum: 36.7]
      [GC Worker End (ms): Min: 272.8, Avg: 272.8, Max: 272.8, Diff: 0.0]
   [Code Root Fixup: 0.0 ms]
   [Code Root Purge: 0.0 ms]
   [Clear CT: 0.1 ms]
   [Other: 0.4 ms]
      [Choose CSet: 0.0 ms]
      [Ref Proc: 0.1 ms]
      [Ref Enq: 0.0 ms]
      [Redirty Cards: 0.0 ms]
      [Humongous Register: 0.0 ms]
      [Humongous Reclaim: 0.0 ms]
      [Free CSet: 0.0 ms]
   [Eden: 134.0M(134.0M)->0.0B(595.0M) Survivors: 14.0M->19.0M Heap: 330.6M(1024.0M)->207.8M(1024.0M)]
 [Times: user=0.00 sys=0.00, real=0.01 secs] 
2020-10-28T19:17:35.144+0800: 0.496: [GC pause (G1 Humongous Allocation) (young) (to-space exhausted), 0.0032154 secs]
   [Parallel Time: 1.1 ms, GC Workers: 6]
      [GC Worker Start (ms): Min: 495.8, Avg: 495.8, Max: 495.9, Diff: 0.1]
      [Ext Root Scanning (ms): Min: 0.0, Avg: 0.1, Max: 0.2, Diff: 0.1, Sum: 0.6]
      [Update RS (ms): Min: 0.1, Avg: 0.1, Max: 0.2, Diff: 0.1, Sum: 0.7]
         [Processed Buffers: Min: 0, Avg: 2.2, Max: 3, Diff: 3, Sum: 13]
      [Scan RS (ms): Min: 0.0, Avg: 0.0, Max: 0.1, Diff: 0.1, Sum: 0.3]
      [Code Root Scanning (ms): Min: 0.0, Avg: 0.0, Max: 0.0, Diff: 0.0, Sum: 0.0]
      [Object Copy (ms): Min: 0.6, Avg: 0.6, Max: 0.7, Diff: 0.1, Sum: 3.9]
      [Termination (ms): Min: 0.0, Avg: 0.1, Max: 0.1, Diff: 0.1, Sum: 0.3]
         [Termination Attempts: Min: 1, Avg: 1.0, Max: 1, Diff: 0, Sum: 6]
      [GC Worker Other (ms): Min: 0.0, Avg: 0.0, Max: 0.0, Diff: 0.0, Sum: 0.1]
      [GC Worker Total (ms): Min: 0.9, Avg: 1.0, Max: 1.0, Diff: 0.1, Sum: 5.9]
      [GC Worker End (ms): Min: 496.8, Avg: 496.8, Max: 496.8, Diff: 0.0]
   [Code Root Fixup: 0.0 ms]
   [Code Root Purge: 0.0 ms]
   [Clear CT: 0.3 ms]
   [Other: 1.8 ms]
      [Evacuation Failure: 0.8 ms]
      [Choose CSet: 0.0 ms]
      [Ref Proc: 0.3 ms]
      [Ref Enq: 0.0 ms]
      [Redirty Cards: 0.3 ms]
      [Humongous Register: 0.1 ms]
      [Humongous Reclaim: 0.1 ms]
      [Free CSet: 0.1 ms]
   [Eden: 571.0M(595.0M)->0.0B(134.0M) Survivors: 19.0M->0.0B Heap: 917.9M(1024.0M)->703.5M(1024.0M)]
 [Times: user=0.00 sys=0.00, real=0.00 secs] 
2020-10-28T19:17:35.147+0800: 0.499: [GC pause (G1 Humongous Allocation) (young) (initial-mark), 0.0011277 secs]
   [Parallel Time: 0.5 ms, GC Workers: 6]
      [GC Worker Start (ms): Min: 499.3, Avg: 499.4, Max: 499.4, Diff: 0.1]
      [Ext Root Scanning (ms): Min: 0.1, Avg: 0.1, Max: 0.2, Diff: 0.1, Sum: 0.6]
      [Update RS (ms): Min: 0.1, Avg: 0.1, Max: 0.1, Diff: 0.0, Sum: 0.6]
         [Processed Buffers: Min: 2, Avg: 3.2, Max: 4, Diff: 2, Sum: 19]
      [Scan RS (ms): Min: 0.0, Avg: 0.0, Max: 0.0, Diff: 0.0, Sum: 0.0]
      [Code Root Scanning (ms): Min: 0.0, Avg: 0.0, Max: 0.0, Diff: 0.0, Sum: 0.0]
      [Object Copy (ms): Min: 0.0, Avg: 0.0, Max: 0.0, Diff: 0.0, Sum: 0.0]
      [Termination (ms): Min: 0.0, Avg: 0.0, Max: 0.0, Diff: 0.0, Sum: 0.1]
         [Termination Attempts: Min: 1, Avg: 1.0, Max: 1, Diff: 0, Sum: 6]
      [GC Worker Other (ms): Min: 0.0, Avg: 0.0, Max: 0.0, Diff: 0.0, Sum: 0.0]
      [GC Worker Total (ms): Min: 0.2, Avg: 0.2, Max: 0.3, Diff: 0.1, Sum: 1.4]
      [GC Worker End (ms): Min: 499.6, Avg: 499.6, Max: 499.6, Diff: 0.0]
   [Code Root Fixup: 0.0 ms]
   [Code Root Purge: 0.0 ms]
   [Clear CT: 0.3 ms]
   [Other: 0.4 ms]
      [Choose CSet: 0.0 ms]
      [Ref Proc: 0.1 ms]
      [Ref Enq: 0.0 ms]
      [Redirty Cards: 0.2 ms]
      [Humongous Register: 0.0 ms]
      [Humongous Reclaim: 0.0 ms]
      [Free CSet: 0.0 ms]
   [Eden: 1024.0K(134.0M)->0.0B(136.0M) Survivors: 0.0B->1024.0K Heap: 705.1M(1024.0M)->704.3M(1024.0M)]
 [Times: user=0.00 sys=0.00, real=0.00 secs] 
2020-10-28T19:17:35.148+0800: 0.500: [GC concurrent-root-region-scan-start]
2020-10-28T19:17:35.149+0800: 0.501: [GC concurrent-root-region-scan-end, 0.0001316 secs]
2020-10-28T19:17:35.149+0800: 0.501: [GC concurrent-mark-start]
2020-10-28T19:17:35.151+0800: 0.503: [GC concurrent-mark-end, 0.0022409 secs]
2020-10-28T19:17:35.151+0800: 0.503: [GC remark 2020-10-28T19:17:35.151+0800: 0.503: [Finalize Marking, 0.0002818 secs] 2020-10-28T19:17:35.151+0800: 0.503: [GC ref-proc, 0.0001376 secs] 2020-10-28T19:17:35.151+0800: 0.503: [Unloading, 0.0004199 secs], 0.0013636 secs]
 [Times: user=0.00 sys=0.00, real=0.00 secs] 
2020-10-28T19:17:35.153+0800: 0.505: [GC cleanup 728M->717M(1024M), 0.0013537 secs]
 [Times: user=0.00 sys=0.00, real=0.00 secs] 
2020-10-28T19:17:35.153+0800: 0.506: [GC concurrent-cleanup-start]
2020-10-28T19:17:35.153+0800: 0.506: [GC concurrent-cleanup-end, 0.0000110 secs]
2020-10-28T19:17:35.174+0800: 0.527: [GC pause (G1 Evacuation Pause) (young), 0.0047465 secs]
   [Parallel Time: 4.3 ms, GC Workers: 6]
      [GC Worker Start (ms): Min: 526.7, Avg: 526.7, Max: 526.8, Diff: 0.1]
      [Ext Root Scanning (ms): Min: 0.0, Avg: 0.1, Max: 0.2, Diff: 0.1, Sum: 0.6]
      [Update RS (ms): Min: 0.1, Avg: 0.2, Max: 0.4, Diff: 0.2, Sum: 1.2]
         [Processed Buffers: Min: 0, Avg: 3.2, Max: 4, Diff: 4, Sum: 19]
      [Scan RS (ms): Min: 0.0, Avg: 0.0, Max: 0.0, Diff: 0.0, Sum: 0.1]
      [Code Root Scanning (ms): Min: 0.0, Avg: 0.0, Max: 0.0, Diff: 0.0, Sum: 0.0]
      [Object Copy (ms): Min: 3.6, Avg: 3.8, Max: 3.9, Diff: 0.3, Sum: 22.8]
      [Termination (ms): Min: 0.0, Avg: 0.0, Max: 0.1, Diff: 0.1, Sum: 0.3]
         [Termination Attempts: Min: 1, Avg: 1.0, Max: 1, Diff: 0, Sum: 6]
      [GC Worker Other (ms): Min: 0.0, Avg: 0.0, Max: 0.0, Diff: 0.0, Sum: 0.0]
      [GC Worker Total (ms): Min: 4.1, Avg: 4.2, Max: 4.2, Diff: 0.1, Sum: 25.0]
      [GC Worker End (ms): Min: 530.9, Avg: 530.9, Max: 530.9, Diff: 0.0]
   [Code Root Fixup: 0.0 ms]
   [Code Root Purge: 0.0 ms]
   [Clear CT: 0.1 ms]
   [Other: 0.4 ms]
      [Choose CSet: 0.0 ms]
      [Ref Proc: 0.1 ms]
      [Ref Enq: 0.0 ms]
      [Redirty Cards: 0.1 ms]
      [Humongous Register: 0.1 ms]
      [Humongous Reclaim: 0.1 ms]
      [Free CSet: 0.1 ms]
   [Eden: 136.0M(136.0M)->0.0B(33.0M) Survivors: 1024.0K->18.0M Heap: 864.7M(1024.0M)->740.1M(1024.0M)]
 [Times: user=0.08 sys=0.02, real=0.00 secs] 
2020-10-28T19:17:35.183+0800: 0.536: [GC pause (G1 Evacuation Pause) (mixed), 0.0048880 secs]
   [Parallel Time: 3.4 ms, GC Workers: 6]
      [GC Worker Start (ms): Min: 536.1, Avg: 536.2, Max: 536.3, Diff: 0.2]
      [Ext Root Scanning (ms): Min: 0.0, Avg: 0.1, Max: 0.2, Diff: 0.2, Sum: 0.5]
      [Update RS (ms): Min: 0.2, Avg: 0.2, Max: 0.2, Diff: 0.0, Sum: 1.3]
         [Processed Buffers: Min: 1, Avg: 3.8, Max: 5, Diff: 4, Sum: 23]
      [Scan RS (ms): Min: 0.0, Avg: 0.0, Max: 0.0, Diff: 0.0, Sum: 0.1]
      [Code Root Scanning (ms): Min: 0.0, Avg: 0.0, Max: 0.0, Diff: 0.0, Sum: 0.0]
      [Object Copy (ms): Min: 3.0, Avg: 3.0, Max: 3.0, Diff: 0.0, Sum: 17.9]
      [Termination (ms): Min: 0.0, Avg: 0.0, Max: 0.0, Diff: 0.0, Sum: 0.1]
         [Termination Attempts: Min: 1, Avg: 1.0, Max: 1, Diff: 0, Sum: 6]
      [GC Worker Other (ms): Min: 0.0, Avg: 0.0, Max: 0.0, Diff: 0.0, Sum: 0.0]
      [GC Worker Total (ms): Min: 3.2, Avg: 3.3, Max: 3.4, Diff: 0.2, Sum: 19.9]
      [GC Worker End (ms): Min: 539.5, Avg: 539.5, Max: 539.5, Diff: 0.0]
   [Code Root Fixup: 0.0 ms]
   [Code Root Purge: 0.0 ms]
   [Clear CT: 0.5 ms]
   [Other: 0.9 ms]
      [Choose CSet: 0.0 ms]
      [Ref Proc: 0.2 ms]
      [Ref Enq: 0.0 ms]
      [Redirty Cards: 0.4 ms]
      [Humongous Register: 0.1 ms]
      [Humongous Reclaim: 0.0 ms]
      [Free CSet: 0.1 ms]
   [Eden: 33.0M(33.0M)->0.0B(44.0M) Survivors: 18.0M->7168.0K Heap: 778.1M(1024.0M)->650.0M(1024.0M)]
 [Times: user=0.00 sys=0.00, real=0.00 secs] 
2020-10-28T19:17:35.195+0800: 0.547: [GC pause (G1 Evacuation Pause) (mixed), 0.0043175 secs]
   [Parallel Time: 3.8 ms, GC Workers: 6]
      [GC Worker Start (ms): Min: 547.6, Avg: 547.7, Max: 547.7, Diff: 0.1]
      [Ext Root Scanning (ms): Min: 0.1, Avg: 0.1, Max: 0.2, Diff: 0.1, Sum: 0.7]
      [Update RS (ms): Min: 0.2, Avg: 0.2, Max: 0.2, Diff: 0.0, Sum: 1.1]
         [Processed Buffers: Min: 0, Avg: 3.7, Max: 5, Diff: 5, Sum: 22]
      [Scan RS (ms): Min: 0.0, Avg: 0.0, Max: 0.0, Diff: 0.0, Sum: 0.2]
      [Code Root Scanning (ms): Min: 0.0, Avg: 0.0, Max: 0.0, Diff: 0.0, Sum: 0.0]
      [Object Copy (ms): Min: 3.4, Avg: 3.4, Max: 3.4, Diff: 0.0, Sum: 20.3]
      [Termination (ms): Min: 0.0, Avg: 0.0, Max: 0.0, Diff: 0.0, Sum: 0.1]
         [Termination Attempts: Min: 1, Avg: 1.0, Max: 1, Diff: 0, Sum: 6]
      [GC Worker Other (ms): Min: 0.0, Avg: 0.0, Max: 0.0, Diff: 0.0, Sum: 0.0]
      [GC Worker Total (ms): Min: 3.7, Avg: 3.7, Max: 3.8, Diff: 0.1, Sum: 22.4]
      [GC Worker End (ms): Min: 551.4, Avg: 551.4, Max: 551.4, Diff: 0.0]
   [Code Root Fixup: 0.0 ms]
   [Code Root Purge: 0.0 ms]
   [Clear CT: 0.1 ms]
   [Other: 0.4 ms]
      [Choose CSet: 0.0 ms]
      [Ref Proc: 0.0 ms]
      [Ref Enq: 0.0 ms]
      [Redirty Cards: 0.1 ms]
      [Humongous Register: 0.1 ms]
      [Humongous Reclaim: 0.0 ms]
      [Free CSet: 0.1 ms]
   [Eden: 44.0M(44.0M)->0.0B(44.0M) Survivors: 7168.0K->7168.0K Heap: 710.3M(1024.0M)->583.0M(1024.0M)]
 [Times: user=0.00 sys=0.00, real=0.00 secs] 
2020-10-28T19:17:35.205+0800: 0.558: [GC pause (G1 Evacuation Pause) (mixed), 0.0050409 secs]
   [Parallel Time: 4.0 ms, GC Workers: 6]
      [GC Worker Start (ms): Min: 557.9, Avg: 557.9, Max: 558.0, Diff: 0.2]
      [Ext Root Scanning (ms): Min: 0.0, Avg: 0.1, Max: 0.2, Diff: 0.2, Sum: 0.5]
      [Update RS (ms): Min: 0.1, Avg: 0.2, Max: 0.2, Diff: 0.1, Sum: 1.0]
         [Processed Buffers: Min: 0, Avg: 3.0, Max: 4, Diff: 4, Sum: 18]
      [Scan RS (ms): Min: 0.0, Avg: 0.0, Max: 0.0, Diff: 0.0, Sum: 0.1]
      [Code Root Scanning (ms): Min: 0.0, Avg: 0.0, Max: 0.0, Diff: 0.0, Sum: 0.0]
      [Object Copy (ms): Min: 3.4, Avg: 3.5, Max: 3.5, Diff: 0.1, Sum: 20.8]
      [Termination (ms): Min: 0.0, Avg: 0.0, Max: 0.1, Diff: 0.1, Sum: 0.2]
         [Termination Attempts: Min: 1, Avg: 1.0, Max: 1, Diff: 0, Sum: 6]
      [GC Worker Other (ms): Min: 0.0, Avg: 0.0, Max: 0.0, Diff: 0.0, Sum: 0.0]
      [GC Worker Total (ms): Min: 3.7, Avg: 3.8, Max: 3.9, Diff: 0.2, Sum: 22.7]
      [GC Worker End (ms): Min: 561.7, Avg: 561.7, Max: 561.7, Diff: 0.0]
   [Code Root Fixup: 0.0 ms]
   [Code Root Purge: 0.0 ms]
   [Clear CT: 0.3 ms]
   [Other: 0.8 ms]
      [Choose CSet: 0.0 ms]
      [Ref Proc: 0.0 ms]
      [Ref Enq: 0.0 ms]
      [Redirty Cards: 0.4 ms]
      [Humongous Register: 0.1 ms]
      [Humongous Reclaim: 0.0 ms]
      [Free CSet: 0.1 ms]
   [Eden: 44.0M(44.0M)->0.0B(44.0M) Survivors: 7168.0K->7168.0K Heap: 639.0M(1024.0M)->515.2M(1024.0M)]
 [Times: user=0.09 sys=0.00, real=0.01 secs] 
2020-10-28T19:17:35.217+0800: 0.570: [GC pause (G1 Evacuation Pause) (mixed), 0.0058878 secs]
   [Parallel Time: 4.6 ms, GC Workers: 6]
      [GC Worker Start (ms): Min: 569.8, Avg: 569.9, Max: 569.9, Diff: 0.1]
      [Ext Root Scanning (ms): Min: 0.0, Avg: 0.1, Max: 0.2, Diff: 0.1, Sum: 0.6]
      [Update RS (ms): Min: 0.1, Avg: 0.2, Max: 0.2, Diff: 0.1, Sum: 1.1]
         [Processed Buffers: Min: 0, Avg: 3.2, Max: 4, Diff: 4, Sum: 19]
      [Scan RS (ms): Min: 0.0, Avg: 0.0, Max: 0.1, Diff: 0.1, Sum: 0.2]
      [Code Root Scanning (ms): Min: 0.0, Avg: 0.0, Max: 0.0, Diff: 0.0, Sum: 0.0]
      [Object Copy (ms): Min: 4.1, Avg: 4.1, Max: 4.2, Diff: 0.1, Sum: 24.6]
      [Termination (ms): Min: 0.0, Avg: 0.0, Max: 0.1, Diff: 0.1, Sum: 0.2]
         [Termination Attempts: Min: 1, Avg: 1.0, Max: 1, Diff: 0, Sum: 6]
      [GC Worker Other (ms): Min: 0.0, Avg: 0.0, Max: 0.0, Diff: 0.0, Sum: 0.0]
      [GC Worker Total (ms): Min: 4.4, Avg: 4.4, Max: 4.5, Diff: 0.2, Sum: 26.7]
      [GC Worker End (ms): Min: 574.3, Avg: 574.3, Max: 574.3, Diff: 0.0]
   [Code Root Fixup: 0.0 ms]
   [Code Root Purge: 0.0 ms]
   [Clear CT: 0.5 ms]
   [Other: 0.8 ms]
      [Choose CSet: 0.0 ms]
      [Ref Proc: 0.1 ms]
      [Ref Enq: 0.0 ms]
      [Redirty Cards: 0.4 ms]
      [Humongous Register: 0.1 ms]
      [Humongous Reclaim: 0.0 ms]
      [Free CSet: 0.1 ms]
   [Eden: 44.0M(44.0M)->0.0B(44.0M) Survivors: 7168.0K->7168.0K Heap: 572.0M(1024.0M)->455.0M(1024.0M)]
 [Times: user=0.00 sys=0.01, real=0.01 secs] 
2020-10-28T19:17:35.229+0800: 0.582: [GC pause (G1 Evacuation Pause) (mixed), 0.0048924 secs]
   [Parallel Time: 4.2 ms, GC Workers: 6]
      [GC Worker Start (ms): Min: 582.0, Avg: 582.0, Max: 582.1, Diff: 0.2]
      [Ext Root Scanning (ms): Min: 0.0, Avg: 0.1, Max: 0.2, Diff: 0.1, Sum: 0.5]
      [Update RS (ms): Min: 0.3, Avg: 0.3, Max: 0.3, Diff: 0.0, Sum: 1.6]
         [Processed Buffers: Min: 2, Avg: 5.3, Max: 7, Diff: 5, Sum: 32]
      [Scan RS (ms): Min: 0.0, Avg: 0.0, Max: 0.1, Diff: 0.1, Sum: 0.1]
      [Code Root Scanning (ms): Min: 0.0, Avg: 0.0, Max: 0.0, Diff: 0.0, Sum: 0.0]
      [Object Copy (ms): Min: 3.6, Avg: 3.7, Max: 3.7, Diff: 0.1, Sum: 22.1]
      [Termination (ms): Min: 0.0, Avg: 0.1, Max: 0.1, Diff: 0.1, Sum: 0.4]
         [Termination Attempts: Min: 1, Avg: 1.0, Max: 1, Diff: 0, Sum: 6]
      [GC Worker Other (ms): Min: 0.0, Avg: 0.0, Max: 0.0, Diff: 0.0, Sum: 0.0]
      [GC Worker Total (ms): Min: 4.1, Avg: 4.1, Max: 4.2, Diff: 0.1, Sum: 24.8]
      [GC Worker End (ms): Min: 586.2, Avg: 586.2, Max: 586.2, Diff: 0.0]
   [Code Root Fixup: 0.0 ms]
   [Code Root Purge: 0.0 ms]
   [Clear CT: 0.1 ms]
   [Other: 0.6 ms]
      [Choose CSet: 0.0 ms]
      [Ref Proc: 0.0 ms]
      [Ref Enq: 0.0 ms]
      [Redirty Cards: 0.3 ms]
      [Humongous Register: 0.1 ms]
      [Humongous Reclaim: 0.0 ms]
      [Free CSet: 0.1 ms]
   [Eden: 44.0M(44.0M)->0.0B(381.0M) Survivors: 7168.0K->7168.0K Heap: 508.8M(1024.0M)->426.9M(1024.0M)]
 [Times: user=0.00 sys=0.00, real=0.00 secs] 
2020-10-28T19:17:35.235+0800: 0.587: [GC pause (G1 Humongous Allocation) (young) (initial-mark), 0.0019916 secs]
   [Parallel Time: 1.0 ms, GC Workers: 6]
      [GC Worker Start (ms): Min: 587.2, Avg: 587.3, Max: 587.4, Diff: 0.1]
      [Ext Root Scanning (ms): Min: 0.0, Avg: 0.1, Max: 0.1, Diff: 0.1, Sum: 0.5]
      [Update RS (ms): Min: 0.0, Avg: 0.1, Max: 0.3, Diff: 0.3, Sum: 0.5]
         [Processed Buffers: Min: 1, Avg: 1.2, Max: 2, Diff: 1, Sum: 7]
      [Scan RS (ms): Min: 0.0, Avg: 0.0, Max: 0.0, Diff: 0.0, Sum: 0.0]
      [Code Root Scanning (ms): Min: 0.0, Avg: 0.0, Max: 0.0, Diff: 0.0, Sum: 0.0]
      [Object Copy (ms): Min: 0.4, Avg: 0.5, Max: 0.6, Diff: 0.2, Sum: 3.2]
      [Termination (ms): Min: 0.0, Avg: 0.1, Max: 0.1, Diff: 0.1, Sum: 0.4]
         [Termination Attempts: Min: 1, Avg: 1.0, Max: 1, Diff: 0, Sum: 6]
      [GC Worker Other (ms): Min: 0.0, Avg: 0.0, Max: 0.0, Diff: 0.0, Sum: 0.0]
      [GC Worker Total (ms): Min: 0.7, Avg: 0.8, Max: 0.9, Diff: 0.2, Sum: 4.7]
      [GC Worker End (ms): Min: 588.1, Avg: 588.1, Max: 588.1, Diff: 0.0]
   [Code Root Fixup: 0.0 ms]
   [Code Root Purge: 0.0 ms]
   [Clear CT: 0.3 ms]
   [Other: 0.7 ms]
      [Choose CSet: 0.0 ms]
      [Ref Proc: 0.3 ms]
      [Ref Enq: 0.0 ms]
      [Redirty Cards: 0.2 ms]
      [Humongous Register: 0.1 ms]
      [Humongous Reclaim: 0.0 ms]
      [Free CSet: 0.0 ms]
   [Eden: 2048.0K(381.0M)->0.0B(369.0M) Survivors: 7168.0K->7168.0K Heap: 428.3M(1024.0M)->426.5M(1024.0M)]
 [Times: user=0.00 sys=0.00, real=0.00 secs] 
2020-10-28T19:17:35.237+0800: 0.589: [GC concurrent-root-region-scan-start]
2020-10-28T19:17:35.237+0800: 0.589: [GC concurrent-root-region-scan-end, 0.0001114 secs]
2020-10-28T19:17:35.237+0800: 0.589: [GC concurrent-mark-start]
2020-10-28T19:17:35.238+0800: 0.591: [GC concurrent-mark-end, 0.0014625 secs]
2020-10-28T19:17:35.238+0800: 0.591: [GC remark 2020-10-28T19:17:35.238+0800: 0.591: [Finalize Marking, 0.0002694 secs] 2020-10-28T19:17:35.239+0800: 0.591: [GC ref-proc, 0.0001375 secs] 2020-10-28T19:17:35.239+0800: 0.591: [Unloading, 0.0003948 secs], 0.0013276 secs]
 [Times: user=0.08 sys=0.00, real=0.00 secs] 
2020-10-28T19:17:35.240+0800: 0.592: [GC cleanup 440M->430M(1024M), 0.0012030 secs]
 [Times: user=0.00 sys=0.00, real=0.00 secs] 
2020-10-28T19:17:35.241+0800: 0.594: [GC concurrent-cleanup-start]
2020-10-28T19:17:35.241+0800: 0.594: [GC concurrent-cleanup-end, 0.0000129 secs]
2020-10-28T19:17:35.295+0800: 0.648: [GC pause (G1 Evacuation Pause) (young) (to-space exhausted), 0.0048427 secs]
   [Parallel Time: 3.1 ms, GC Workers: 6]
      [GC Worker Start (ms): Min: 647.8, Avg: 647.9, Max: 647.9, Diff: 0.1]
      [Ext Root Scanning (ms): Min: 0.1, Avg: 0.1, Max: 0.2, Diff: 0.1, Sum: 0.6]
      [Update RS (ms): Min: 0.2, Avg: 0.2, Max: 0.3, Diff: 0.0, Sum: 1.5]
         [Processed Buffers: Min: 1, Avg: 4.7, Max: 6, Diff: 5, Sum: 28]
      [Scan RS (ms): Min: 0.0, Avg: 0.0, Max: 0.0, Diff: 0.0, Sum: 0.2]
      [Code Root Scanning (ms): Min: 0.0, Avg: 0.0, Max: 0.0, Diff: 0.0, Sum: 0.0]
      [Object Copy (ms): Min: 2.3, Avg: 2.4, Max: 2.5, Diff: 0.1, Sum: 14.4]
      [Termination (ms): Min: 0.0, Avg: 0.1, Max: 0.1, Diff: 0.1, Sum: 0.3]
         [Termination Attempts: Min: 1, Avg: 1.0, Max: 1, Diff: 0, Sum: 6]
      [GC Worker Other (ms): Min: 0.0, Avg: 0.0, Max: 0.0, Diff: 0.0, Sum: 0.1]
      [GC Worker Total (ms): Min: 2.8, Avg: 2.9, Max: 2.9, Diff: 0.1, Sum: 17.2]
      [GC Worker End (ms): Min: 650.7, Avg: 650.7, Max: 650.7, Diff: 0.0]
   [Code Root Fixup: 0.0 ms]
   [Code Root Purge: 0.0 ms]
   [Clear CT: 0.3 ms]
   [Other: 1.4 ms]
      [Evacuation Failure: 0.6 ms]
      [Choose CSet: 0.0 ms]
      [Ref Proc: 0.2 ms]
      [Ref Enq: 0.0 ms]
      [Redirty Cards: 0.3 ms]
      [Humongous Register: 0.1 ms]
      [Humongous Reclaim: 0.1 ms]
      [Free CSet: 0.1 ms]
   [Eden: 369.0M(369.0M)->0.0B(29.0M) Survivors: 7168.0K->22.0M Heap: 889.4M(1024.0M)->719.3M(1024.0M)]
 [Times: user=0.00 sys=0.00, real=0.00 secs] 
2020-10-28T19:17:35.304+0800: 0.656: [GC pause (G1 Evacuation Pause) (mixed), 0.0057427 secs]
   [Parallel Time: 4.6 ms, GC Workers: 6]
      [GC Worker Start (ms): Min: 656.5, Avg: 656.6, Max: 656.6, Diff: 0.1]
      [Ext Root Scanning (ms): Min: 0.0, Avg: 0.1, Max: 0.2, Diff: 0.1, Sum: 0.6]
      [Update RS (ms): Min: 0.2, Avg: 0.2, Max: 0.2, Diff: 0.0, Sum: 1.2]
         [Processed Buffers: Min: 0, Avg: 3.7, Max: 5, Diff: 5, Sum: 22]
      [Scan RS (ms): Min: 0.0, Avg: 0.0, Max: 0.0, Diff: 0.0, Sum: 0.1]
      [Code Root Scanning (ms): Min: 0.0, Avg: 0.0, Max: 0.0, Diff: 0.0, Sum: 0.0]
      [Object Copy (ms): Min: 4.0, Avg: 4.0, Max: 4.0, Diff: 0.0, Sum: 23.8]
      [Termination (ms): Min: 0.0, Avg: 0.0, Max: 0.1, Diff: 0.1, Sum: 0.2]
         [Termination Attempts: Min: 1, Avg: 1.0, Max: 1, Diff: 0, Sum: 6]
      [GC Worker Other (ms): Min: 0.0, Avg: 0.0, Max: 0.0, Diff: 0.0, Sum: 0.0]
      [GC Worker Total (ms): Min: 4.3, Avg: 4.3, Max: 4.4, Diff: 0.1, Sum: 26.0]
      [GC Worker End (ms): Min: 660.9, Avg: 660.9, Max: 660.9, Diff: 0.0]
   [Code Root Fixup: 0.0 ms]
   [Code Root Purge: 0.0 ms]
   [Clear CT: 0.4 ms]
   [Other: 0.8 ms]
      [Choose CSet: 0.0 ms]
      [Ref Proc: 0.2 ms]
      [Ref Enq: 0.0 ms]
      [Redirty Cards: 0.3 ms]
      [Humongous Register: 0.1 ms]
      [Humongous Reclaim: 0.0 ms]
      [Free CSet: 0.1 ms]
   [Eden: 29.0M(29.0M)->0.0B(158.0M) Survivors: 22.0M->7168.0K Heap: 751.8M(1024.0M)->664.6M(1024.0M)]
 [Times: user=0.00 sys=0.00, real=0.01 secs] 
2020-10-28T19:17:35.311+0800: 0.663: [GC pause (G1 Humongous Allocation) (young) (initial-mark), 0.0016284 secs]
   [Parallel Time: 1.1 ms, GC Workers: 6]
      [GC Worker Start (ms): Min: 663.3, Avg: 663.3, Max: 663.3, Diff: 0.1]
      [Ext Root Scanning (ms): Min: 0.1, Avg: 0.1, Max: 0.2, Diff: 0.1, Sum: 0.7]
      [Update RS (ms): Min: 0.0, Avg: 0.1, Max: 0.1, Diff: 0.1, Sum: 0.5]
         [Processed Buffers: Min: 1, Avg: 1.2, Max: 2, Diff: 1, Sum: 7]
      [Scan RS (ms): Min: 0.0, Avg: 0.0, Max: 0.0, Diff: 0.0, Sum: 0.0]
      [Code Root Scanning (ms): Min: 0.0, Avg: 0.0, Max: 0.0, Diff: 0.0, Sum: 0.0]
      [Object Copy (ms): Min: 0.7, Avg: 0.8, Max: 0.8, Diff: 0.1, Sum: 4.7]
      [Termination (ms): Min: 0.0, Avg: 0.0, Max: 0.1, Diff: 0.1, Sum: 0.2]
         [Termination Attempts: Min: 1, Avg: 1.0, Max: 1, Diff: 0, Sum: 6]
      [GC Worker Other (ms): Min: 0.0, Avg: 0.0, Max: 0.0, Diff: 0.0, Sum: 0.0]
      [GC Worker Total (ms): Min: 1.0, Avg: 1.0, Max: 1.1, Diff: 0.1, Sum: 6.2]
      [GC Worker End (ms): Min: 664.3, Avg: 664.3, Max: 664.3, Diff: 0.0]
   [Code Root Fixup: 0.0 ms]
   [Code Root Purge: 0.0 ms]
   [Clear CT: 0.1 ms]
   [Other: 0.4 ms]
      [Choose CSet: 0.0 ms]
      [Ref Proc: 0.1 ms]
      [Ref Enq: 0.0 ms]
      [Redirty Cards: 0.2 ms]
      [Humongous Register: 0.1 ms]
      [Humongous Reclaim: 0.0 ms]
      [Free CSet: 0.0 ms]
   [Eden: 7168.0K(158.0M)->0.0B(145.0M) Survivors: 7168.0K->10.0M Heap: 671.6M(1024.0M)->665.8M(1024.0M)]
 [Times: user=0.00 sys=0.00, real=0.00 secs] 
2020-10-28T19:17:35.313+0800: 0.665: [GC concurrent-root-region-scan-start]
2020-10-28T19:17:35.313+0800: 0.665: [GC concurrent-root-region-scan-end, 0.0001028 secs]
2020-10-28T19:17:35.313+0800: 0.665: [GC concurrent-mark-start]
2020-10-28T19:17:35.315+0800: 0.667: [GC concurrent-mark-end, 0.0018336 secs]
2020-10-28T19:17:35.315+0800: 0.667: [GC remark 2020-10-28T19:17:35.315+0800: 0.667: [Finalize Marking, 0.0001523 secs] 2020-10-28T19:17:35.315+0800: 0.667: [GC ref-proc, 0.0001375 secs] 2020-10-28T19:17:35.315+0800: 0.667: [Unloading, 0.0004659 secs], 0.0013551 secs]
 [Times: user=0.00 sys=0.00, real=0.00 secs] 
2020-10-28T19:17:35.316+0800: 0.669: [GC cleanup 682M->667M(1024M), 0.0007520 secs]
 [Times: user=0.01 sys=0.00, real=0.00 secs] 
2020-10-28T19:17:35.317+0800: 0.669: [GC concurrent-cleanup-start]
2020-10-28T19:17:35.317+0800: 0.669: [GC concurrent-cleanup-end, 0.0000127 secs]
2020-10-28T19:17:35.336+0800: 0.689: [GC pause (G1 Evacuation Pause) (young), 0.0057555 secs]
   [Parallel Time: 5.3 ms, GC Workers: 6]
      [GC Worker Start (ms): Min: 688.9, Avg: 688.9, Max: 689.0, Diff: 0.1]
      [Ext Root Scanning (ms): Min: 0.0, Avg: 0.1, Max: 0.2, Diff: 0.1, Sum: 0.5]
      [Update RS (ms): Min: 0.3, Avg: 0.3, Max: 0.3, Diff: 0.0, Sum: 2.0]
         [Processed Buffers: Min: 1, Avg: 6.0, Max: 7, Diff: 6, Sum: 36]
      [Scan RS (ms): Min: 0.0, Avg: 0.0, Max: 0.0, Diff: 0.0, Sum: 0.1]
      [Code Root Scanning (ms): Min: 0.0, Avg: 0.0, Max: 0.0, Diff: 0.0, Sum: 0.0]
      [Object Copy (ms): Min: 4.6, Avg: 4.6, Max: 4.7, Diff: 0.1, Sum: 27.8]
      [Termination (ms): Min: 0.0, Avg: 0.1, Max: 0.2, Diff: 0.2, Sum: 0.4]
         [Termination Attempts: Min: 1, Avg: 1.8, Max: 2, Diff: 1, Sum: 11]
      [GC Worker Other (ms): Min: 0.0, Avg: 0.0, Max: 0.0, Diff: 0.0, Sum: 0.1]
      [GC Worker Total (ms): Min: 5.1, Avg: 5.1, Max: 5.2, Diff: 0.1, Sum: 30.8]
      [GC Worker End (ms): Min: 694.1, Avg: 694.1, Max: 694.1, Diff: 0.0]
   [Code Root Fixup: 0.0 ms]
   [Code Root Purge: 0.0 ms]
   [Clear CT: 0.1 ms]
   [Other: 0.4 ms]
      [Choose CSet: 0.0 ms]
      [Ref Proc: 0.1 ms]
      [Ref Enq: 0.0 ms]
      [Redirty Cards: 0.0 ms]
      [Humongous Register: 0.1 ms]
      [Humongous Reclaim: 0.1 ms]
      [Free CSet: 0.1 ms]
   [Eden: 145.0M(145.0M)->0.0B(31.0M) Survivors: 10.0M->20.0M Heap: 836.4M(1024.0M)->695.0M(1024.0M)]
 [Times: user=0.00 sys=0.00, real=0.01 secs] 
2020-10-28T19:17:35.346+0800: 0.698: [GC pause (G1 Evacuation Pause) (mixed), 0.0046917 secs]
   [Parallel Time: 4.2 ms, GC Workers: 6]
      [GC Worker Start (ms): Min: 698.4, Avg: 698.5, Max: 698.6, Diff: 0.1]
      [Ext Root Scanning (ms): Min: 0.0, Avg: 0.1, Max: 0.2, Diff: 0.1, Sum: 0.6]
      [Update RS (ms): Min: 0.2, Avg: 0.2, Max: 0.3, Diff: 0.0, Sum: 1.5]
         [Processed Buffers: Min: 2, Avg: 4.5, Max: 5, Diff: 3, Sum: 27]
      [Scan RS (ms): Min: 0.0, Avg: 0.0, Max: 0.0, Diff: 0.0, Sum: 0.1]
      [Code Root Scanning (ms): Min: 0.0, Avg: 0.0, Max: 0.0, Diff: 0.0, Sum: 0.0]
      [Object Copy (ms): Min: 3.6, Avg: 3.6, Max: 3.7, Diff: 0.1, Sum: 21.7]
      [Termination (ms): Min: 0.0, Avg: 0.1, Max: 0.1, Diff: 0.1, Sum: 0.6]
         [Termination Attempts: Min: 1, Avg: 1.0, Max: 1, Diff: 0, Sum: 6]
      [GC Worker Other (ms): Min: 0.0, Avg: 0.0, Max: 0.0, Diff: 0.0, Sum: 0.0]
      [GC Worker Total (ms): Min: 4.0, Avg: 4.1, Max: 4.2, Diff: 0.1, Sum: 24.6]
      [GC Worker End (ms): Min: 702.6, Avg: 702.6, Max: 702.6, Diff: 0.0]
   [Code Root Fixup: 0.0 ms]
   [Code Root Purge: 0.0 ms]
   [Clear CT: 0.0 ms]
   [Other: 0.4 ms]
      [Choose CSet: 0.0 ms]
      [Ref Proc: 0.1 ms]
      [Ref Enq: 0.0 ms]
      [Redirty Cards: 0.0 ms]
      [Humongous Register: 0.1 ms]
      [Humongous Reclaim: 0.0 ms]
      [Free CSet: 0.1 ms]
   [Eden: 31.0M(31.0M)->0.0B(44.0M) Survivors: 20.0M->7168.0K Heap: 734.2M(1024.0M)->610.7M(1024.0M)]
 [Times: user=0.08 sys=0.02, real=0.01 secs] 
2020-10-28T19:17:35.356+0800: 0.708: [GC pause (G1 Evacuation Pause) (mixed), 0.0053686 secs]
   [Parallel Time: 4.3 ms, GC Workers: 6]
      [GC Worker Start (ms): Min: 708.6, Avg: 708.6, Max: 708.7, Diff: 0.1]
      [Ext Root Scanning (ms): Min: 0.1, Avg: 0.1, Max: 0.2, Diff: 0.1, Sum: 0.7]
      [Update RS (ms): Min: 0.3, Avg: 0.3, Max: 0.4, Diff: 0.0, Sum: 2.1]
         [Processed Buffers: Min: 3, Avg: 6.5, Max: 8, Diff: 5, Sum: 39]
      [Scan RS (ms): Min: 0.0, Avg: 0.0, Max: 0.0, Diff: 0.0, Sum: 0.1]
      [Code Root Scanning (ms): Min: 0.0, Avg: 0.0, Max: 0.0, Diff: 0.0, Sum: 0.0]
      [Object Copy (ms): Min: 3.7, Avg: 3.7, Max: 3.8, Diff: 0.1, Sum: 22.4]
      [Termination (ms): Min: 0.0, Avg: 0.0, Max: 0.1, Diff: 0.1, Sum: 0.2]
         [Termination Attempts: Min: 1, Avg: 1.0, Max: 1, Diff: 0, Sum: 6]
      [GC Worker Other (ms): Min: 0.0, Avg: 0.0, Max: 0.0, Diff: 0.0, Sum: 0.0]
      [GC Worker Total (ms): Min: 4.2, Avg: 4.3, Max: 4.3, Diff: 0.1, Sum: 25.6]
      [GC Worker End (ms): Min: 712.9, Avg: 712.9, Max: 712.9, Diff: 0.0]
   [Code Root Fixup: 0.0 ms]
   [Code Root Purge: 0.0 ms]
   [Clear CT: 0.3 ms]
   [Other: 0.7 ms]
      [Choose CSet: 0.0 ms]
      [Ref Proc: 0.3 ms]
      [Ref Enq: 0.0 ms]
      [Redirty Cards: 0.2 ms]
      [Humongous Register: 0.1 ms]
      [Humongous Reclaim: 0.0 ms]
      [Free CSet: 0.1 ms]
   [Eden: 44.0M(44.0M)->0.0B(44.0M) Survivors: 7168.0K->7168.0K Heap: 662.5M(1024.0M)->538.6M(1024.0M)]
 [Times: user=0.00 sys=0.00, real=0.01 secs] 
2020-10-28T19:17:35.367+0800: 0.720: [GC pause (G1 Evacuation Pause) (mixed), 0.0061376 secs]
   [Parallel Time: 5.3 ms, GC Workers: 6]
      [GC Worker Start (ms): Min: 719.9, Avg: 720.0, Max: 720.0, Diff: 0.1]
      [Ext Root Scanning (ms): Min: 0.1, Avg: 0.1, Max: 0.2, Diff: 0.1, Sum: 0.7]
      [Update RS (ms): Min: 0.3, Avg: 0.3, Max: 0.4, Diff: 0.0, Sum: 2.1]
         [Processed Buffers: Min: 3, Avg: 6.5, Max: 8, Diff: 5, Sum: 39]
      [Scan RS (ms): Min: 0.0, Avg: 0.0, Max: 0.0, Diff: 0.0, Sum: 0.2]
      [Code Root Scanning (ms): Min: 0.0, Avg: 0.0, Max: 0.0, Diff: 0.0, Sum: 0.0]
      [Object Copy (ms): Min: 4.7, Avg: 4.7, Max: 4.7, Diff: 0.0, Sum: 28.2]
      [Termination (ms): Min: 0.0, Avg: 0.0, Max: 0.1, Diff: 0.1, Sum: 0.1]
         [Termination Attempts: Min: 1, Avg: 1.0, Max: 1, Diff: 0, Sum: 6]
      [GC Worker Other (ms): Min: 0.0, Avg: 0.0, Max: 0.0, Diff: 0.0, Sum: 0.0]
      [GC Worker Total (ms): Min: 5.1, Avg: 5.2, Max: 5.3, Diff: 0.1, Sum: 31.3]
      [GC Worker End (ms): Min: 725.2, Avg: 725.2, Max: 725.2, Diff: 0.0]
   [Code Root Fixup: 0.0 ms]
   [Code Root Purge: 0.0 ms]
   [Clear CT: 0.2 ms]
   [Other: 0.7 ms]
      [Choose CSet: 0.0 ms]
      [Ref Proc: 0.0 ms]
      [Ref Enq: 0.0 ms]
      [Redirty Cards: 0.2 ms]
      [Humongous Register: 0.1 ms]
      [Humongous Reclaim: 0.0 ms]
      [Free CSet: 0.1 ms]
   [Eden: 44.0M(44.0M)->0.0B(44.0M) Survivors: 7168.0K->7168.0K Heap: 595.4M(1024.0M)->486.9M(1024.0M)]
 [Times: user=0.00 sys=0.00, real=0.01 secs] 
2020-10-28T19:17:35.380+0800: 0.732: [GC pause (G1 Evacuation Pause) (mixed), 0.0043239 secs]
   [Parallel Time: 3.9 ms, GC Workers: 6]
      [GC Worker Start (ms): Min: 732.2, Avg: 732.2, Max: 732.3, Diff: 0.1]
      [Ext Root Scanning (ms): Min: 0.0, Avg: 0.1, Max: 0.2, Diff: 0.1, Sum: 0.7]
      [Update RS (ms): Min: 0.3, Avg: 0.3, Max: 0.3, Diff: 0.0, Sum: 1.7]
         [Processed Buffers: Min: 2, Avg: 5.3, Max: 6, Diff: 4, Sum: 32]
      [Scan RS (ms): Min: 0.0, Avg: 0.0, Max: 0.0, Diff: 0.0, Sum: 0.1]
      [Code Root Scanning (ms): Min: 0.0, Avg: 0.0, Max: 0.0, Diff: 0.0, Sum: 0.0]
      [Object Copy (ms): Min: 3.3, Avg: 3.3, Max: 3.3, Diff: 0.1, Sum: 19.7]
      [Termination (ms): Min: 0.0, Avg: 0.0, Max: 0.1, Diff: 0.1, Sum: 0.2]
         [Termination Attempts: Min: 1, Avg: 1.0, Max: 1, Diff: 0, Sum: 6]
      [GC Worker Other (ms): Min: 0.0, Avg: 0.0, Max: 0.0, Diff: 0.0, Sum: 0.0]
      [GC Worker Total (ms): Min: 3.7, Avg: 3.8, Max: 3.8, Diff: 0.2, Sum: 22.5]
      [GC Worker End (ms): Min: 736.0, Avg: 736.0, Max: 736.0, Diff: 0.0]
   [Code Root Fixup: 0.0 ms]
   [Code Root Purge: 0.0 ms]
   [Clear CT: 0.1 ms]
   [Other: 0.4 ms]
      [Choose CSet: 0.0 ms]
      [Ref Proc: 0.1 ms]
      [Ref Enq: 0.0 ms]
      [Redirty Cards: 0.1 ms]
      [Humongous Register: 0.1 ms]
      [Humongous Reclaim: 0.0 ms]
      [Free CSet: 0.1 ms]
   [Eden: 44.0M(44.0M)->0.0B(293.0M) Survivors: 7168.0K->7168.0K Heap: 545.0M(1024.0M)->473.2M(1024.0M)]
 [Times: user=0.00 sys=0.00, real=0.00 secs] 
2020-10-28T19:17:35.384+0800: 0.737: [GC pause (G1 Humongous Allocation) (young) (initial-mark), 0.0017141 secs]
   [Parallel Time: 1.0 ms, GC Workers: 6]
      [GC Worker Start (ms): Min: 736.7, Avg: 736.7, Max: 736.7, Diff: 0.1]
      [Ext Root Scanning (ms): Min: 0.1, Avg: 0.1, Max: 0.1, Diff: 0.1, Sum: 0.7]
      [Update RS (ms): Min: 0.0, Avg: 0.1, Max: 0.2, Diff: 0.2, Sum: 0.5]
         [Processed Buffers: Min: 1, Avg: 1.2, Max: 2, Diff: 1, Sum: 7]
      [Scan RS (ms): Min: 0.0, Avg: 0.0, Max: 0.0, Diff: 0.0, Sum: 0.0]
      [Code Root Scanning (ms): Min: 0.0, Avg: 0.0, Max: 0.0, Diff: 0.0, Sum: 0.0]
      [Object Copy (ms): Min: 0.5, Avg: 0.7, Max: 0.7, Diff: 0.3, Sum: 3.9]
      [Termination (ms): Min: 0.0, Avg: 0.1, Max: 0.1, Diff: 0.1, Sum: 0.3]
         [Termination Attempts: Min: 1, Avg: 1.0, Max: 1, Diff: 0, Sum: 6]
      [GC Worker Other (ms): Min: 0.0, Avg: 0.0, Max: 0.0, Diff: 0.0, Sum: 0.0]
      [GC Worker Total (ms): Min: 0.9, Avg: 0.9, Max: 0.9, Diff: 0.1, Sum: 5.5]
      [GC Worker End (ms): Min: 737.6, Avg: 737.6, Max: 737.6, Diff: 0.0]
   [Code Root Fixup: 0.0 ms]
   [Code Root Purge: 0.0 ms]
   [Clear CT: 0.2 ms]
   [Other: 0.5 ms]
      [Choose CSet: 0.0 ms]
      [Ref Proc: 0.1 ms]
      [Ref Enq: 0.0 ms]
      [Redirty Cards: 0.2 ms]
      [Humongous Register: 0.1 ms]
      [Humongous Reclaim: 0.0 ms]
      [Free CSet: 0.0 ms]
   [Eden: 1024.0K(293.0M)->0.0B(308.0M) Survivors: 7168.0K->7168.0K Heap: 473.3M(1024.0M)->472.9M(1024.0M)]
 [Times: user=0.00 sys=0.00, real=0.00 secs] 
2020-10-28T19:17:35.386+0800: 0.738: [GC concurrent-root-region-scan-start]
2020-10-28T19:17:35.386+0800: 0.739: [GC concurrent-root-region-scan-end, 0.0001145 secs]
2020-10-28T19:17:35.386+0800: 0.739: [GC concurrent-mark-start]
2020-10-28T19:17:35.388+0800: 0.740: [GC concurrent-mark-end, 0.0019645 secs]
2020-10-28T19:17:35.388+0800: 0.741: [GC remark 2020-10-28T19:17:35.389+0800: 0.741: [Finalize Marking, 0.0001040 secs] 2020-10-28T19:17:35.389+0800: 0.741: [GC ref-proc, 0.0001380 secs] 2020-10-28T19:17:35.389+0800: 0.741: [Unloading, 0.0004177 secs], 0.0013110 secs]
 [Times: user=0.00 sys=0.00, real=0.00 secs] 
2020-10-28T19:17:35.390+0800: 0.742: [GC cleanup 491M->484M(1024M), 0.0007335 secs]
 [Times: user=0.00 sys=0.00, real=0.00 secs] 
2020-10-28T19:17:35.391+0800: 0.743: [GC concurrent-cleanup-start]
2020-10-28T19:17:35.391+0800: 0.743: [GC concurrent-cleanup-end, 0.0000110 secs]
2020-10-28T19:17:35.441+0800: 0.793: [GC pause (G1 Evacuation Pause) (young) (to-space exhausted), 0.0066064 secs]
   [Parallel Time: 5.2 ms, GC Workers: 6]
      [GC Worker Start (ms): Min: 792.8, Avg: 792.9, Max: 793.4, Diff: 0.6]
      [Ext Root Scanning (ms): Min: 0.0, Avg: 0.1, Max: 0.2, Diff: 0.2, Sum: 0.6]
      [Update RS (ms): Min: 0.0, Avg: 0.3, Max: 0.4, Diff: 0.4, Sum: 2.0]
         [Processed Buffers: Min: 0, Avg: 6.5, Max: 9, Diff: 9, Sum: 39]
      [Scan RS (ms): Min: 0.0, Avg: 0.0, Max: 0.0, Diff: 0.0, Sum: 0.1]
      [Code Root Scanning (ms): Min: 0.0, Avg: 0.0, Max: 0.0, Diff: 0.0, Sum: 0.0]
      [Object Copy (ms): Min: 4.5, Avg: 4.5, Max: 4.6, Diff: 0.0, Sum: 27.2]
      [Termination (ms): Min: 0.0, Avg: 0.0, Max: 0.0, Diff: 0.0, Sum: 0.1]
         [Termination Attempts: Min: 1, Avg: 1.0, Max: 1, Diff: 0, Sum: 6]
      [GC Worker Other (ms): Min: 0.0, Avg: 0.0, Max: 0.0, Diff: 0.0, Sum: 0.0]
      [GC Worker Total (ms): Min: 4.6, Avg: 5.0, Max: 5.1, Diff: 0.6, Sum: 30.1]
      [GC Worker End (ms): Min: 797.9, Avg: 797.9, Max: 797.9, Diff: 0.0]
   [Code Root Fixup: 0.0 ms]
   [Code Root Purge: 0.0 ms]
   [Clear CT: 0.3 ms]
   [Other: 1.1 ms]
      [Evacuation Failure: 0.4 ms]
      [Choose CSet: 0.0 ms]
      [Ref Proc: 0.1 ms]
      [Ref Enq: 0.0 ms]
      [Redirty Cards: 0.1 ms]
      [Humongous Register: 0.1 ms]
      [Humongous Reclaim: 0.2 ms]
      [Free CSet: 0.1 ms]
   [Eden: 308.0M(308.0M)->0.0B(11.0M) Survivors: 7168.0K->40.0M Heap: 864.4M(1024.0M)->692.8M(1024.0M)]
 [Times: user=0.08 sys=0.00, real=0.01 secs] 
2020-10-28T19:17:35.449+0800: 0.801: [GC pause (G1 Evacuation Pause) (mixed), 0.0085713 secs]
   [Parallel Time: 8.0 ms, GC Workers: 6]
      [GC Worker Start (ms): Min: 801.4, Avg: 801.5, Max: 801.6, Diff: 0.2]
      [Ext Root Scanning (ms): Min: 0.0, Avg: 0.1, Max: 0.2, Diff: 0.2, Sum: 0.6]
      [Update RS (ms): Min: 0.2, Avg: 0.5, Max: 2.3, Diff: 2.2, Sum: 3.3]
         [Processed Buffers: Min: 0, Avg: 3.3, Max: 6, Diff: 6, Sum: 20]
      [Scan RS (ms): Min: 0.0, Avg: 0.0, Max: 0.1, Diff: 0.0, Sum: 0.2]
      [Code Root Scanning (ms): Min: 0.0, Avg: 0.0, Max: 0.0, Diff: 0.0, Sum: 0.0]
      [Object Copy (ms): Min: 5.3, Avg: 7.1, Max: 7.5, Diff: 2.2, Sum: 42.6]
      [Termination (ms): Min: 0.0, Avg: 0.0, Max: 0.1, Diff: 0.1, Sum: 0.3]
         [Termination Attempts: Min: 1, Avg: 1.5, Max: 3, Diff: 2, Sum: 9]
      [GC Worker Other (ms): Min: 0.0, Avg: 0.0, Max: 0.0, Diff: 0.0, Sum: 0.0]
      [GC Worker Total (ms): Min: 7.7, Avg: 7.8, Max: 7.9, Diff: 0.2, Sum: 47.0]
      [GC Worker End (ms): Min: 809.3, Avg: 809.3, Max: 809.3, Diff: 0.0]
   [Code Root Fixup: 0.0 ms]
   [Code Root Purge: 0.0 ms]
   [Clear CT: 0.1 ms]
   [Other: 0.5 ms]
      [Choose CSet: 0.0 ms]
      [Ref Proc: 0.0 ms]
      [Ref Enq: 0.0 ms]
      [Redirty Cards: 0.0 ms]
      [Humongous Register: 0.1 ms]
      [Humongous Reclaim: 0.0 ms]
      [Free CSet: 0.2 ms]
   [Eden: 11.0M(11.0M)->0.0B(190.0M) Survivors: 40.0M->4096.0K Heap: 705.2M(1024.0M)->621.6M(1024.0M)]
 [Times: user=0.08 sys=0.00, real=0.01 secs] 
2020-10-28T19:17:35.459+0800: 0.811: [GC pause (G1 Humongous Allocation) (young) (initial-mark), 0.0018085 secs]
   [Parallel Time: 1.0 ms, GC Workers: 6]
      [GC Worker Start (ms): Min: 811.0, Avg: 811.1, Max: 811.2, Diff: 0.2]
      [Ext Root Scanning (ms): Min: 0.0, Avg: 0.1, Max: 0.2, Diff: 0.2, Sum: 0.8]
      [Update RS (ms): Min: 0.0, Avg: 0.1, Max: 0.2, Diff: 0.2, Sum: 0.7]
         [Processed Buffers: Min: 1, Avg: 1.2, Max: 2, Diff: 1, Sum: 7]
      [Scan RS (ms): Min: 0.0, Avg: 0.0, Max: 0.0, Diff: 0.0, Sum: 0.0]
      [Code Root Scanning (ms): Min: 0.0, Avg: 0.0, Max: 0.0, Diff: 0.0, Sum: 0.0]
      [Object Copy (ms): Min: 0.4, Avg: 0.5, Max: 0.6, Diff: 0.3, Sum: 2.9]
      [Termination (ms): Min: 0.0, Avg: 0.1, Max: 0.1, Diff: 0.1, Sum: 0.4]
         [Termination Attempts: Min: 1, Avg: 1.0, Max: 1, Diff: 0, Sum: 6]
      [GC Worker Other (ms): Min: 0.0, Avg: 0.0, Max: 0.0, Diff: 0.0, Sum: 0.0]
      [GC Worker Total (ms): Min: 0.7, Avg: 0.8, Max: 0.9, Diff: 0.2, Sum: 4.9]
      [GC Worker End (ms): Min: 811.9, Avg: 811.9, Max: 811.9, Diff: 0.0]
   [Code Root Fixup: 0.0 ms]
   [Code Root Purge: 0.0 ms]
   [Clear CT: 0.2 ms]
   [Other: 0.6 ms]
      [Choose CSet: 0.0 ms]
      [Ref Proc: 0.1 ms]
      [Ref Enq: 0.0 ms]
      [Redirty Cards: 0.3 ms]
      [Humongous Register: 0.1 ms]
      [Humongous Reclaim: 0.0 ms]
      [Free CSet: 0.0 ms]
   [Eden: 6144.0K(190.0M)->0.0B(195.0M) Survivors: 4096.0K->5120.0K Heap: 626.9M(1024.0M)->622.3M(1024.0M)]
 [Times: user=0.00 sys=0.00, real=0.00 secs] 
2020-10-28T19:17:35.461+0800: 0.813: [GC concurrent-root-region-scan-start]
2020-10-28T19:17:35.461+0800: 0.813: [GC concurrent-root-region-scan-end, 0.0001323 secs]
2020-10-28T19:17:35.461+0800: 0.813: [GC concurrent-mark-start]
2020-10-28T19:17:35.463+0800: 0.815: [GC concurrent-mark-end, 0.0023298 secs]
2020-10-28T19:17:35.463+0800: 0.815: [GC remark 2020-10-28T19:17:35.463+0800: 0.815: [Finalize Marking, 0.0001340 secs] 2020-10-28T19:17:35.464+0800: 0.816: [GC ref-proc, 0.0001439 secs] 2020-10-28T19:17:35.464+0800: 0.816: [Unloading, 0.0005106 secs], 0.0014287 secs]
 [Times: user=0.00 sys=0.00, real=0.00 secs] 
2020-10-28T19:17:35.465+0800: 0.817: [GC cleanup 642M->636M(1024M), 0.0010571 secs]
 [Times: user=0.00 sys=0.00, real=0.00 secs] 
2020-10-28T19:17:35.466+0800: 0.818: [GC concurrent-cleanup-start]
2020-10-28T19:17:35.466+0800: 0.818: [GC concurrent-cleanup-end, 0.0000122 secs]
2020-10-28T19:17:35.497+0800: 0.849: [GC pause (G1 Evacuation Pause) (young), 0.0075617 secs]
   [Parallel Time: 6.7 ms, GC Workers: 6]
      [GC Worker Start (ms): Min: 848.9, Avg: 848.9, Max: 849.0, Diff: 0.1]
      [Ext Root Scanning (ms): Min: 0.1, Avg: 0.1, Max: 0.2, Diff: 0.1, Sum: 0.7]
      [Update RS (ms): Min: 0.5, Avg: 0.5, Max: 0.5, Diff: 0.0, Sum: 2.9]
         [Processed Buffers: Min: 5, Avg: 9.0, Max: 10, Diff: 5, Sum: 54]
      [Scan RS (ms): Min: 0.0, Avg: 0.0, Max: 0.0, Diff: 0.0, Sum: 0.1]
      [Code Root Scanning (ms): Min: 0.0, Avg: 0.0, Max: 0.0, Diff: 0.0, Sum: 0.0]
      [Object Copy (ms): Min: 5.8, Avg: 5.9, Max: 5.9, Diff: 0.1, Sum: 35.2]
      [Termination (ms): Min: 0.0, Avg: 0.0, Max: 0.1, Diff: 0.1, Sum: 0.3]
         [Termination Attempts: Min: 1, Avg: 1.0, Max: 1, Diff: 0, Sum: 6]
      [GC Worker Other (ms): Min: 0.0, Avg: 0.0, Max: 0.0, Diff: 0.0, Sum: 0.1]
      [GC Worker Total (ms): Min: 6.5, Avg: 6.6, Max: 6.6, Diff: 0.1, Sum: 39.4]
      [GC Worker End (ms): Min: 855.5, Avg: 855.5, Max: 855.5, Diff: 0.0]
   [Code Root Fixup: 0.0 ms]
   [Code Root Purge: 0.0 ms]
   [Clear CT: 0.1 ms]
   [Other: 0.7 ms]
      [Choose CSet: 0.0 ms]
      [Ref Proc: 0.1 ms]
      [Ref Enq: 0.0 ms]
      [Redirty Cards: 0.2 ms]
      [Humongous Register: 0.1 ms]
      [Humongous Reclaim: 0.1 ms]
      [Free CSet: 0.1 ms]
   [Eden: 195.0M(195.0M)->0.0B(26.0M) Survivors: 5120.0K->25.0M Heap: 865.1M(1024.0M)->675.7M(1024.0M)]
 [Times: user=0.02 sys=0.00, real=0.01 secs] 
2020-10-28T19:17:35.508+0800: 0.860: [GC pause (G1 Evacuation Pause) (mixed), 0.0052033 secs]
   [Parallel Time: 4.5 ms, GC Workers: 6]
      [GC Worker Start (ms): Min: 860.7, Avg: 860.7, Max: 860.8, Diff: 0.2]
      [Ext Root Scanning (ms): Min: 0.0, Avg: 0.1, Max: 0.1, Diff: 0.1, Sum: 0.6]
      [Update RS (ms): Min: 0.5, Avg: 0.9, Max: 2.9, Diff: 2.4, Sum: 5.5]
         [Processed Buffers: Min: 0, Avg: 8.8, Max: 11, Diff: 11, Sum: 53]
      [Scan RS (ms): Min: 0.0, Avg: 0.0, Max: 0.0, Diff: 0.0, Sum: 0.1]
      [Code Root Scanning (ms): Min: 0.0, Avg: 0.0, Max: 0.0, Diff: 0.0, Sum: 0.0]
      [Object Copy (ms): Min: 1.3, Avg: 3.3, Max: 3.7, Diff: 2.4, Sum: 19.8]
      [Termination (ms): Min: 0.0, Avg: 0.0, Max: 0.0, Diff: 0.0, Sum: 0.1]
         [Termination Attempts: Min: 1, Avg: 1.0, Max: 1, Diff: 0, Sum: 6]
      [GC Worker Other (ms): Min: 0.0, Avg: 0.0, Max: 0.0, Diff: 0.0, Sum: 0.0]
      [GC Worker Total (ms): Min: 4.2, Avg: 4.4, Max: 4.4, Diff: 0.2, Sum: 26.2]
      [GC Worker End (ms): Min: 865.1, Avg: 865.1, Max: 865.1, Diff: 0.0]
   [Code Root Fixup: 0.0 ms]
   [Code Root Purge: 0.0 ms]
   [Clear CT: 0.1 ms]
   [Other: 0.6 ms]
      [Choose CSet: 0.0 ms]
      [Ref Proc: 0.1 ms]
      [Ref Enq: 0.0 ms]
      [Redirty Cards: 0.2 ms]
      [Humongous Register: 0.1 ms]
      [Humongous Reclaim: 0.0 ms]
      [Free CSet: 0.1 ms]
   [Eden: 26.0M(26.0M)->0.0B(44.0M) Survivors: 25.0M->7168.0K Heap: 707.4M(1024.0M)->584.2M(1024.0M)]
 [Times: user=0.00 sys=0.00, real=0.01 secs] 
2020-10-28T19:17:35.520+0800: 0.873: [GC pause (G1 Evacuation Pause) (mixed), 0.0059132 secs]
   [Parallel Time: 5.2 ms, GC Workers: 6]
      [GC Worker Start (ms): Min: 872.9, Avg: 872.9, Max: 873.0, Diff: 0.1]
      [Ext Root Scanning (ms): Min: 0.1, Avg: 0.1, Max: 0.2, Diff: 0.1, Sum: 0.7]
      [Update RS (ms): Min: 0.5, Avg: 0.9, Max: 3.3, Diff: 2.8, Sum: 5.6]
         [Processed Buffers: Min: 4, Avg: 8.2, Max: 11, Diff: 7, Sum: 49]
      [Scan RS (ms): Min: 0.0, Avg: 0.0, Max: 0.1, Diff: 0.0, Sum: 0.2]
      [Code Root Scanning (ms): Min: 0.0, Avg: 0.0, Max: 0.0, Diff: 0.0, Sum: 0.0]
      [Object Copy (ms): Min: 1.7, Avg: 4.0, Max: 4.5, Diff: 2.8, Sum: 24.1]
      [Termination (ms): Min: 0.0, Avg: 0.1, Max: 0.1, Diff: 0.1, Sum: 0.3]
         [Termination Attempts: Min: 1, Avg: 1.0, Max: 1, Diff: 0, Sum: 6]
      [GC Worker Other (ms): Min: 0.0, Avg: 0.0, Max: 0.0, Diff: 0.0, Sum: 0.1]
      [GC Worker Total (ms): Min: 5.1, Avg: 5.2, Max: 5.2, Diff: 0.1, Sum: 31.0]
      [GC Worker End (ms): Min: 878.1, Avg: 878.1, Max: 878.1, Diff: 0.0]
   [Code Root Fixup: 0.0 ms]
   [Code Root Purge: 0.0 ms]
   [Clear CT: 0.1 ms]
   [Other: 0.6 ms]
      [Choose CSet: 0.0 ms]
      [Ref Proc: 0.1 ms]
      [Ref Enq: 0.0 ms]
      [Redirty Cards: 0.0 ms]
      [Humongous Register: 0.1 ms]
      [Humongous Reclaim: 0.1 ms]
      [Free CSet: 0.2 ms]
   [Eden: 44.0M(44.0M)->0.0B(44.0M) Survivors: 7168.0K->7168.0K Heap: 639.4M(1024.0M)->521.2M(1024.0M)]
 [Times: user=0.00 sys=0.00, real=0.01 secs] 
2020-10-28T19:17:35.533+0800: 0.886: [GC pause (G1 Evacuation Pause) (mixed), 0.0067618 secs]
   [Parallel Time: 6.2 ms, GC Workers: 6]
      [GC Worker Start (ms): Min: 886.0, Avg: 886.1, Max: 886.7, Diff: 0.8]
      [Ext Root Scanning (ms): Min: 0.0, Avg: 0.1, Max: 0.2, Diff: 0.2, Sum: 0.6]
      [Update RS (ms): Min: 0.0, Avg: 0.5, Max: 0.6, Diff: 0.6, Sum: 2.9]
         [Processed Buffers: Min: 0, Avg: 9.5, Max: 13, Diff: 13, Sum: 57]
      [Scan RS (ms): Min: 0.0, Avg: 0.0, Max: 0.0, Diff: 0.0, Sum: 0.2]
      [Code Root Scanning (ms): Min: 0.0, Avg: 0.0, Max: 0.0, Diff: 0.0, Sum: 0.0]
      [Object Copy (ms): Min: 5.3, Avg: 5.3, Max: 5.4, Diff: 0.1, Sum: 31.9]
      [Termination (ms): Min: 0.0, Avg: 0.0, Max: 0.1, Diff: 0.1, Sum: 0.2]
         [Termination Attempts: Min: 1, Avg: 1.2, Max: 2, Diff: 1, Sum: 7]
      [GC Worker Other (ms): Min: 0.0, Avg: 0.0, Max: 0.0, Diff: 0.0, Sum: 0.0]
      [GC Worker Total (ms): Min: 5.4, Avg: 6.0, Max: 6.1, Diff: 0.8, Sum: 35.8]
      [GC Worker End (ms): Min: 892.1, Avg: 892.1, Max: 892.1, Diff: 0.0]
   [Code Root Fixup: 0.0 ms]
   [Code Root Purge: 0.0 ms]
   [Clear CT: 0.1 ms]
   [Other: 0.5 ms]
      [Choose CSet: 0.0 ms]
      [Ref Proc: 0.1 ms]
      [Ref Enq: 0.0 ms]
      [Redirty Cards: 0.1 ms]
      [Humongous Register: 0.1 ms]
      [Humongous Reclaim: 0.0 ms]
      [Free CSet: 0.1 ms]
   [Eden: 44.0M(44.0M)->0.0B(297.0M) Survivors: 7168.0K->7168.0K Heap: 575.6M(1024.0M)->493.3M(1024.0M)]
 [Times: user=0.06 sys=0.00, real=0.01 secs] 
2020-10-28T19:17:35.540+0800: 0.893: [GC pause (G1 Humongous Allocation) (young) (initial-mark), 0.0013693 secs]
   [Parallel Time: 0.9 ms, GC Workers: 6]
      [GC Worker Start (ms): Min: 892.9, Avg: 892.9, Max: 893.0, Diff: 0.1]
      [Ext Root Scanning (ms): Min: 0.0, Avg: 0.1, Max: 0.2, Diff: 0.2, Sum: 0.8]
      [Update RS (ms): Min: 0.0, Avg: 0.1, Max: 0.1, Diff: 0.1, Sum: 0.3]
         [Processed Buffers: Min: 0, Avg: 1.2, Max: 3, Diff: 3, Sum: 7]
      [Scan RS (ms): Min: 0.0, Avg: 0.0, Max: 0.0, Diff: 0.0, Sum: 0.0]
      [Code Root Scanning (ms): Min: 0.0, Avg: 0.0, Max: 0.0, Diff: 0.0, Sum: 0.0]
      [Object Copy (ms): Min: 0.5, Avg: 0.5, Max: 0.6, Diff: 0.1, Sum: 3.2]
      [Termination (ms): Min: 0.0, Avg: 0.1, Max: 0.1, Diff: 0.1, Sum: 0.4]
         [Termination Attempts: Min: 1, Avg: 1.0, Max: 1, Diff: 0, Sum: 6]
      [GC Worker Other (ms): Min: 0.0, Avg: 0.0, Max: 0.0, Diff: 0.0, Sum: 0.0]
      [GC Worker Total (ms): Min: 0.7, Avg: 0.8, Max: 0.8, Diff: 0.1, Sum: 4.8]
      [GC Worker End (ms): Min: 893.7, Avg: 893.7, Max: 893.7, Diff: 0.0]
   [Code Root Fixup: 0.0 ms]
   [Code Root Purge: 0.0 ms]
   [Clear CT: 0.1 ms]
   [Other: 0.4 ms]
      [Choose CSet: 0.0 ms]
      [Ref Proc: 0.1 ms]
      [Ref Enq: 0.0 ms]
      [Redirty Cards: 0.1 ms]
      [Humongous Register: 0.1 ms]
      [Humongous Reclaim: 0.0 ms]
      [Free CSet: 0.0 ms]
   [Eden: 1024.0K(297.0M)->0.0B(309.0M) Survivors: 7168.0K->8192.0K Heap: 493.7M(1024.0M)->493.9M(1024.0M)]
 [Times: user=0.00 sys=0.00, real=0.00 secs] 
2020-10-28T19:17:35.541+0800: 0.894: [GC concurrent-root-region-scan-start]
2020-10-28T19:17:35.542+0800: 0.894: [GC concurrent-root-region-scan-end, 0.0001734 secs]
2020-10-28T19:17:35.542+0800: 0.894: [GC concurrent-mark-start]
2020-10-28T19:17:35.544+0800: 0.896: [GC concurrent-mark-end, 0.0019408 secs]
2020-10-28T19:17:35.544+0800: 0.896: [GC remark 2020-10-28T19:17:35.544+0800: 0.896: [Finalize Marking, 0.0001389 secs] 2020-10-28T19:17:35.544+0800: 0.897: [GC ref-proc, 0.0001388 secs] 2020-10-28T19:17:35.544+0800: 0.897: [Unloading, 0.0003827 secs], 0.0012735 secs]
 [Times: user=0.00 sys=0.00, real=0.00 secs] 
2020-10-28T19:17:35.545+0800: 0.898: [GC cleanup 509M->506M(1024M), 0.0006547 secs]
 [Times: user=0.00 sys=0.00, real=0.00 secs] 
2020-10-28T19:17:35.546+0800: 0.898: [GC concurrent-cleanup-start]
2020-10-28T19:17:35.546+0800: 0.898: [GC concurrent-cleanup-end, 0.0000100 secs]
2020-10-28T19:17:35.594+0800: 0.947: [GC pause (G1 Evacuation Pause) (young) (to-space exhausted), 0.0044123 secs]
   [Parallel Time: 3.4 ms, GC Workers: 6]
      [GC Worker Start (ms): Min: 947.3, Avg: 947.3, Max: 947.3, Diff: 0.0]
      [Ext Root Scanning (ms): Min: 0.1, Avg: 0.1, Max: 0.1, Diff: 0.0, Sum: 0.8]
      [Update RS (ms): Min: 0.6, Avg: 0.6, Max: 0.6, Diff: 0.0, Sum: 3.6]
         [Processed Buffers: Min: 7, Avg: 11.0, Max: 12, Diff: 5, Sum: 66]
      [Scan RS (ms): Min: 0.0, Avg: 0.0, Max: 0.0, Diff: 0.0, Sum: 0.2]
      [Code Root Scanning (ms): Min: 0.0, Avg: 0.0, Max: 0.0, Diff: 0.0, Sum: 0.0]
      [Object Copy (ms): Min: 2.5, Avg: 2.5, Max: 2.6, Diff: 0.0, Sum: 15.3]
      [Termination (ms): Min: 0.0, Avg: 0.0, Max: 0.0, Diff: 0.0, Sum: 0.1]
         [Termination Attempts: Min: 1, Avg: 1.0, Max: 1, Diff: 0, Sum: 6]
      [GC Worker Other (ms): Min: 0.0, Avg: 0.0, Max: 0.0, Diff: 0.0, Sum: 0.0]
      [GC Worker Total (ms): Min: 3.3, Avg: 3.3, Max: 3.3, Diff: 0.0, Sum: 19.9]
      [GC Worker End (ms): Min: 950.6, Avg: 950.6, Max: 950.6, Diff: 0.0]
   [Code Root Fixup: 0.0 ms]
   [Code Root Purge: 0.0 ms]
   [Clear CT: 0.1 ms]
   [Other: 1.0 ms]
      [Evacuation Failure: 0.4 ms]
      [Choose CSet: 0.0 ms]
      [Ref Proc: 0.1 ms]
      [Ref Enq: 0.0 ms]
      [Redirty Cards: 0.0 ms]
      [Humongous Register: 0.1 ms]
      [Humongous Reclaim: 0.2 ms]
      [Free CSet: 0.1 ms]
   [Eden: 309.0M(309.0M)->0.0B(25.0M) Survivors: 8192.0K->26.0M Heap: 885.4M(1024.0M)->737.7M(1024.0M)]
 [Times: user=0.08 sys=0.01, real=0.00 secs] 
2020-10-28T19:17:35.603+0800: 0.955: [GC pause (G1 Evacuation Pause) (mixed), 0.0069346 secs]
   [Parallel Time: 6.3 ms, GC Workers: 6]
      [GC Worker Start (ms): Min: 955.7, Avg: 955.7, Max: 955.8, Diff: 0.2]
      [Ext Root Scanning (ms): Min: 0.0, Avg: 0.1, Max: 0.1, Diff: 0.1, Sum: 0.7]
      [Update RS (ms): Min: 0.6, Avg: 0.7, Max: 0.8, Diff: 0.2, Sum: 4.0]
         [Processed Buffers: Min: 8, Avg: 11.2, Max: 13, Diff: 5, Sum: 67]
      [Scan RS (ms): Min: 0.0, Avg: 0.0, Max: 0.1, Diff: 0.1, Sum: 0.3]
      [Code Root Scanning (ms): Min: 0.0, Avg: 0.0, Max: 0.0, Diff: 0.0, Sum: 0.0]
      [Object Copy (ms): Min: 5.4, Avg: 5.4, Max: 5.5, Diff: 0.1, Sum: 32.6]
      [Termination (ms): Min: 0.0, Avg: 0.0, Max: 0.0, Diff: 0.0, Sum: 0.1]
         [Termination Attempts: Min: 1, Avg: 1.0, Max: 1, Diff: 0, Sum: 6]
      [GC Worker Other (ms): Min: 0.0, Avg: 0.0, Max: 0.0, Diff: 0.0, Sum: 0.0]
      [GC Worker Total (ms): Min: 6.2, Avg: 6.3, Max: 6.3, Diff: 0.2, Sum: 37.7]
      [GC Worker End (ms): Min: 962.0, Avg: 962.0, Max: 962.0, Diff: 0.0]
   [Code Root Fixup: 0.0 ms]
   [Code Root Purge: 0.0 ms]
   [Clear CT: 0.1 ms]
   [Other: 0.5 ms]
      [Choose CSet: 0.0 ms]
      [Ref Proc: 0.1 ms]
      [Ref Enq: 0.0 ms]
      [Redirty Cards: 0.1 ms]
      [Humongous Register: 0.1 ms]
      [Humongous Reclaim: 0.0 ms]
      [Free CSet: 0.1 ms]
   [Eden: 25.0M(25.0M)->0.0B(44.0M) Survivors: 26.0M->7168.0K Heap: 769.6M(1024.0M)->667.6M(1024.0M)]
 [Times: user=0.00 sys=0.00, real=0.01 secs] 
2020-10-28T19:17:35.617+0800: 0.969: [GC pause (G1 Evacuation Pause) (mixed), 0.0037350 secs]
   [Parallel Time: 3.2 ms, GC Workers: 6]
      [GC Worker Start (ms): Min: 969.4, Avg: 969.4, Max: 969.5, Diff: 0.1]
      [Ext Root Scanning (ms): Min: 0.1, Avg: 0.1, Max: 0.2, Diff: 0.1, Sum: 0.8]
      [Update RS (ms): Min: 0.7, Avg: 0.7, Max: 0.7, Diff: 0.1, Sum: 4.2]
         [Processed Buffers: Min: 11, Avg: 12.2, Max: 15, Diff: 4, Sum: 73]
      [Scan RS (ms): Min: 0.0, Avg: 0.0, Max: 0.0, Diff: 0.0, Sum: 0.0]
      [Code Root Scanning (ms): Min: 0.0, Avg: 0.0, Max: 0.0, Diff: 0.0, Sum: 0.0]
      [Object Copy (ms): Min: 2.2, Avg: 2.3, Max: 2.3, Diff: 0.1, Sum: 13.5]
      [Termination (ms): Min: 0.0, Avg: 0.0, Max: 0.1, Diff: 0.1, Sum: 0.2]
         [Termination Attempts: Min: 1, Avg: 1.0, Max: 1, Diff: 0, Sum: 6]
      [GC Worker Other (ms): Min: 0.0, Avg: 0.0, Max: 0.0, Diff: 0.0, Sum: 0.0]
      [GC Worker Total (ms): Min: 3.1, Avg: 3.1, Max: 3.1, Diff: 0.1, Sum: 18.7]
      [GC Worker End (ms): Min: 972.6, Avg: 972.6, Max: 972.6, Diff: 0.0]
   [Code Root Fixup: 0.0 ms]
   [Code Root Purge: 0.0 ms]
   [Clear CT: 0.1 ms]
   [Other: 0.4 ms]
      [Choose CSet: 0.0 ms]
      [Ref Proc: 0.0 ms]
      [Ref Enq: 0.0 ms]
      [Redirty Cards: 0.1 ms]
      [Humongous Register: 0.1 ms]
      [Humongous Reclaim: 0.0 ms]
      [Free CSet: 0.0 ms]
   [Eden: 44.0M(44.0M)->0.0B(147.0M) Survivors: 7168.0K->7168.0K Heap: 719.7M(1024.0M)->676.8M(1024.0M)]
 [Times: user=0.00 sys=0.00, real=0.00 secs] 
2020-10-28T19:17:35.621+0800: 0.973: [GC pause (G1 Humongous Allocation) (young) (initial-mark), 0.0013225 secs]
   [Parallel Time: 0.9 ms, GC Workers: 6]
      [GC Worker Start (ms): Min: 973.4, Avg: 973.4, Max: 973.4, Diff: 0.0]
      [Ext Root Scanning (ms): Min: 0.1, Avg: 0.1, Max: 0.1, Diff: 0.0, Sum: 0.7]
      [Update RS (ms): Min: 0.0, Avg: 0.1, Max: 0.1, Diff: 0.0, Sum: 0.3]
         [Processed Buffers: Min: 1, Avg: 1.2, Max: 2, Diff: 1, Sum: 7]
      [Scan RS (ms): Min: 0.0, Avg: 0.0, Max: 0.0, Diff: 0.0, Sum: 0.0]
      [Code Root Scanning (ms): Min: 0.0, Avg: 0.0, Max: 0.0, Diff: 0.0, Sum: 0.0]
      [Object Copy (ms): Min: 0.5, Avg: 0.6, Max: 0.7, Diff: 0.1, Sum: 3.5]
      [Termination (ms): Min: 0.0, Avg: 0.1, Max: 0.1, Diff: 0.1, Sum: 0.4]
         [Termination Attempts: Min: 1, Avg: 1.0, Max: 1, Diff: 0, Sum: 6]
      [GC Worker Other (ms): Min: 0.0, Avg: 0.0, Max: 0.0, Diff: 0.0, Sum: 0.0]
      [GC Worker Total (ms): Min: 0.8, Avg: 0.8, Max: 0.9, Diff: 0.0, Sum: 5.0]
      [GC Worker End (ms): Min: 974.2, Avg: 974.2, Max: 974.3, Diff: 0.0]
   [Code Root Fixup: 0.0 ms]
   [Code Root Purge: 0.0 ms]
   [Clear CT: 0.1 ms]
   [Other: 0.3 ms]
      [Choose CSet: 0.0 ms]
      [Ref Proc: 0.1 ms]
      [Ref Enq: 0.0 ms]
      [Redirty Cards: 0.1 ms]
      [Humongous Register: 0.1 ms]
      [Humongous Reclaim: 0.0 ms]
      [Free CSet: 0.0 ms]
   [Eden: 2048.0K(147.0M)->0.0B(150.0M) Survivors: 7168.0K->8192.0K Heap: 678.4M(1024.0M)->677.1M(1024.0M)]
 [Times: user=0.00 sys=0.00, real=0.00 secs] 
2020-10-28T19:17:35.622+0800: 0.975: [GC concurrent-root-region-scan-start]
2020-10-28T19:17:35.622+0800: 0.975: [GC concurrent-root-region-scan-end, 0.0000913 secs]
2020-10-28T19:17:35.622+0800: 0.975: [GC concurrent-mark-start]
2020-10-28T19:17:35.624+0800: 0.977: [GC concurrent-mark-end, 0.0019603 secs]
2020-10-28T19:17:35.624+0800: 0.977: [GC remark 2020-10-28T19:17:35.624+0800: 0.977: [Finalize Marking, 0.0000779 secs] 2020-10-28T19:17:35.624+0800: 0.977: [GC ref-proc, 0.0001417 secs] 2020-10-28T19:17:35.625+0800: 0.977: [Unloading, 0.0004153 secs], 0.0011635 secs]
 [Times: user=0.00 sys=0.00, real=0.00 secs] 
2020-10-28T19:17:35.626+0800: 0.978: [GC cleanup 697M->687M(1024M), 0.0005775 secs]
 [Times: user=0.00 sys=0.00, real=0.00 secs] 
2020-10-28T19:17:35.626+0800: 0.979: [GC concurrent-cleanup-start]
2020-10-28T19:17:35.626+0800: 0.979: [GC concurrent-cleanup-end, 0.0000099 secs]
2020-10-28T19:17:35.646+0800: 0.998: [GC pause (G1 Evacuation Pause) (young), 0.0069848 secs]
   [Parallel Time: 6.2 ms, GC Workers: 6]
      [GC Worker Start (ms): Min: 998.3, Avg: 998.4, Max: 998.7, Diff: 0.4]
      [Ext Root Scanning (ms): Min: 0.0, Avg: 0.1, Max: 0.1, Diff: 0.1, Sum: 0.6]
      [Update RS (ms): Min: 0.5, Avg: 0.7, Max: 0.8, Diff: 0.3, Sum: 4.4]
         [Processed Buffers: Min: 10, Avg: 13.8, Max: 16, Diff: 6, Sum: 83]
      [Scan RS (ms): Min: 0.0, Avg: 0.0, Max: 0.0, Diff: 0.0, Sum: 0.1]
      [Code Root Scanning (ms): Min: 0.0, Avg: 0.0, Max: 0.0, Diff: 0.0, Sum: 0.0]
      [Object Copy (ms): Min: 5.1, Avg: 5.2, Max: 5.2, Diff: 0.1, Sum: 31.2]
      [Termination (ms): Min: 0.0, Avg: 0.1, Max: 0.1, Diff: 0.1, Sum: 0.4]
         [Termination Attempts: Min: 1, Avg: 1.0, Max: 1, Diff: 0, Sum: 6]
      [GC Worker Other (ms): Min: 0.0, Avg: 0.0, Max: 0.0, Diff: 0.0, Sum: 0.1]
      [GC Worker Total (ms): Min: 5.8, Avg: 6.1, Max: 6.2, Diff: 0.4, Sum: 36.7]
      [GC Worker End (ms): Min: 1004.5, Avg: 1004.5, Max: 1004.5, Diff: 0.0]
   [Code Root Fixup: 0.0 ms]
   [Code Root Purge: 0.0 ms]
   [Clear CT: 0.1 ms]
   [Other: 0.7 ms]
      [Choose CSet: 0.0 ms]
      [Ref Proc: 0.1 ms]
      [Ref Enq: 0.0 ms]
      [Redirty Cards: 0.1 ms]
      [Humongous Register: 0.2 ms]
      [Humongous Reclaim: 0.1 ms]
      [Free CSet: 0.2 ms]
   [Eden: 150.0M(150.0M)->0.0B(31.0M) Survivors: 8192.0K->20.0M Heap: 861.1M(1024.0M)->715.2M(1024.0M)]
 [Times: user=0.00 sys=0.00, real=0.01 secs] 
2020-10-28T19:17:35.658+0800: 1.010: [GC pause (G1 Evacuation Pause) (mixed), 0.0056156 secs]
   [Parallel Time: 5.0 ms, GC Workers: 6]
      [GC Worker Start (ms): Min: 1010.7, Avg: 1010.8, Max: 1010.9, Diff: 0.2]
      [Ext Root Scanning (ms): Min: 0.0, Avg: 0.1, Max: 0.2, Diff: 0.2, Sum: 0.7]
      [Update RS (ms): Min: 1.0, Avg: 1.1, Max: 1.2, Diff: 0.2, Sum: 6.7]
         [Processed Buffers: Min: 1, Avg: 18.3, Max: 22, Diff: 21, Sum: 110]
      [Scan RS (ms): Min: 0.0, Avg: 0.0, Max: 0.0, Diff: 0.0, Sum: 0.1]
      [Code Root Scanning (ms): Min: 0.0, Avg: 0.0, Max: 0.0, Diff: 0.0, Sum: 0.0]
      [Object Copy (ms): Min: 3.5, Avg: 3.6, Max: 3.6, Diff: 0.2, Sum: 21.5]
      [Termination (ms): Min: 0.0, Avg: 0.0, Max: 0.1, Diff: 0.1, Sum: 0.1]
         [Termination Attempts: Min: 1, Avg: 1.0, Max: 1, Diff: 0, Sum: 6]
      [GC Worker Other (ms): Min: 0.0, Avg: 0.0, Max: 0.0, Diff: 0.0, Sum: 0.0]
      [GC Worker Total (ms): Min: 4.7, Avg: 4.9, Max: 4.9, Diff: 0.2, Sum: 29.2]
      [GC Worker End (ms): Min: 1015.6, Avg: 1015.6, Max: 1015.6, Diff: 0.0]
   [Code Root Fixup: 0.0 ms]
   [Code Root Purge: 0.0 ms]
   [Clear CT: 0.1 ms]
   [Other: 0.6 ms]
      [Choose CSet: 0.0 ms]
      [Ref Proc: 0.1 ms]
      [Ref Enq: 0.0 ms]
      [Redirty Cards: 0.1 ms]
      [Humongous Register: 0.1 ms]
      [Humongous Reclaim: 0.1 ms]
      [Free CSet: 0.1 ms]
   [Eden: 31.0M(31.0M)->0.0B(44.0M) Survivors: 20.0M->7168.0K Heap: 759.1M(1024.0M)->632.2M(1024.0M)]
 [Times: user=0.08 sys=0.00, real=0.01 secs] 
2020-10-28T19:17:35.671+0800: 1.023: [GC pause (G1 Evacuation Pause) (mixed), 0.0062664 secs]
   [Parallel Time: 5.4 ms, GC Workers: 6]
      [GC Worker Start (ms): Min: 1023.6, Avg: 1023.7, Max: 1023.8, Diff: 0.2]
      [Ext Root Scanning (ms): Min: 0.0, Avg: 0.1, Max: 0.2, Diff: 0.2, Sum: 0.6]
      [Update RS (ms): Min: 0.6, Avg: 0.7, Max: 0.7, Diff: 0.1, Sum: 3.9]
         [Processed Buffers: Min: 0, Avg: 10.8, Max: 14, Diff: 14, Sum: 65]
      [Scan RS (ms): Min: 0.0, Avg: 0.0, Max: 0.1, Diff: 0.0, Sum: 0.2]
      [Code Root Scanning (ms): Min: 0.0, Avg: 0.0, Max: 0.0, Diff: 0.0, Sum: 0.0]
      [Object Copy (ms): Min: 4.4, Avg: 4.5, Max: 4.5, Diff: 0.1, Sum: 26.8]
      [Termination (ms): Min: 0.0, Avg: 0.0, Max: 0.1, Diff: 0.1, Sum: 0.2]
         [Termination Attempts: Min: 1, Avg: 1.0, Max: 1, Diff: 0, Sum: 6]
      [GC Worker Other (ms): Min: 0.0, Avg: 0.0, Max: 0.0, Diff: 0.0, Sum: 0.0]
      [GC Worker Total (ms): Min: 5.2, Avg: 5.3, Max: 5.3, Diff: 0.2, Sum: 31.7]
      [GC Worker End (ms): Min: 1029.0, Avg: 1029.0, Max: 1029.0, Diff: 0.0]
   [Code Root Fixup: 0.0 ms]
   [Code Root Purge: 0.0 ms]
   [Clear CT: 0.2 ms]
   [Other: 0.6 ms]
      [Choose CSet: 0.0 ms]
      [Ref Proc: 0.1 ms]
      [Ref Enq: 0.0 ms]
      [Redirty Cards: 0.2 ms]
      [Humongous Register: 0.1 ms]
      [Humongous Reclaim: 0.0 ms]
      [Free CSet: 0.1 ms]
   [Eden: 44.0M(44.0M)->0.0B(44.0M) Survivors: 7168.0K->7168.0K Heap: 683.5M(1024.0M)->560.5M(1024.0M)]
 [Times: user=0.06 sys=0.00, real=0.01 secs] 
2020-10-28T19:17:35.684+0800: 1.037: [GC pause (G1 Evacuation Pause) (mixed), 0.0077353 secs]
   [Parallel Time: 7.0 ms, GC Workers: 6]
      [GC Worker Start (ms): Min: 1037.1, Avg: 1037.1, Max: 1037.2, Diff: 0.2]
      [Ext Root Scanning (ms): Min: 0.0, Avg: 0.1, Max: 0.2, Diff: 0.2, Sum: 0.6]
      [Update RS (ms): Min: 0.8, Avg: 1.9, Max: 5.9, Diff: 5.0, Sum: 11.5]
         [Processed Buffers: Min: 0, Avg: 13.7, Max: 18, Diff: 18, Sum: 82]
      [Scan RS (ms): Min: 0.0, Avg: 0.0, Max: 0.1, Diff: 0.0, Sum: 0.2]
      [Code Root Scanning (ms): Min: 0.0, Avg: 0.0, Max: 0.0, Diff: 0.0, Sum: 0.0]
      [Object Copy (ms): Min: 0.8, Avg: 4.7, Max: 5.9, Diff: 5.0, Sum: 28.3]
      [Termination (ms): Min: 0.0, Avg: 0.1, Max: 0.1, Diff: 0.1, Sum: 0.4]
         [Termination Attempts: Min: 1, Avg: 1.3, Max: 3, Diff: 2, Sum: 8]
      [GC Worker Other (ms): Min: 0.0, Avg: 0.0, Max: 0.1, Diff: 0.1, Sum: 0.1]
      [GC Worker Total (ms): Min: 6.7, Avg: 6.9, Max: 6.9, Diff: 0.2, Sum: 41.2]
      [GC Worker End (ms): Min: 1044.0, Avg: 1044.0, Max: 1044.0, Diff: 0.0]
   [Code Root Fixup: 0.0 ms]
   [Code Root Purge: 0.0 ms]
   [Clear CT: 0.1 ms]
   [Other: 0.6 ms]
      [Choose CSet: 0.0 ms]
      [Ref Proc: 0.1 ms]
      [Ref Enq: 0.0 ms]
      [Redirty Cards: 0.2 ms]
      [Humongous Register: 0.1 ms]
      [Humongous Reclaim: 0.0 ms]
      [Free CSet: 0.1 ms]
   [Eden: 44.0M(44.0M)->0.0B(44.0M) Survivors: 7168.0K->7168.0K Heap: 613.7M(1024.0M)->505.2M(1024.0M)]
 [Times: user=0.08 sys=0.00, real=0.01 secs] 
2020-10-28T19:17:35.700+0800: 1.052: [GC pause (G1 Evacuation Pause) (mixed), 0.0051727 secs]
   [Parallel Time: 4.6 ms, GC Workers: 6]
      [GC Worker Start (ms): Min: 1052.1, Avg: 1052.1, Max: 1052.2, Diff: 0.2]
      [Ext Root Scanning (ms): Min: 0.0, Avg: 0.1, Max: 0.1, Diff: 0.1, Sum: 0.6]
      [Update RS (ms): Min: 0.9, Avg: 1.5, Max: 4.4, Diff: 3.4, Sum: 9.1]
         [Processed Buffers: Min: 0, Avg: 15.8, Max: 20, Diff: 20, Sum: 95]
      [Scan RS (ms): Min: 0.0, Avg: 0.0, Max: 0.0, Diff: 0.0, Sum: 0.1]
      [Code Root Scanning (ms): Min: 0.0, Avg: 0.0, Max: 0.0, Diff: 0.0, Sum: 0.0]
      [Object Copy (ms): Min: 0.0, Avg: 2.8, Max: 3.4, Diff: 3.4, Sum: 16.5]
      [Termination (ms): Min: 0.0, Avg: 0.1, Max: 0.2, Diff: 0.2, Sum: 0.6]
         [Termination Attempts: Min: 1, Avg: 1.0, Max: 1, Diff: 0, Sum: 6]
      [GC Worker Other (ms): Min: 0.0, Avg: 0.0, Max: 0.0, Diff: 0.0, Sum: 0.0]
      [GC Worker Total (ms): Min: 4.4, Avg: 4.5, Max: 4.5, Diff: 0.2, Sum: 27.0]
      [GC Worker End (ms): Min: 1056.6, Avg: 1056.6, Max: 1056.6, Diff: 0.0]
   [Code Root Fixup: 0.0 ms]
   [Code Root Purge: 0.0 ms]
   [Clear CT: 0.1 ms]
   [Other: 0.5 ms]
      [Choose CSet: 0.0 ms]
      [Ref Proc: 0.1 ms]
      [Ref Enq: 0.0 ms]
      [Redirty Cards: 0.1 ms]
      [Humongous Register: 0.1 ms]
      [Humongous Reclaim: 0.0 ms]
      [Free CSet: 0.1 ms]
   [Eden: 44.0M(44.0M)->0.0B(285.0M) Survivors: 7168.0K->7168.0K Heap: 560.3M(1024.0M)->512.2M(1024.0M)]
 [Times: user=0.00 sys=0.00, real=0.00 secs] 
2020-10-28T19:17:35.705+0800: 1.057: [GC pause (G1 Humongous Allocation) (young) (initial-mark), 0.0015240 secs]
   [Parallel Time: 1.0 ms, GC Workers: 6]
      [GC Worker Start (ms): Min: 1057.5, Avg: 1057.5, Max: 1057.6, Diff: 0.1]
      [Ext Root Scanning (ms): Min: 0.0, Avg: 0.1, Max: 0.2, Diff: 0.2, Sum: 0.7]
      [Update RS (ms): Min: 0.0, Avg: 0.1, Max: 0.6, Diff: 0.6, Sum: 0.8]
         [Processed Buffers: Min: 1, Avg: 1.0, Max: 1, Diff: 0, Sum: 6]
      [Scan RS (ms): Min: 0.0, Avg: 0.0, Max: 0.0, Diff: 0.0, Sum: 0.0]
      [Code Root Scanning (ms): Min: 0.0, Avg: 0.0, Max: 0.0, Diff: 0.0, Sum: 0.0]
      [Object Copy (ms): Min: 0.1, Avg: 0.5, Max: 0.6, Diff: 0.5, Sum: 2.9]
      [Termination (ms): Min: 0.0, Avg: 0.1, Max: 0.2, Diff: 0.2, Sum: 0.4]
         [Termination Attempts: Min: 1, Avg: 1.3, Max: 2, Diff: 1, Sum: 8]
      [GC Worker Other (ms): Min: 0.0, Avg: 0.0, Max: 0.0, Diff: 0.0, Sum: 0.0]
      [GC Worker Total (ms): Min: 0.7, Avg: 0.8, Max: 0.8, Diff: 0.1, Sum: 4.8]
      [GC Worker End (ms): Min: 1058.3, Avg: 1058.3, Max: 1058.3, Diff: 0.0]
   [Code Root Fixup: 0.0 ms]
   [Code Root Purge: 0.0 ms]
   [Clear CT: 0.1 ms]
   [Other: 0.4 ms]
      [Choose CSet: 0.0 ms]
      [Ref Proc: 0.1 ms]
      [Ref Enq: 0.0 ms]
      [Redirty Cards: 0.1 ms]
      [Humongous Register: 0.1 ms]
      [Humongous Reclaim: 0.0 ms]
      [Free CSet: 0.0 ms]
   [Eden: 2048.0K(285.0M)->0.0B(264.0M) Survivors: 7168.0K->7168.0K Heap: 513.3M(1024.0M)->512.2M(1024.0M)]
 [Times: user=0.00 sys=0.00, real=0.00 secs] 
2020-10-28T19:17:35.707+0800: 1.059: [GC concurrent-root-region-scan-start]
2020-10-28T19:17:35.707+0800: 1.059: [GC concurrent-root-region-scan-end, 0.0001409 secs]
2020-10-28T19:17:35.707+0800: 1.059: [GC concurrent-mark-start]
2020-10-28T19:17:35.709+0800: 1.061: [GC concurrent-mark-end, 0.0020081 secs]
2020-10-28T19:17:35.709+0800: 1.061: [GC remark 2020-10-28T19:17:35.709+0800: 1.061: [Finalize Marking, 0.0001700 secs] 2020-10-28T19:17:35.709+0800: 1.062: [GC ref-proc, 0.0001385 secs] 2020-10-28T19:17:35.709+0800: 1.062: [Unloading, 0.0004853 secs], 0.0014462 secs]
 [Times: user=0.00 sys=0.00, real=0.00 secs] 
2020-10-28T19:17:35.711+0800: 1.063: [GC cleanup 528M->527M(1024M), 0.0006753 secs]
 [Times: user=0.00 sys=0.00, real=0.00 secs] 
2020-10-28T19:17:35.711+0800: 1.064: [GC concurrent-cleanup-start]
2020-10-28T19:17:35.711+0800: 1.064: [GC concurrent-cleanup-end, 0.0000079 secs]
Heap
 garbage-first heap   total 1048576K, used 761617K [0x00000000c0000000, 0x00000000c0102000, 0x0000000100000000)
  region size 1024K, 192 young (196608K), 7 survivors (7168K)
 Metaspace       used 2685K, capacity 4486K, committed 4864K, reserved 1056768K
  class space    used 289K, capacity 386K, committed 512K, reserved 1048576K
