Java HotSpot(TM) 64-Bit Server VM (25.171-b11) for windows-amd64 JRE (1.8.0_171-b11), built on Mar 28 2018 16:06:12 by "java_re" with MS VC++ 10.0 (VS2010)
Memory: 4k page, physical 16687584k(9789184k free), swap 19177952k(7739516k free)
CommandLine flags: -XX:InitialHeapSize=4294967296 -XX:MaxHeapSize=4294967296 -XX:+PrintGC -XX:+PrintGCDateStamps -XX:+PrintGCDetails -XX:+PrintGCTimeStamps -XX:+UseCompressedClassPointers -XX:+UseCompressedOops -XX:-UseLargePagesIndividualAllocation -XX:+UseParallelGC 
2020-10-28T19:17:27.753+0800: 0.529: [GC (Allocation Failure) [PSYoungGen: 1048576K->174589K(1223168K)] 1048576K->238809K(4019712K), 0.0298908 secs] [Times: user=0.03 sys=0.16, real=0.03 secs] 
2020-10-28T19:17:27.897+0800: 0.672: [GC (Allocation Failure) [PSYoungGen: 1223165K->174589K(1223168K)] 1287385K->364348K(4019712K), 0.0387528 secs] [Times: user=0.06 sys=0.13, real=0.04 secs] 
2020-10-28T19:17:28.039+0800: 0.815: [GC (Allocation Failure) [PSYoungGen: 1223165K->174590K(1223168K)] 1412924K->489349K(4019712K), 0.0327044 secs] [Times: user=0.14 sys=0.05, real=0.03 secs] 
2020-10-28T19:17:28.181+0800: 0.957: [GC (Allocation Failure) [PSYoungGen: 1223166K->174590K(1223168K)] 1537925K->609032K(4019712K), 0.0310485 secs] [Times: user=0.13 sys=0.06, real=0.03 secs] 
2020-10-28T19:17:28.316+0800: 1.092: [GC (Allocation Failure) [PSYoungGen: 1223166K->704K(1049600K)] 1657608K->435146K(3846144K), 0.0009663 secs] [Times: user=0.09 sys=0.00, real=0.00 secs] 
Heap
 PSYoungGen      total 1049600K, used 21675K [0x000000076ab00000, 0x00000007c0000000, 0x00000007c0000000)
  eden space 1048576K, 2% used [0x000000076ab00000,0x000000076bf7af98,0x00000007aab00000)
  from space 1024K, 68% used [0x00000007aab00000,0x00000007aabb0030,0x00000007aac00000)
  to   space 348160K, 0% used [0x00000007aac00000,0x00000007aac00000,0x00000007c0000000)
 ParOldGen       total 2796544K, used 434442K [0x00000006c0000000, 0x000000076ab00000, 0x000000076ab00000)
  object space 2796544K, 15% used [0x00000006c0000000,0x00000006da842950,0x000000076ab00000)
 Metaspace       used 2685K, capacity 4486K, committed 4864K, reserved 1056768K
  class space    used 289K, capacity 386K, committed 512K, reserved 1048576K
