Java HotSpot(TM) 64-Bit Server VM (25.171-b11) for windows-amd64 JRE (1.8.0_171-b11), built on Mar 28 2018 16:06:12 by "java_re" with MS VC++ 10.0 (VS2010)
Memory: 4k page, physical 16687584k(9864792k free), swap 19177952k(7744100k free)
CommandLine flags: -XX:InitialHeapSize=536870912 -XX:MaxHeapSize=536870912 -XX:+PrintGC -XX:+PrintGCDateStamps -XX:+PrintGCDetails -XX:+PrintGCTimeStamps -XX:+UseCompressedClassPointers -XX:+UseCompressedOops -XX:-UseLargePagesIndividualAllocation -XX:+UseSerialGC 
2020-10-28T19:17:18.784+0800: 0.155: [GC (Allocation Failure) 2020-10-28T19:17:18.784+0800: 0.155: [DefNew: 139776K->17472K(157248K), 0.0191374 secs] 139776K->45050K(506816K), 0.0192608 secs] [Times: user=0.02 sys=0.01, real=0.02 secs] 
2020-10-28T19:17:18.820+0800: 0.191: [GC (Allocation Failure) 2020-10-28T19:17:18.820+0800: 0.191: [DefNew: 157248K->17471K(157248K), 0.0274386 secs] 184826K->94535K(506816K), 0.0274839 secs] [Times: user=0.02 sys=0.00, real=0.03 secs] 
2020-10-28T19:17:18.864+0800: 0.235: [GC (Allocation Failure) 2020-10-28T19:17:18.864+0800: 0.235: [DefNew: 157247K->17471K(157248K), 0.0199048 secs] 234311K->136595K(506816K), 0.0199532 secs] [Times: user=0.02 sys=0.02, real=0.02 secs] 
2020-10-28T19:17:18.900+0800: 0.271: [GC (Allocation Failure) 2020-10-28T19:17:18.900+0800: 0.271: [DefNew: 157247K->17471K(157248K), 0.0204873 secs] 276371K->182129K(506816K), 0.0205447 secs] [Times: user=0.00 sys=0.02, real=0.02 secs] 
2020-10-28T19:17:18.938+0800: 0.310: [GC (Allocation Failure) 2020-10-28T19:17:18.938+0800: 0.310: [DefNew: 157247K->17471K(157248K), 0.0201255 secs] 321905K->226460K(506816K), 0.0201719 secs] [Times: user=0.01 sys=0.02, real=0.02 secs] 
2020-10-28T19:17:18.974+0800: 0.346: [GC (Allocation Failure) 2020-10-28T19:17:18.974+0800: 0.346: [DefNew: 157247K->17468K(157248K), 0.0168453 secs] 366236K->262832K(506816K), 0.0168885 secs] [Times: user=0.01 sys=0.00, real=0.02 secs] 
2020-10-28T19:17:19.006+0800: 0.378: [GC (Allocation Failure) 2020-10-28T19:17:19.006+0800: 0.378: [DefNew: 157244K->17471K(157248K), 0.0185103 secs] 402608K->302993K(506816K), 0.0185519 secs] [Times: user=0.00 sys=0.02, real=0.02 secs] 
2020-10-28T19:17:19.041+0800: 0.413: [GC (Allocation Failure) 2020-10-28T19:17:19.041+0800: 0.413: [DefNew: 157247K->17470K(157248K), 0.0208323 secs] 442769K->349738K(506816K), 0.0208738 secs] [Times: user=0.02 sys=0.00, real=0.02 secs] 
2020-10-28T19:17:19.077+0800: 0.448: [GC (Allocation Failure) 2020-10-28T19:17:19.077+0800: 0.448: [DefNew: 157246K->157246K(157248K), 0.0000131 secs]2020-10-28T19:17:19.077+0800: 0.448: [Tenured: 332267K->263927K(349568K), 0.0306945 secs] 489514K->263927K(506816K), [Metaspace: 2679K->2679K(1056768K)], 0.0307658 secs] [Times: user=0.03 sys=0.00, real=0.03 secs] 
2020-10-28T19:17:19.124+0800: 0.496: [GC (Allocation Failure) 2020-10-28T19:17:19.124+0800: 0.496: [DefNew: 139776K->17470K(157248K), 0.0051236 secs] 403703K->304789K(506816K), 0.0051643 secs] [Times: user=0.00 sys=0.00, real=0.00 secs] 
2020-10-28T19:17:19.146+0800: 0.517: [GC (Allocation Failure) 2020-10-28T19:17:19.146+0800: 0.517: [DefNew: 157246K->17468K(157248K), 0.0076331 secs] 444565K->345605K(506816K), 0.0076843 secs] [Times: user=0.00 sys=0.00, real=0.01 secs] 
2020-10-28T19:17:19.169+0800: 0.540: [GC (Allocation Failure) 2020-10-28T19:17:19.169+0800: 0.540: [DefNew: 157244K->157244K(157248K), 0.0000129 secs]2020-10-28T19:17:19.169+0800: 0.540: [Tenured: 328137K->307234K(349568K), 0.0347265 secs] 485381K->307234K(506816K), [Metaspace: 2679K->2679K(1056768K)], 0.0347900 secs] [Times: user=0.03 sys=0.00, real=0.04 secs] 
2020-10-28T19:17:19.219+0800: 0.590: [GC (Allocation Failure) 2020-10-28T19:17:19.219+0800: 0.590: [DefNew: 139776K->139776K(157248K), 0.0000136 secs]2020-10-28T19:17:19.219+0800: 0.590: [Tenured: 307234K->323139K(349568K), 0.0379273 secs] 447010K->323139K(506816K), [Metaspace: 2679K->2679K(1056768K)], 0.0379925 secs] [Times: user=0.05 sys=0.00, real=0.04 secs] 
2020-10-28T19:17:19.275+0800: 0.646: [GC (Allocation Failure) 2020-10-28T19:17:19.275+0800: 0.646: [DefNew: 139776K->139776K(157248K), 0.0000164 secs]2020-10-28T19:17:19.275+0800: 0.646: [Tenured: 323139K->306000K(349568K), 0.0442898 secs] 462915K->306000K(506816K), [Metaspace: 2679K->2679K(1056768K)], 0.0443650 secs] [Times: user=0.05 sys=0.00, real=0.04 secs] 
2020-10-28T19:17:19.335+0800: 0.707: [GC (Allocation Failure) 2020-10-28T19:17:19.335+0800: 0.707: [DefNew: 139620K->17471K(157248K), 0.0084946 secs] 445620K->355628K(506816K), 0.0085406 secs] [Times: user=0.00 sys=0.00, real=0.01 secs] 
2020-10-28T19:17:19.359+0800: 0.731: [GC (Allocation Failure) 2020-10-28T19:17:19.359+0800: 0.731: [DefNew: 157247K->157247K(157248K), 0.0000124 secs]2020-10-28T19:17:19.359+0800: 0.731: [Tenured: 338157K->345621K(349568K), 0.0384682 secs] 495404K->345621K(506816K), [Metaspace: 2679K->2679K(1056768K)], 0.0385299 secs] [Times: user=0.05 sys=0.00, real=0.04 secs] 
2020-10-28T19:17:19.414+0800: 0.785: [GC (Allocation Failure) 2020-10-28T19:17:19.414+0800: 0.785: [DefNew: 139776K->139776K(157248K), 0.0000130 secs]2020-10-28T19:17:19.414+0800: 0.785: [Tenured: 345621K->345740K(349568K), 0.0366620 secs] 485397K->345740K(506816K), [Metaspace: 2679K->2679K(1056768K)], 0.0367229 secs] [Times: user=0.03 sys=0.00, real=0.04 secs] 
2020-10-28T19:17:19.466+0800: 0.838: [GC (Allocation Failure) 2020-10-28T19:17:19.466+0800: 0.838: [DefNew: 139776K->139776K(157248K), 0.0000159 secs]2020-10-28T19:17:19.466+0800: 0.838: [Tenured: 345740K->349379K(349568K), 0.0416256 secs] 485516K->350292K(506816K), [Metaspace: 2679K->2679K(1056768K)], 0.0416941 secs] [Times: user=0.05 sys=0.00, real=0.04 secs] 
2020-10-28T19:17:19.525+0800: 0.897: [Full GC (Allocation Failure) 2020-10-28T19:17:19.525+0800: 0.897: [Tenured: 349379K->334750K(349568K), 0.0430066 secs] 506571K->334750K(506816K), [Metaspace: 2679K->2679K(1056768K)], 0.0430548 secs] [Times: user=0.05 sys=0.00, real=0.04 secs] 
2020-10-28T19:17:19.585+0800: 0.956: [GC (Allocation Failure) 2020-10-28T19:17:19.585+0800: 0.956: [DefNew: 139776K->139776K(157248K), 0.0000131 secs]2020-10-28T19:17:19.585+0800: 0.956: [Tenured: 334750K->349324K(349568K), 0.0298812 secs] 474526K->358117K(506816K), [Metaspace: 2679K->2679K(1056768K)], 0.0299476 secs] [Times: user=0.03 sys=0.00, real=0.03 secs] 
2020-10-28T19:17:19.633+0800: 1.004: [Full GC (Allocation Failure) 2020-10-28T19:17:19.633+0800: 1.004: [Tenured: 349378K->349402K(349568K), 0.0384512 secs] 506581K->363298K(506816K), [Metaspace: 2679K->2679K(1056768K)], 0.0384958 secs] [Times: user=0.03 sys=0.00, real=0.04 secs] 
2020-10-28T19:17:19.688+0800: 1.060: [Full GC (Allocation Failure) 2020-10-28T19:17:19.688+0800: 1.060: [Tenured: 349445K->349291K(349568K), 0.0446391 secs] 506688K->371251K(506816K), [Metaspace: 2679K->2679K(1056768K)], 0.0446927 secs] [Times: user=0.05 sys=0.00, real=0.05 secs] 
Heap
 def new generation   total 157248K, used 28189K [0x00000000e0000000, 0x00000000eaaa0000, 0x00000000eaaa0000)
  eden space 139776K,  20% used [0x00000000e0000000, 0x00000000e1b877b0, 0x00000000e8880000)
  from space 17472K,   0% used [0x00000000e9990000, 0x00000000e9990000, 0x00000000eaaa0000)
  to   space 17472K,   0% used [0x00000000e8880000, 0x00000000e8880000, 0x00000000e9990000)
 tenured generation   total 349568K, used 349291K [0x00000000eaaa0000, 0x0000000100000000, 0x0000000100000000)
   the space 349568K,  99% used [0x00000000eaaa0000, 0x00000000fffbae50, 0x00000000fffbb000, 0x0000000100000000)
 Metaspace       used 2685K, capacity 4486K, committed 4864K, reserved 1056768K
  class space    used 289K, capacity 386K, committed 512K, reserved 1048576K
