Java HotSpot(TM) 64-Bit Server VM (25.171-b11) for windows-amd64 JRE (1.8.0_171-b11), built on Mar 28 2018 16:06:12 by "java_re" with MS VC++ 10.0 (VS2010)
Memory: 4k page, physical 16687584k(9758540k free), swap 19177952k(7702596k free)
CommandLine flags: -XX:InitialHeapSize=1073741824 -XX:MaxHeapSize=1073741824 -XX:+PrintGC -XX:+PrintGCDateStamps -XX:+PrintGCDetails -XX:+PrintGCTimeStamps -XX:+UseCompressedClassPointers -XX:+UseCompressedOops -XX:-UseLargePagesIndividualAllocation -XX:+UseSerialGC 
2020-10-28T19:17:20.025+0800: 0.206: [GC (Allocation Failure) 2020-10-28T19:17:20.025+0800: 0.206: [DefNew: 279616K->34944K(314560K), 0.0341873 secs] 279616K->85876K(1013632K), 0.0342979 secs] [Times: user=0.02 sys=0.00, real=0.03 secs] 
2020-10-28T19:17:20.090+0800: 0.272: [GC (Allocation Failure) 2020-10-28T19:17:20.090+0800: 0.272: [DefNew: 314560K->34943K(314560K), 0.0464742 secs] 365492K->168120K(1013632K), 0.0465191 secs] [Times: user=0.02 sys=0.03, real=0.05 secs] 
2020-10-28T19:17:20.168+0800: 0.349: [GC (Allocation Failure) 2020-10-28T19:17:20.168+0800: 0.349: [DefNew: 314559K->34943K(314560K), 0.0364910 secs] 447736K->245280K(1013632K), 0.0365330 secs] [Times: user=0.03 sys=0.00, real=0.04 secs] 
2020-10-28T19:17:20.236+0800: 0.417: [GC (Allocation Failure) 2020-10-28T19:17:20.236+0800: 0.417: [DefNew: 314559K->34943K(314560K), 0.0357676 secs] 524896K->325265K(1013632K), 0.0358117 secs] [Times: user=0.03 sys=0.02, real=0.04 secs] 
2020-10-28T19:17:20.303+0800: 0.484: [GC (Allocation Failure) 2020-10-28T19:17:20.303+0800: 0.484: [DefNew: 314559K->34943K(314560K), 0.0339739 secs] 604881K->400785K(1013632K), 0.0340170 secs] [Times: user=0.02 sys=0.02, real=0.03 secs] 
2020-10-28T19:17:20.366+0800: 0.547: [GC (Allocation Failure) 2020-10-28T19:17:20.366+0800: 0.547: [DefNew: 314559K->34944K(314560K), 0.0358602 secs] 680401K->481869K(1013632K), 0.0359003 secs] [Times: user=0.00 sys=0.03, real=0.04 secs] 
2020-10-28T19:17:20.432+0800: 0.613: [GC (Allocation Failure) 2020-10-28T19:17:20.432+0800: 0.613: [DefNew: 314560K->34943K(314560K), 0.0348303 secs] 761485K->560926K(1013632K), 0.0348749 secs] [Times: user=0.00 sys=0.03, real=0.03 secs] 
2020-10-28T19:17:20.497+0800: 0.678: [GC (Allocation Failure) 2020-10-28T19:17:20.497+0800: 0.678: [DefNew: 314559K->34943K(314560K), 0.0395828 secs] 840542K->651147K(1013632K), 0.0396338 secs] [Times: user=0.03 sys=0.02, real=0.04 secs] 
2020-10-28T19:17:20.567+0800: 0.748: [GC (Allocation Failure) 2020-10-28T19:17:20.567+0800: 0.748: [DefNew: 314559K->314559K(314560K), 0.0000132 secs]2020-10-28T19:17:20.567+0800: 0.748: [Tenured: 616203K->365909K(699072K), 0.0382893 secs] 930763K->365909K(1013632K), [Metaspace: 2679K->2679K(1056768K)], 0.0383583 secs] [Times: user=0.03 sys=0.00, real=0.04 secs] 
2020-10-28T19:17:20.637+0800: 0.818: [GC (Allocation Failure) 2020-10-28T19:17:20.637+0800: 0.818: [DefNew: 279616K->34943K(314560K), 0.0098816 secs] 645525K->445993K(1013632K), 0.0099250 secs] [Times: user=0.01 sys=0.00, real=0.01 secs] 
2020-10-28T19:17:20.678+0800: 0.859: [GC (Allocation Failure) 2020-10-28T19:17:20.678+0800: 0.859: [DefNew: 314559K->34943K(314560K), 0.0150489 secs] 725609K->523075K(1013632K), 0.0150930 secs] [Times: user=0.02 sys=0.00, real=0.02 secs] 
2020-10-28T19:17:20.723+0800: 0.904: [GC (Allocation Failure) 2020-10-28T19:17:20.723+0800: 0.904: [DefNew: 314559K->34943K(314560K), 0.0141890 secs] 802691K->603366K(1013632K), 0.0142340 secs] [Times: user=0.02 sys=0.00, real=0.01 secs] 
2020-10-28T19:17:20.767+0800: 0.948: [GC (Allocation Failure) 2020-10-28T19:17:20.767+0800: 0.948: [DefNew: 314559K->34942K(314560K), 0.0227782 secs] 882982K->685095K(1013632K), 0.0228195 secs] [Times: user=0.03 sys=0.00, real=0.02 secs] 
2020-10-28T19:17:20.819+0800: 1.001: [GC (Allocation Failure) 2020-10-28T19:17:20.819+0800: 1.001: [DefNew: 314558K->314558K(314560K), 0.0000130 secs]2020-10-28T19:17:20.819+0800: 1.001: [Tenured: 650153K->401122K(699072K), 0.0435156 secs] 964711K->401122K(1013632K), [Metaspace: 2679K->2679K(1056768K)], 0.0435774 secs] [Times: user=0.03 sys=0.00, real=0.04 secs] 
2020-10-28T19:17:20.894+0800: 1.075: [GC (Allocation Failure) 2020-10-28T19:17:20.894+0800: 1.075: [DefNew: 279616K->34943K(314560K), 0.0113747 secs] 680738K->494291K(1013632K), 0.0114238 secs] [Times: user=0.01 sys=0.00, real=0.01 secs] 
Heap
 def new generation   total 314560K, used 46237K [0x00000000c0000000, 0x00000000d5550000, 0x00000000d5550000)
  eden space 279616K,   4% used [0x00000000c0000000, 0x00000000c0b07550, 0x00000000d1110000)
  from space 34944K,  99% used [0x00000000d3330000, 0x00000000d554fec8, 0x00000000d5550000)
  to   space 34944K,   0% used [0x00000000d1110000, 0x00000000d1110000, 0x00000000d3330000)
 tenured generation   total 699072K, used 459347K [0x00000000d5550000, 0x0000000100000000, 0x0000000100000000)
   the space 699072K,  65% used [0x00000000d5550000, 0x00000000f15e4e08, 0x00000000f15e5000, 0x0000000100000000)
 Metaspace       used 2685K, capacity 4486K, committed 4864K, reserved 1056768K
  class space    used 289K, capacity 386K, committed 512K, reserved 1048576K
